Archive member included to satisfy reference by file (symbol)

/Users/tyler/.pico-sdk/toolchain/13_2_Rel1/bin/../lib/gcc/arm-none-eabi/13.2.1/thumb/v6-m/nofp/libgcc.a(_dvmd_tls.o)
                              CMakeFiles/realtime.dir/Users/tyler/.pico-sdk/sdk/2.0.0/src/rp2_common/pico_divider/divider_hardware.S.obj (__aeabi_idiv0)
/Users/tyler/.pico-sdk/toolchain/13_2_Rel1/bin/../lib/gcc/arm-none-eabi/13.2.1/../../../../arm-none-eabi/lib/thumb/v6-m/nofp/libg.a(libc_a-calloc.o)
                              CMakeFiles/realtime.dir/Users/tyler/.pico-sdk/sdk/2.0.0/src/rp2_common/pico_malloc/malloc.c.obj (calloc)
/Users/tyler/.pico-sdk/toolchain/13_2_Rel1/bin/../lib/gcc/arm-none-eabi/13.2.1/../../../../arm-none-eabi/lib/thumb/v6-m/nofp/libg.a(libc_a-callocr.o)
                              /Users/tyler/.pico-sdk/toolchain/13_2_Rel1/bin/../lib/gcc/arm-none-eabi/13.2.1/../../../../arm-none-eabi/lib/thumb/v6-m/nofp/libg.a(libc_a-calloc.o) (_calloc_r)
/Users/tyler/.pico-sdk/toolchain/13_2_Rel1/bin/../lib/gcc/arm-none-eabi/13.2.1/../../../../arm-none-eabi/lib/thumb/v6-m/nofp/libg.a(libc_a-malloc.o)
                              CMakeFiles/realtime.dir/Users/tyler/.pico-sdk/sdk/2.0.0/src/rp2_common/pico_malloc/malloc.c.obj (malloc)
/Users/tyler/.pico-sdk/toolchain/13_2_Rel1/bin/../lib/gcc/arm-none-eabi/13.2.1/../../../../arm-none-eabi/lib/thumb/v6-m/nofp/libg.a(libc_a-mallocr.o)
                              /Users/tyler/.pico-sdk/toolchain/13_2_Rel1/bin/../lib/gcc/arm-none-eabi/13.2.1/../../../../arm-none-eabi/lib/thumb/v6-m/nofp/libg.a(libc_a-callocr.o) (_malloc_r)
/Users/tyler/.pico-sdk/toolchain/13_2_Rel1/bin/../lib/gcc/arm-none-eabi/13.2.1/../../../../arm-none-eabi/lib/thumb/v6-m/nofp/libg.a(libc_a-mlock.o)
                              /Users/tyler/.pico-sdk/toolchain/13_2_Rel1/bin/../lib/gcc/arm-none-eabi/13.2.1/../../../../arm-none-eabi/lib/thumb/v6-m/nofp/libg.a(libc_a-mallocr.o) (__malloc_lock)
/Users/tyler/.pico-sdk/toolchain/13_2_Rel1/bin/../lib/gcc/arm-none-eabi/13.2.1/../../../../arm-none-eabi/lib/thumb/v6-m/nofp/libg.a(libc_a-realloc.o)
                              CMakeFiles/realtime.dir/Users/tyler/.pico-sdk/sdk/2.0.0/src/rp2_common/pico_malloc/malloc.c.obj (realloc)
/Users/tyler/.pico-sdk/toolchain/13_2_Rel1/bin/../lib/gcc/arm-none-eabi/13.2.1/../../../../arm-none-eabi/lib/thumb/v6-m/nofp/libg.a(libc_a-reallocr.o)
                              /Users/tyler/.pico-sdk/toolchain/13_2_Rel1/bin/../lib/gcc/arm-none-eabi/13.2.1/../../../../arm-none-eabi/lib/thumb/v6-m/nofp/libg.a(libc_a-realloc.o) (_realloc_r)
/Users/tyler/.pico-sdk/toolchain/13_2_Rel1/bin/../lib/gcc/arm-none-eabi/13.2.1/../../../../arm-none-eabi/lib/thumb/v6-m/nofp/libg.a(libc_a-memcmp.o)
                              CMakeFiles/realtime.dir/Users/tyler/.pico-sdk/sdk/2.0.0/src/rp2_common/pico_atomic/atomic.c.obj (memcmp)
/Users/tyler/.pico-sdk/toolchain/13_2_Rel1/bin/../lib/gcc/arm-none-eabi/13.2.1/../../../../arm-none-eabi/lib/thumb/v6-m/nofp/libg.a(libc_a-memmove.o)
                              CMakeFiles/realtime.dir/Users/tyler/.pico-sdk/sdk/2.0.0/lib/cyw43-driver/src/cyw43_ll.c.obj (memmove)
/Users/tyler/.pico-sdk/toolchain/13_2_Rel1/bin/../lib/gcc/arm-none-eabi/13.2.1/../../../../arm-none-eabi/lib/thumb/v6-m/nofp/libg.a(libc_a-strncmp.o)
                              CMakeFiles/realtime.dir/Users/tyler/.pico-sdk/sdk/2.0.0/lib/cyw43-driver/src/cyw43_ll.c.obj (strncmp)
/Users/tyler/.pico-sdk/toolchain/13_2_Rel1/bin/../lib/gcc/arm-none-eabi/13.2.1/../../../../arm-none-eabi/lib/thumb/v6-m/nofp/libg.a(libc_a-lcltime_r.o)
                              CMakeFiles/realtime.dir/Users/tyler/.pico-sdk/sdk/2.0.0/src/common/pico_util/datetime.c.obj (localtime_r)
/Users/tyler/.pico-sdk/toolchain/13_2_Rel1/bin/../lib/gcc/arm-none-eabi/13.2.1/../../../../arm-none-eabi/lib/thumb/v6-m/nofp/libg.a(libc_a-mktime.o)
                              CMakeFiles/realtime.dir/Users/tyler/.pico-sdk/sdk/2.0.0/src/common/pico_util/datetime.c.obj (mktime)
/Users/tyler/.pico-sdk/toolchain/13_2_Rel1/bin/../lib/gcc/arm-none-eabi/13.2.1/../../../../arm-none-eabi/lib/thumb/v6-m/nofp/libg.a(libc_a-month_lengths.o)
                              /Users/tyler/.pico-sdk/toolchain/13_2_Rel1/bin/../lib/gcc/arm-none-eabi/13.2.1/../../../../arm-none-eabi/lib/thumb/v6-m/nofp/libg.a(libc_a-lcltime_r.o) (__month_lengths)
/Users/tyler/.pico-sdk/toolchain/13_2_Rel1/bin/../lib/gcc/arm-none-eabi/13.2.1/../../../../arm-none-eabi/lib/thumb/v6-m/nofp/libg.a(libc_a-tzcalc_limits.o)
                              /Users/tyler/.pico-sdk/toolchain/13_2_Rel1/bin/../lib/gcc/arm-none-eabi/13.2.1/../../../../arm-none-eabi/lib/thumb/v6-m/nofp/libg.a(libc_a-lcltime_r.o) (__tzcalc_limits)
/Users/tyler/.pico-sdk/toolchain/13_2_Rel1/bin/../lib/gcc/arm-none-eabi/13.2.1/../../../../arm-none-eabi/lib/thumb/v6-m/nofp/libg.a(libc_a-tzlock.o)
[...]
Memory Configuration

Name             Origin             Length             Attributes
FLASH            0x10000000         0x00200000         xr
RAM              0x20000000         0x00040000         xrw
SCRATCH_X        0x20040000         0x00001000         xrw
SCRATCH_Y        0x20041000         0x00001000         xrw
*default*        0x00000000         0xffffffff

Linker script and memory map

LOAD /Users/tyler/.pico-sdk/toolchain/13_2_Rel1/bin/../lib/gcc/arm-none-eabi/13.2.1/thumb/v6-m/nofp/crti.o
LOAD /Users/tyler/.pico-sdk/toolchain/13_2_Rel1/bin/../lib/gcc/arm-none-eabi/13.2.1/thumb/v6-m/nofp/crtbegin.o
LOAD /Users/tyler/.pico-sdk/toolchain/13_2_Rel1/bin/../lib/gcc/arm-none-eabi/13.2.1/../../../../arm-none-eabi/lib/thumb/v6-m/nofp/crt0.o

.flash_begin    0x10000000        0x0
                0x10000000                        __flash_binary_start = .

.boot2          0x10000000      0x100
                0x10000000                        __boot2_start__ = .
 *(.boot2)
 .boot2         0x10000000      0x100 /var/folders/cn/l2m7nyjd7ws0f_2zs76zqnjm0000gn/T//cc7P85eh.o
                0x10000100                        __boot2_end__ = .
                0x00000001                        ASSERT (((__boot2_end__ - __boot2_start__) == 0x100), ERROR: Pico second stage bootloader must be 256 bytes in size)

.text           0x10000100     0x2658
                0x10000100                        __logical_binary_start = .
 *(.vectors)
 .vectors       0x10000100       0xd4 CMakeFiles/realtime.dir/Users/tyler/.pico-sdk/sdk/2.0.0/src/rp2_common/pico_crt0/crt0.S.obj
                0x10000100                __VECTOR_TABLE
                0x10000100                __vectors
                0x100001c0                __default_isrs_start
                0x100001c0                isr_invalid
                0x100001c2                isr_nmi
                0x100001c4                isr_hardfault
                0x100001c6                isr_svcall
                0x100001c8                isr_pendsv
                0x100001ca                isr_systick
                0x100001cc                isr_irq28
                0x100001cc                isr_irq19
                0x100001cc                isr_irq0
                0x100001cc                isr_irq6
                0x100001cc                isr_irq22
                0x100001cc                isr_irq17
                0x100001cc                isr_irq14
                0x100001cc                isr_irq2
                0x100001cc                isr_irq10
                0x100001cc                isr_irq8
                0x100001cc                isr_irq24
                0x100001cc                isr_irq1
                0x100001cc                isr_irq7
                0x100001cc                isr_irq21
                0x100001cc                isr_irq20
                0x100001cc                isr_irq15
                0x100001cc                isr_irq25
                0x100001cc                isr_irq4
                0x100001cc                isr_irq16
                0x100001cc                isr_irq29
                0x100001cc                isr_irq26
                0x100001cc                __default_isrs_end
                0x100001cc                isr_irq3
                0x100001cc                isr_irq9
                0x100001cc                __unhandled_user_irq
                0x100001cc                isr_irq13
                0x100001cc                isr_irq27
                0x100001cc                isr_irq31
                0x100001cc                isr_irq5
                0x100001cc                isr_irq11
                0x100001cc                isr_irq23
                0x100001cc                isr_irq18
                0x100001cc                isr_irq30
                0x100001cc                isr_irq12
                0x100001d2                unhandled_user_irq_num_in_r0
 *(.binary_info_header)
 .binary_info_header
                0x100001d4       0x14 CMakeFiles/realtime.dir/Users/tyler/.pico-sdk/sdk/2.0.0/src/rp2_common/pico_crt0/crt0.S.obj
                0x100001e8                        __binary_info_header_end = .
 *(.embedded_block)
                0x100001e8                        __embedded_block_end = .
 *(.reset)
 .reset         0x100001e8       0x9c CMakeFiles/realtime.dir/Users/tyler/.pico-sdk/sdk/2.0.0/src/rp2_common/pico_crt0/crt0.S.obj
                0x100001e8                _entry_point
 *(.init)
 .init          0x10000284        0x4 /Users/tyler/.pico-sdk/toolchain/13_2_Rel1/bin/../lib/gcc/arm-none-eabi/13.2.1/thumb/v6-m/nofp/crti.o
                0x10000284                _init
 *(EXCLUDE_FILE(*libm.a: *libc.a:*lib_a-mem*.o *libgcc.a:) .text*)
 .text.register_tm_clones
                0x10000288       0x28 /Users/tyler/.pico-sdk/toolchain/13_2_Rel1/bin/../lib/gcc/arm-none-eabi/13.2.1/thumb/v6-m/nofp/crtbegin.o
 .text.frame_dummy
                0x100002b0       0x24 /Users/tyler/.pico-sdk/toolchain/13_2_Rel1/bin/../lib/gcc/arm-none-eabi/13.2.1/thumb/v6-m/nofp/crtbegin.o
 .text.startup.main
                0x100002d4        0x4 CMakeFiles/realtime.dir/main.c.obj
                0x100002d4                main
 .text.panic    0x100002d8       0x30 CMakeFiles/realtime.dir/Users/tyler/.pico-sdk/sdk/2.0.0/src/rp2_common/pico_platform_panic/panic.c.obj
                0x100002d8                panic
 .text.hw_claim_or_assert
                0x10000308       0x44 CMakeFiles/realtime.dir/Users/tyler/.pico-sdk/sdk/2.0.0/src/common/hardware_claim/claim.c.obj
                0x10000308                hw_claim_or_assert
 .text.next_striped_spin_lock_num
                0x1000034c       0x18 CMakeFiles/realtime.dir/Users/tyler/.pico-sdk/sdk/2.0.0/src/rp2_common/hardware_sync/sync.c.obj
                0x1000034c                next_striped_spin_lock_num
 .text.spin_locks_reset
                0x10000364       0x1c CMakeFiles/realtime.dir/Users/tyler/.pico-sdk/sdk/2.0.0/src/rp2_common/hardware_sync_spin_lock/sync_spin_lock.c.obj
                0x10000364                spin_locks_reset
 .text.runtime_init_per_core_irq_priorities
                0x10000380       0x24 CMakeFiles/realtime.dir/Users/tyler/.pico-sdk/sdk/2.0.0/src/rp2_common/hardware_irq/irq.c.obj
                0x10000380                runtime_init_per_core_irq_priorities
 .text.irq_set_enabled
                0x100003a4       0x24 CMakeFiles/realtime.dir/Users/tyler/.pico-sdk/sdk/2.0.0/src/rp2_common/hardware_irq/irq.c.obj
                0x100003a4                irq_set_enabled
 .text.irq_set_exclusive_handler
                0x100003c8       0x54 CMakeFiles/realtime.dir/Users/tyler/.pico-sdk/sdk/2.0.0/src/rp2_common/hardware_irq/irq.c.obj
                0x100003c8                irq_set_exclusive_handler
 .text.lock_init
                0x1000041c       0x10 CMakeFiles/realtime.dir/Users/tyler/.pico-sdk/sdk/2.0.0/src/common/pico_sync/lock_core.c.obj
                0x1000041c                lock_init
 .text.runtime_init_mutex
                0x1000042c       0x54 CMakeFiles/realtime.dir/Users/tyler/.pico-sdk/sdk/2.0.0/src/common/pico_sync/mutex.c.obj
                0x1000042c                runtime_init_mutex
 .text.alarm_pool_irq_handler
                0x10000480      0x2e4 CMakeFiles/realtime.dir/Users/tyler/.pico-sdk/sdk/2.0.0/src/common/pico_time/time.c.obj
 .text.sleep_until_callback
                0x10000764       0x24 CMakeFiles/realtime.dir/Users/tyler/.pico-sdk/sdk/2.0.0/src/common/pico_time/time.c.obj
 .text.runtime_init_default_alarm_pool
                0x10000788       0xdc CMakeFiles/realtime.dir/Users/tyler/.pico-sdk/sdk/2.0.0/src/common/pico_time/time.c.obj
                0x10000788                runtime_init_default_alarm_pool
 .text.alarm_pool_cancel_alarm
                0x10000864       0x74 CMakeFiles/realtime.dir/Users/tyler/.pico-sdk/sdk/2.0.0/src/common/pico_time/time.c.obj
                0x10000864                alarm_pool_cancel_alarm
 .text.best_effort_wfe_or_timeout
                0x100008d8      0x134 CMakeFiles/realtime.dir/Users/tyler/.pico-sdk/sdk/2.0.0/src/common/pico_time/time.c.obj
                0x100008d8                best_effort_wfe_or_timeout
 .text.timer_hardware_alarm_claim
                0x10000a0c       0x14 CMakeFiles/realtime.dir/Users/tyler/.pico-sdk/sdk/2.0.0/src/rp2_common/hardware_timer/timer.c.obj
                0x10000a0c                timer_hardware_alarm_claim
 .text.timer_time_us_64
                0x10000a20       0x10 CMakeFiles/realtime.dir/Users/tyler/.pico-sdk/sdk/2.0.0/src/rp2_common/hardware_timer/timer.c.obj
                0x10000a20                timer_time_us_64
 .text.time_us_64
                0x10000a30       0x14 CMakeFiles/realtime.dir/Users/tyler/.pico-sdk/sdk/2.0.0/src/rp2_common/hardware_timer/timer.c.obj
                0x10000a30                time_us_64
 .text.clock_configure_int_divider
                0x10000a44       0xf4 CMakeFiles/realtime.dir/Users/tyler/.pico-sdk/sdk/2.0.0/src/rp2_common/hardware_clocks/clocks.c.obj
                0x10000a44                clock_configure_int_divider
 .text.clock_configure_undivided
                0x10000b38       0xe8 CMakeFiles/realtime.dir/Users/tyler/.pico-sdk/sdk/2.0.0/src/rp2_common/hardware_clocks/clocks.c.obj
                0x10000b38                clock_configure_undivided
 .text.clock_get_hz
                0x10000c20        0xc CMakeFiles/realtime.dir/Users/tyler/.pico-sdk/sdk/2.0.0/src/rp2_common/hardware_clocks/clocks.c.obj
                0x10000c20                clock_get_hz
 .text.pll_init
                0x10000c2c       0xa4 CMakeFiles/realtime.dir/Users/tyler/.pico-sdk/sdk/2.0.0/src/rp2_common/hardware_pll/pll.c.obj
                0x10000c2c                pll_init
 .text.tick_start
                0x10000cd0       0x10 CMakeFiles/realtime.dir/Users/tyler/.pico-sdk/sdk/2.0.0/src/rp2_common/hardware_ticks/ticks.c.obj
                0x10000cd0                tick_start
 .text.xosc_init
                0x10000ce0       0x28 CMakeFiles/realtime.dir/Users/tyler/.pico-sdk/sdk/2.0.0/src/rp2_common/hardware_xosc/xosc.c.obj
                0x10000ce0                xosc_init
 .text.first_per_core_initializer
                0x10000d08        0x4 CMakeFiles/realtime.dir/Users/tyler/.pico-sdk/sdk/2.0.0/src/rp2_common/pico_runtime/runtime.c.obj
 .text.hard_assertion_failure
                0x10000d0c        0xc CMakeFiles/realtime.dir/Users/tyler/.pico-sdk/sdk/2.0.0/src/rp2_common/pico_runtime/runtime.c.obj
                0x10000d0c                hard_assertion_failure
 .text.runtime_run_initializers
                0x10000d18       0x28 CMakeFiles/realtime.dir/Users/tyler/.pico-sdk/sdk/2.0.0/src/rp2_common/pico_runtime/runtime.c.obj
                0x10000d18                runtime_run_initializers
 .text.runtime_init_early_resets
                0x10000d40       0x2c CMakeFiles/realtime.dir/Users/tyler/.pico-sdk/sdk/2.0.0/src/rp2_common/pico_runtime_init/runtime_init.c.obj
                0x10000d40                runtime_init_early_resets
 .text.runtime_init_usb_power_down
                0x10000d6c       0x1c CMakeFiles/realtime.dir/Users/tyler/.pico-sdk/sdk/2.0.0/src/rp2_common/pico_runtime_init/runtime_init.c.obj
                0x10000d6c                runtime_init_usb_power_down
 .text.runtime_init_post_clock_resets
                0x10000d88       0x20 CMakeFiles/realtime.dir/Users/tyler/.pico-sdk/sdk/2.0.0/src/rp2_common/pico_runtime_init/runtime_init.c.obj
                0x10000d88                runtime_init_post_clock_resets
 .text.runtime_init_rp2040_gpio_ie_disable
                0x10000da8       0x14 CMakeFiles/realtime.dir/Users/tyler/.pico-sdk/sdk/2.0.0/src/rp2_common/pico_runtime_init/runtime_init.c.obj
                0x10000da8                runtime_init_rp2040_gpio_ie_disable
 .text.runtime_init_spin_locks_reset
                0x10000dbc        0x8 CMakeFiles/realtime.dir/Users/tyler/.pico-sdk/sdk/2.0.0/src/rp2_common/pico_runtime_init/runtime_init.c.obj
                0x10000dbc                runtime_init_spin_locks_reset
 .text.runtime_init_install_ram_vector_table
                0x10000dc4       0x1c CMakeFiles/realtime.dir/Users/tyler/.pico-sdk/sdk/2.0.0/src/rp2_common/pico_runtime_init/runtime_init.c.obj
                0x10000dc4                runtime_init_install_ram_vector_table
 .text.runtime_init_clocks
                0x10000de0       0xd8 CMakeFiles/realtime.dir/Users/tyler/.pico-sdk/sdk/2.0.0/src/rp2_common/pico_runtime_init/runtime_init_clocks.c.obj
                0x10000de0                runtime_init_clocks
 .text          0x10000eb8       0x10 CMakeFiles/realtime.dir/Users/tyler/.pico-sdk/sdk/2.0.0/src/rp2_common/pico_bit_ops/bit_ops_aeabi.S.obj
 .text.rom_func_lookup
                0x10000ec8       0x10 CMakeFiles/realtime.dir/Users/tyler/.pico-sdk/sdk/2.0.0/src/rp2_common/pico_bootrom/bootrom.c.obj
                0x10000ec8                rom_func_lookup
 .text.rom_data_lookup
                0x10000ed8       0x10 CMakeFiles/realtime.dir/Users/tyler/.pico-sdk/sdk/2.0.0/src/rp2_common/pico_bootrom/bootrom.c.obj
                0x10000ed8                rom_data_lookup
 .text.rom_funcs_lookup
                0x10000ee8       0x44 CMakeFiles/realtime.dir/Users/tyler/.pico-sdk/sdk/2.0.0/src/rp2_common/pico_bootrom/bootrom.c.obj
                0x10000ee8                rom_funcs_lookup
 .text.rom_reset_usb_boot
                0x10000f2c       0x20 CMakeFiles/realtime.dir/Users/tyler/.pico-sdk/sdk/2.0.0/src/rp2_common/pico_bootrom/bootrom.c.obj
                0x10000f2c                rom_reset_usb_boot
 .text.__wrap___aeabi_uidiv
                0x10000f4c       0x4c CMakeFiles/realtime.dir/Users/tyler/.pico-sdk/sdk/2.0.0/src/rp2_common/pico_divider/divider_hardware.S.obj
                0x10000f4c                __wrap___aeabi_uidiv
                0x10000f4c                __wrap___aeabi_uidivmod
                0x10000f4c                div_u32u32
                0x10000f4c                divmod_u32u32
                0x10000f54                divmod_u32u32_unsafe
                0x10000f7c                divmod_u32u32_savestate
 .text.__wrap___aeabi_ldiv
                0x10000f98      0x424 CMakeFiles/realtime.dir/Users/tyler/.pico-sdk/sdk/2.0.0/src/rp2_common/pico_divider/divider_hardware.S.obj
                0x10000f98                __wrap___aeabi_ldivmod
                0x10000f98                div_s64s64
                0x10000f98                divmod_s64s64
                0x10000fc8                divmod_u64u64
                0x10000fc8                div_u64u64
                0x10000fc8                __wrap___aeabi_uldivmod
                0x10000fd8                divmod_u64u64_savestate
                0x10000ff8                divmod_s64s64_unsafe
                0x10001080                divmod_u64u64_unsafe
 .text.missing_double_func_shim
                0x100013bc        0xc CMakeFiles/realtime.dir/Users/tyler/.pico-sdk/sdk/2.0.0/src/rp2_common/pico_double/double_init_rom_rp2040.c.obj
 .text.__aeabi_double_init
                0x100013c8       0xa0 CMakeFiles/realtime.dir/Users/tyler/.pico-sdk/sdk/2.0.0/src/rp2_common/pico_double/double_init_rom_rp2040.c.obj
                0x100013c8                __aeabi_double_init
 .text.double_table_shim_on_use_helper
                0x10001468       0x2c CMakeFiles/realtime.dir/Users/tyler/.pico-sdk/sdk/2.0.0/src/rp2_common/pico_double/double_v1_rom_shim_rp2040.S.obj
                0x10001468                double_table_shim_on_use_helper
 .text.missing_float_func_shim
                0x10001494        0xc CMakeFiles/realtime.dir/Users/tyler/.pico-sdk/sdk/2.0.0/src/rp2_common/pico_float/float_init_rom_rp2040.c.obj
 .text.__aeabi_float_init
                0x100014a0       0x5c CMakeFiles/realtime.dir/Users/tyler/.pico-sdk/sdk/2.0.0/src/rp2_common/pico_float/float_init_rom_rp2040.c.obj
                0x100014a0                __aeabi_float_init
 .text          0x100014fc       0x10 CMakeFiles/realtime.dir/Users/tyler/.pico-sdk/sdk/2.0.0/src/rp2_common/pico_mem_ops/mem_ops_aeabi.S.obj
                0x100014fc                __aeabi_mem_init
 .text.memset   0x1000150c        0xc CMakeFiles/realtime.dir/Users/tyler/.pico-sdk/sdk/2.0.0/src/rp2_common/pico_mem_ops/mem_ops_aeabi.S.obj
                0x1000150c                __wrap_memset
 .text.memcpy   0x10001518        0xc CMakeFiles/realtime.dir/Users/tyler/.pico-sdk/sdk/2.0.0/src/rp2_common/pico_mem_ops/mem_ops_aeabi.S.obj
                0x10001518                __wrap___aeabi_memcpy
                0x10001518                __wrap_memcpy
 .text._out_char
                0x10001524       0x10 CMakeFiles/realtime.dir/Users/tyler/.pico-sdk/sdk/2.0.0/src/rp2_common/pico_printf/printf.c.obj
 .text.weak_raw_vprintf
                0x10001534       0x30 CMakeFiles/realtime.dir/Users/tyler/.pico-sdk/sdk/2.0.0/src/rp2_common/pico_printf/printf.c.obj
                0x10001534                weak_raw_vprintf
 .text._exit    0x10001564        0xc CMakeFiles/realtime.dir/Users/tyler/.pico-sdk/sdk/2.0.0/src/rp2_common/pico_clib_interface/newlib_interface.c.obj
                0x10001564                _exit
 .text.exit     0x10001570        0x8 CMakeFiles/realtime.dir/Users/tyler/.pico-sdk/sdk/2.0.0/src/rp2_common/pico_clib_interface/newlib_interface.c.obj
                0x10001570                exit
 .text.runtime_init
                0x10001578       0x2c CMakeFiles/realtime.dir/Users/tyler/.pico-sdk/sdk/2.0.0/src/rp2_common/pico_clib_interface/newlib_interface.c.obj
                0x10001578                runtime_init
 .text.stdio_out_chars_no_crlf
                0x100015a4       0x10 CMakeFiles/realtime.dir/Users/tyler/.pico-sdk/sdk/2.0.0/src/rp2_common/pico_stdio/stdio.c.obj
 .text.stdio_out_chars_crlf
                0x100015b4       0x94 CMakeFiles/realtime.dir/Users/tyler/.pico-sdk/sdk/2.0.0/src/rp2_common/pico_stdio/stdio.c.obj
 .text.stdio_put_string
                0x10001648      0x100 CMakeFiles/realtime.dir/Users/tyler/.pico-sdk/sdk/2.0.0/src/rp2_common/pico_stdio/stdio.c.obj
                0x10001648                stdio_put_string
 .text.__wrap_putchar
                0x10001748       0x98 CMakeFiles/realtime.dir/Users/tyler/.pico-sdk/sdk/2.0.0/src/rp2_common/pico_stdio/stdio.c.obj
                0x10001748                stdio_putchar
                0x10001748                __wrap_putchar
 .text.__wrap_puts
                0x100017e0       0x3c CMakeFiles/realtime.dir/Users/tyler/.pico-sdk/sdk/2.0.0/src/rp2_common/pico_stdio/stdio.c.obj
                0x100017e0                __wrap_puts
                0x100017e0                stdio_puts
 .text.startup._retrieve_unique_id_on_boot
                0x1000181c       0x10 CMakeFiles/realtime.dir/Users/tyler/.pico-sdk/sdk/2.0.0/src/rp2_common/pico_unique_id/unique_id.c.obj
 .text.flash_get_unique_id
                0x1000182c       0x3c CMakeFiles/realtime.dir/Users/tyler/.pico-sdk/sdk/2.0.0/src/rp2_common/hardware_flash/flash.c.obj
                0x1000182c                flash_get_unique_id
 .text.pvPortMalloc
                0x10001868      0x124 CMakeFiles/realtime.dir/__/lib/freertos/portable/MemMang/heap_4.c.obj
                0x10001868                pvPortMalloc
 .text.vPortYield
                0x1000198c       0x18 CMakeFiles/realtime.dir/__/lib/freertos/portable/ThirdParty/GCC/RP2040/port.c.obj
                0x1000198c                vPortYield
 .text.vPortEnterCritical
                0x100019a4       0x18 CMakeFiles/realtime.dir/__/lib/freertos/portable/ThirdParty/GCC/RP2040/port.c.obj
                0x100019a4                vPortEnterCritical
 .text.vPortExitCritical
                0x100019bc       0x34 CMakeFiles/realtime.dir/__/lib/freertos/portable/ThirdParty/GCC/RP2040/port.c.obj
                0x100019bc                vPortExitCritical
 .text.ulSetInterruptMaskFromISR
                0x100019f0        0x8 CMakeFiles/realtime.dir/__/lib/freertos/portable/ThirdParty/GCC/RP2040/port.c.obj
                0x100019f0                ulSetInterruptMaskFromISR
 .text.vClearInterruptMaskFromISR
                0x100019f8        0x8 CMakeFiles/realtime.dir/__/lib/freertos/portable/ThirdParty/GCC/RP2040/port.c.obj
                0x100019f8                vClearInterruptMaskFromISR
 .text.ulPortLockGetCurrentOwnerId
                0x10001a00       0x2c CMakeFiles/realtime.dir/__/lib/freertos/portable/ThirdParty/GCC/RP2040/port.c.obj
                0x10001a00                ulPortLockGetCurrentOwnerId
 .text.vPortLockInternalSpinUnlockWithNotify
                0x10001a2c       0xc8 CMakeFiles/realtime.dir/__/lib/freertos/portable/ThirdParty/GCC/RP2040/port.c.obj
                0x10001a2c                vPortLockInternalSpinUnlockWithNotify
 .text.xPortLockInternalSpinUnlockWithBestEffortWaitOrTimeout
                0x10001af4       0xfc CMakeFiles/realtime.dir/__/lib/freertos/portable/ThirdParty/GCC/RP2040/port.c.obj
                0x10001af4                xPortLockInternalSpinUnlockWithBestEffortWaitOrTimeout
 .text.startup.prvRuntimeInitializer
                0x10001bf0       0x28 CMakeFiles/realtime.dir/__/lib/freertos/portable/ThirdParty/GCC/RP2040/port.c.obj
 .text.vEventGroupSetBitsCallback
                0x10001c18       0x90 CMakeFiles/realtime.dir/__/lib/freertos/event_groups.c.obj
                0x10001c18                vEventGroupSetBitsCallback
 .text.xEventGroupCreate
                0x10001ca8       0x18 CMakeFiles/realtime.dir/__/lib/freertos/event_groups.c.obj
                0x10001ca8                xEventGroupCreate
 .text.xEventGroupWaitBits
                0x10001cc0       0xb8 CMakeFiles/realtime.dir/__/lib/freertos/event_groups.c.obj
                0x10001cc0                xEventGroupWaitBits
 .text.xEventGroupSetBits
                0x10001d78       0x9c CMakeFiles/realtime.dir/__/lib/freertos/event_groups.c.obj
                0x10001d78                xEventGroupSetBits
 .text.xEventGroupSetBitsFromISR
                0x10001e14       0x18 CMakeFiles/realtime.dir/__/lib/freertos/event_groups.c.obj
                0x10001e14                xEventGroupSetBitsFromISR
 .text.vListInitialise
                0x10001e2c       0x18 CMakeFiles/realtime.dir/__/lib/freertos/list.c.obj
                0x10001e2c                vListInitialise
 .text.vListInsert
                0x10001e44       0x30 CMakeFiles/realtime.dir/__/lib/freertos/list.c.obj
                0x10001e44                vListInsert
 .text.uxListRemove
                0x10001e74       0x20 CMakeFiles/realtime.dir/__/lib/freertos/list.c.obj
                0x10001e74                uxListRemove
 .text.prvNotifyQueueSetContainer
                0x10001e94       0x90 CMakeFiles/realtime.dir/__/lib/freertos/queue.c.obj
 .text.xQueueGenericSendFromISR
                0x10001f24      0x134 CMakeFiles/realtime.dir/__/lib/freertos/queue.c.obj
                0x10001f24                xQueueGenericSendFromISR
 .text.xTaskIncrementTick.part.0
                0x10002058      0x190 CMakeFiles/realtime.dir/__/lib/freertos/tasks.c.obj
 .text.vTaskSuspendAll
                0x100021e8       0x10 CMakeFiles/realtime.dir/__/lib/freertos/tasks.c.obj
                0x100021e8                vTaskSuspendAll
 .text.xTaskResumeAll
                0x100021f8      0x188 CMakeFiles/realtime.dir/__/lib/freertos/tasks.c.obj
                0x100021f8                xTaskResumeAll
 .text.uxTaskGetNumberOfTasks
                0x10002380        0xc CMakeFiles/realtime.dir/__/lib/freertos/tasks.c.obj
                0x10002380                uxTaskGetNumberOfTasks
 .text.vTaskPlaceOnUnorderedEventList
                0x1000238c       0xc4 CMakeFiles/realtime.dir/__/lib/freertos/tasks.c.obj
                0x1000238c                vTaskPlaceOnUnorderedEventList
 .text.xTaskRemoveFromEventList
                0x10002450       0xcc CMakeFiles/realtime.dir/__/lib/freertos/tasks.c.obj
                0x10002450                xTaskRemoveFromEventList
 .text.vTaskRemoveFromUnorderedEventList
                0x1000251c       0x94 CMakeFiles/realtime.dir/__/lib/freertos/tasks.c.obj
                0x1000251c                vTaskRemoveFromUnorderedEventList
 .text.xTaskGetCurrentTaskHandle
                0x100025b0        0xc CMakeFiles/realtime.dir/__/lib/freertos/tasks.c.obj
                0x100025b0                xTaskGetCurrentTaskHandle
 .text.xTaskPriorityDisinherit
                0x100025bc       0x64 CMakeFiles/realtime.dir/__/lib/freertos/tasks.c.obj
                0x100025bc                xTaskPriorityDisinherit
 .text.uxTaskResetEventItemValue
                0x10002620       0x18 CMakeFiles/realtime.dir/__/lib/freertos/tasks.c.obj
                0x10002620                uxTaskResetEventItemValue
 .text.xTimerPendFunctionCallFromISR
                0x10002638       0x28 CMakeFiles/realtime.dir/__/lib/freertos/timers.c.obj
                0x10002638                xTimerPendFunctionCallFromISR
 .text.strlen   0x10002660       0x5c /Users/tyler/.pico-sdk/toolchain/13_2_Rel1/bin/../lib/gcc/arm-none-eabi/13.2.1/../../../../arm-none-eabi/lib/thumb/v6-m/nofp/libg.a(libc_a-strlen-stub.o)
                0x10002660                strlen
 *(.fini)
 .fini          0x100026bc        0x4 /Users/tyler/.pico-sdk/toolchain/13_2_Rel1/bin/../lib/gcc/arm-none-eabi/13.2.1/thumb/v6-m/nofp/crti.o
                0x100026bc                _fini
 .fini.__stub   0x100026c0       0x50 linker stubs
 *crtbegin.o(.ctors)
 *crtbegin?.o(.ctors)
 *(EXCLUDE_FILE(*crtend.o *crtend?.o) .ctors)
 *(SORT_BY_NAME(.ctors.*))
 *(.ctors)
 *crtbegin.o(.dtors)
 *crtbegin?.o(.dtors)
 *(EXCLUDE_FILE(*crtend.o *crtend?.o) .dtors)
 *(SORT_BY_NAME(.dtors.*))
 *(.dtors)
                0x10002710                        . = ALIGN (0x4)
                0x10002710                        PROVIDE (__preinit_array_start = .)
 *(SORT_BY_NAME(.preinit_array.*))
 .preinit_array.00100
                0x10002710        0x4 CMakeFiles/realtime.dir/Users/tyler/.pico-sdk/sdk/2.0.0/src/rp2_common/pico_runtime_init/runtime_init.c.obj
                0x10002710                __pre_init_runtime_init_early_resets
 .preinit_array.00101
                0x10002714        0x4 CMakeFiles/realtime.dir/Users/tyler/.pico-sdk/sdk/2.0.0/src/rp2_common/pico_runtime_init/runtime_init.c.obj
                0x10002714                __pre_init_runtime_init_usb_power_down
 .preinit_array.00275
                0x10002718        0x4 CMakeFiles/realtime.dir/Users/tyler/.pico-sdk/sdk/2.0.0/src/rp2_common/pico_bit_ops/bit_ops_aeabi.S.obj
 .preinit_array.00300
                0x1000271c        0x4 CMakeFiles/realtime.dir/Users/tyler/.pico-sdk/sdk/2.0.0/src/rp2_common/pico_mem_ops/mem_ops_aeabi.S.obj
 .preinit_array.00350
                0x10002720        0x4 CMakeFiles/realtime.dir/Users/tyler/.pico-sdk/sdk/2.0.0/src/rp2_common/pico_double/double_aeabi_rp2040.S.obj
 .preinit_array.00350
                0x10002724        0x4 CMakeFiles/realtime.dir/Users/tyler/.pico-sdk/sdk/2.0.0/src/rp2_common/pico_float/float_aeabi_rp2040.S.obj
 .preinit_array.00500
                0x10002728        0x4 CMakeFiles/realtime.dir/Users/tyler/.pico-sdk/sdk/2.0.0/src/rp2_common/pico_runtime_init/runtime_init.c.obj
                0x10002728                __pre_init_runtime_init_clocks
 .preinit_array.00600
                0x1000272c        0x4 CMakeFiles/realtime.dir/Users/tyler/.pico-sdk/sdk/2.0.0/src/rp2_common/pico_runtime_init/runtime_init.c.obj
                0x1000272c                __pre_init_runtime_init_post_clock_resets
 .preinit_array.00700
                0x10002730        0x4 CMakeFiles/realtime.dir/Users/tyler/.pico-sdk/sdk/2.0.0/src/rp2_common/pico_runtime_init/runtime_init.c.obj
                0x10002730                __pre_init_runtime_init_rp2040_gpio_ie_disable
 .preinit_array.01000
                0x10002734        0x4 CMakeFiles/realtime.dir/Users/tyler/.pico-sdk/sdk/2.0.0/src/rp2_common/pico_runtime_init/runtime_init.c.obj
                0x10002734                __pre_init_runtime_init_spin_locks_reset
 .preinit_array.01100
                0x10002738        0x4 CMakeFiles/realtime.dir/Users/tyler/.pico-sdk/sdk/2.0.0/src/common/pico_sync/mutex.c.obj
                0x10002738                __pre_init_runtime_init_mutex
 .preinit_array.10080
                0x1000273c        0x4 CMakeFiles/realtime.dir/Users/tyler/.pico-sdk/sdk/2.0.0/src/rp2_common/pico_runtime_init/runtime_init.c.obj
                0x1000273c                __pre_init_runtime_init_install_ram_vector_table
 .preinit_array.11000
                0x10002740        0x4 CMakeFiles/realtime.dir/Users/tyler/.pico-sdk/sdk/2.0.0/src/common/pico_time/time.c.obj
                0x10002740                __pre_init_runtime_init_default_alarm_pool
 .preinit_array.YYYYY
                0x10002744        0x4 CMakeFiles/realtime.dir/Users/tyler/.pico-sdk/sdk/2.0.0/src/rp2_common/pico_runtime/runtime.c.obj
                0x10002744                __pre_init_first_per_core_initializer
 .preinit_array.ZZZZZ.01200
                0x10002748        0x4 CMakeFiles/realtime.dir/Users/tyler/.pico-sdk/sdk/2.0.0/src/rp2_common/hardware_irq/irq.c.obj
                0x10002748                __pre_init_runtime_init_per_core_irq_priorities
 *(.preinit_array)
                0x1000274c                        PROVIDE (__preinit_array_end = .)
                0x1000274c                        . = ALIGN (0x4)
                0x1000274c                        PROVIDE (__init_array_start = .)
 *(SORT_BY_NAME(.init_array.*))
 *(.init_array)
 .init_array    0x1000274c        0x4 /Users/tyler/.pico-sdk/toolchain/13_2_Rel1/bin/../lib/gcc/arm-none-eabi/13.2.1/thumb/v6-m/nofp/crtbegin.o
 .init_array    0x10002750        0x4 CMakeFiles/realtime.dir/Users/tyler/.pico-sdk/sdk/2.0.0/src/rp2_common/pico_unique_id/unique_id.c.obj
 .init_array    0x10002754        0x4 CMakeFiles/realtime.dir/__/lib/freertos/portable/ThirdParty/GCC/RP2040/port.c.obj
                0x10002758                        PROVIDE (__init_array_end = .)
                0x10002758                        . = ALIGN (0x4)
                [!provide]                        PROVIDE (__fini_array_start = .)
 *(SORT_BY_NAME(.fini_array.*))
 *(.fini_array)
                [!provide]                        PROVIDE (__fini_array_end = .)
 *(.eh_frame*)
 .eh_frame      0x10002758        0x0 /Users/tyler/.pico-sdk/toolchain/13_2_Rel1/bin/../lib/gcc/arm-none-eabi/13.2.1/thumb/v6-m/nofp/crtbegin.o
                0x10002758                        . = ALIGN (0x4)

.glue_7         0x10002758        0x0
 .glue_7        0x10002758        0x0 linker stubs

.glue_7t        0x10002758        0x0
 .glue_7t       0x10002758        0x0 linker stubs

.vfp11_veneer   0x10002758        0x0
 .vfp11_veneer  0x10002758        0x0 linker stubs

.v4_bx          0x10002758        0x0
 .v4_bx         0x10002758        0x0 linker stubs

.iplt           0x10002758        0x0
 .iplt          0x10002758        0x0 /Users/tyler/.pico-sdk/toolchain/13_2_Rel1/bin/../lib/gcc/arm-none-eabi/13.2.1/thumb/v6-m/nofp/crtbegin.o

.rodata         0x10002758       0xe4
 *(EXCLUDE_FILE(*libm.a: *libc.a:*lib_a-mem*.o *libgcc.a:) .rodata*)
 .rodata.panic.str1.4
                0x10002758       0x8c CMakeFiles/realtime.dir/Users/tyler/.pico-sdk/sdk/2.0.0/src/rp2_common/pico_platform_panic/panic.c.obj
                                 0x12 (size before relaxing)
 .rodata.timer_hardware_alarm_claim.str1.4
                0x100027e4       0x22 CMakeFiles/realtime.dir/Users/tyler/.pico-sdk/sdk/2.0.0/src/rp2_common/hardware_timer/timer.c.obj
 .rodata.hard_assertion_failure.str1.4
                0x100027e4        0xc CMakeFiles/realtime.dir/Users/tyler/.pico-sdk/sdk/2.0.0/src/rp2_common/pico_runtime/runtime.c.obj
 .rodata.missing_double_func_shim.str1.4
                0x100027e4       0x18 CMakeFiles/realtime.dir/Users/tyler/.pico-sdk/sdk/2.0.0/src/rp2_common/pico_double/double_init_rom_rp2040.c.obj
 .rodata.missing_float_func_shim.str1.4
                0x100027e4        0x1 CMakeFiles/realtime.dir/Users/tyler/.pico-sdk/sdk/2.0.0/src/rp2_common/pico_float/float_init_rom_rp2040.c.obj
 .rodata.str1.4
                0x100027e4       0x30 CMakeFiles/realtime.dir/Users/tyler/.pico-sdk/sdk/2.0.0/src/rp2_common/pico_standard_binary_info/standard_binary_info.c.obj
 .rodata.__bi_84
                0x100027e4        0xc CMakeFiles/realtime.dir/Users/tyler/.pico-sdk/sdk/2.0.0/src/rp2_common/pico_standard_binary_info/standard_binary_info.c.obj
 .rodata.__bi_60
                0x100027f0        0xc CMakeFiles/realtime.dir/Users/tyler/.pico-sdk/sdk/2.0.0/src/rp2_common/pico_standard_binary_info/standard_binary_info.c.obj
 .rodata.__bi_54
                0x100027fc        0xc CMakeFiles/realtime.dir/Users/tyler/.pico-sdk/sdk/2.0.0/src/rp2_common/pico_standard_binary_info/standard_binary_info.c.obj
 .rodata.__bi_48
                0x10002808        0xc CMakeFiles/realtime.dir/Users/tyler/.pico-sdk/sdk/2.0.0/src/rp2_common/pico_standard_binary_info/standard_binary_info.c.obj
 .rodata.__bi_42
                0x10002814        0xc CMakeFiles/realtime.dir/Users/tyler/.pico-sdk/sdk/2.0.0/src/rp2_common/pico_standard_binary_info/standard_binary_info.c.obj
 .rodata.__bi_34
                0x10002820        0xc CMakeFiles/realtime.dir/Users/tyler/.pico-sdk/sdk/2.0.0/src/rp2_common/pico_standard_binary_info/standard_binary_info.c.obj
 .rodata.__bi_26
                0x1000282c        0xc CMakeFiles/realtime.dir/Users/tyler/.pico-sdk/sdk/2.0.0/src/rp2_common/pico_standard_binary_info/standard_binary_info.c.obj
 .rodata.crlf_str.0
                0x10002838        0x2 CMakeFiles/realtime.dir/Users/tyler/.pico-sdk/sdk/2.0.0/src/rp2_common/pico_stdio/stdio.c.obj
                0x1000283c                        . = ALIGN (0x4)
 *fill*         0x1000283a        0x2 
 *(SORT_BY_ALIGNMENT(SORT_BY_NAME(.flashdata*)))
                0x1000283c                        . = ALIGN (0x4)

.ARM.extab
 *(.ARM.extab* .gnu.linkonce.armextab.*)
                0x1000283c                        __exidx_start = .

.ARM.exidx
 *(.ARM.exidx* .gnu.linkonce.armexidx.*)
                0x1000283c                        __exidx_end = .
                0x1000283c                        . = ALIGN (0x4)
                0x1000283c                        __binary_info_start = .

.binary_info    0x1000283c       0x1c
 *(.binary_info.keep.*)
 .binary_info.keep.__bi_ptr84
                0x1000283c        0x4 CMakeFiles/realtime.dir/Users/tyler/.pico-sdk/sdk/2.0.0/src/rp2_common/pico_standard_binary_info/standard_binary_info.c.obj
 .binary_info.keep.__bi_ptr60
                0x10002840        0x4 CMakeFiles/realtime.dir/Users/tyler/.pico-sdk/sdk/2.0.0/src/rp2_common/pico_standard_binary_info/standard_binary_info.c.obj
 .binary_info.keep.__bi_ptr54
                0x10002844        0x4 CMakeFiles/realtime.dir/Users/tyler/.pico-sdk/sdk/2.0.0/src/rp2_common/pico_standard_binary_info/standard_binary_info.c.obj
 .binary_info.keep.__bi_ptr48
                0x10002848        0x4 CMakeFiles/realtime.dir/Users/tyler/.pico-sdk/sdk/2.0.0/src/rp2_common/pico_standard_binary_info/standard_binary_info.c.obj
 .binary_info.keep.__bi_ptr42
                0x1000284c        0x4 CMakeFiles/realtime.dir/Users/tyler/.pico-sdk/sdk/2.0.0/src/rp2_common/pico_standard_binary_info/standard_binary_info.c.obj
 .binary_info.keep.__bi_ptr34
                0x10002850        0x4 CMakeFiles/realtime.dir/Users/tyler/.pico-sdk/sdk/2.0.0/src/rp2_common/pico_standard_binary_info/standard_binary_info.c.obj
 .binary_info.keep.__bi_ptr26
                0x10002854        0x4 CMakeFiles/realtime.dir/Users/tyler/.pico-sdk/sdk/2.0.0/src/rp2_common/pico_standard_binary_info/standard_binary_info.c.obj
 *(.binary_info.*)
                0x10002858                        __binary_info_end = .

.rel.dyn        0x10002858        0x0
 .rel.iplt      0x10002858        0x0 /Users/tyler/.pico-sdk/toolchain/13_2_Rel1/bin/../lib/gcc/arm-none-eabi/13.2.1/thumb/v6-m/nofp/crtbegin.o
                0x10002858                        . = ALIGN (0x4)

.ram_vector_table
                0x20000000       0xc0
 *(.ram_vector_table)
 .ram_vector_table
                0x20000000       0xc0 CMakeFiles/realtime.dir/Users/tyler/.pico-sdk/sdk/2.0.0/src/rp2_common/pico_runtime_init/runtime_init.c.obj
                0x20000000                ram_vector_table

.uninitialized_data
                0x200000c0        0x0
                0x200000c0                        . = ALIGN (0x4)
 *(.uninitialized_data*)

.data           0x200000c0      0x284 load address 0x10002858
                0x200000c0                        __data_start__ = .
 *(vtable)
 *(.time_critical*)
 .time_critical.mutex_try_enter_block_until
                0x200000c0       0xa0 CMakeFiles/realtime.dir/Users/tyler/.pico-sdk/sdk/2.0.0/src/common/pico_sync/mutex.c.obj
                0x200000c0                mutex_try_enter_block_until
 .time_critical.mutex_exit
                0x20000160       0x20 CMakeFiles/realtime.dir/Users/tyler/.pico-sdk/sdk/2.0.0/src/common/pico_sync/mutex.c.obj
                0x20000160                mutex_exit
 .time_critical.flash_init_boot2_copyout
                0x20000180       0x30 CMakeFiles/realtime.dir/Users/tyler/.pico-sdk/sdk/2.0.0/src/rp2_common/hardware_flash/flash.c.obj
 .time_critical.flash_enable_xip_via_boot2
                0x200001b0        0xc CMakeFiles/realtime.dir/Users/tyler/.pico-sdk/sdk/2.0.0/src/rp2_common/hardware_flash/flash.c.obj
 .time_critical.flash_cs_force
                0x200001bc       0x38 CMakeFiles/realtime.dir/Users/tyler/.pico-sdk/sdk/2.0.0/src/rp2_common/hardware_flash/flash.c.obj
 .time_critical.flash_do_cmd
                0x200001f4       0xc0 CMakeFiles/realtime.dir/Users/tyler/.pico-sdk/sdk/2.0.0/src/rp2_common/hardware_flash/flash.c.obj
                0x200001f4                flash_do_cmd
 *(.text*)
 .text          0x200002b4        0x4 /Users/tyler/.pico-sdk/toolchain/13_2_Rel1/bin/../lib/gcc/arm-none-eabi/13.2.1/thumb/v6-m/nofp/libgcc.a(_dvmd_tls.o)
                0x200002b4                __aeabi_ldiv0
                0x200002b4                __aeabi_idiv0
 .text.__stub   0x200002b8       0x30 linker stubs
                0x200002e8                        . = ALIGN (0x4)
 *(.rodata*)
                0x200002e8                        . = ALIGN (0x4)
 *(.data*)
 .data.striped_spin_lock_num
                0x200002e8        0x1 CMakeFiles/realtime.dir/Users/tyler/.pico-sdk/sdk/2.0.0/src/rp2_common/hardware_sync/sync.c.obj
 *fill*         0x200002e9        0x3 
 .data.default_alarm_pool
                0x200002ec       0x18 CMakeFiles/realtime.dir/Users/tyler/.pico-sdk/sdk/2.0.0/src/common/pico_time/time.c.obj
 *fill*         0x20000304        0xc 
 .data.aeabi_bits_funcs
                0x20000310       0x10 CMakeFiles/realtime.dir/Users/tyler/.pico-sdk/sdk/2.0.0/src/rp2_common/pico_bit_ops/bit_ops_aeabi.S.obj
                0x20000310                aeabi_bits_funcs
                0x20000320                aeabi_bits_funcs_end
 .data.aeabi_mem_funcs
                0x20000320       0x10 CMakeFiles/realtime.dir/Users/tyler/.pico-sdk/sdk/2.0.0/src/rp2_common/pico_mem_ops/mem_ops_aeabi.S.obj
                0x20000320                aeabi_mem_funcs
                0x20000330                aeabi_mem_funcs_end
 .data.ucPrimaryCoreNum
                0x20000330        0x1 CMakeFiles/realtime.dir/__/lib/freertos/portable/ThirdParty/GCC/RP2040/port.c.obj
                0x20000334                        . = ALIGN (0x4)
 *fill*         0x20000331        0x3 
 *(.after_data.*)
                0x20000334                        . = ALIGN (0x4)
                0x20000334                        PROVIDE (__mutex_array_start = .)
 *(SORT_BY_NAME(.mutex_array.*))
 *(.mutex_array)
 .mutex_array   0x20000334        0x8 CMakeFiles/realtime.dir/Users/tyler/.pico-sdk/sdk/2.0.0/src/rp2_common/pico_malloc/malloc.c.obj
 .mutex_array   0x2000033c        0x8 CMakeFiles/realtime.dir/Users/tyler/.pico-sdk/sdk/2.0.0/src/rp2_common/pico_stdio/stdio.c.obj
                0x20000344                        PROVIDE (__mutex_array_end = .)
                0x20000344                        . = ALIGN (0x4)
 *(.jcr)
                0x20000344                        . = ALIGN (0x4)

.tm_clone_table
                0x20000344        0x0 load address 0x10002adc
 .tm_clone_table
                0x20000344        0x0 /Users/tyler/.pico-sdk/toolchain/13_2_Rel1/bin/../lib/gcc/arm-none-eabi/13.2.1/thumb/v6-m/nofp/crtbegin.o
 .tm_clone_table
                0x20000344        0x0 /Users/tyler/.pico-sdk/toolchain/13_2_Rel1/bin/../lib/gcc/arm-none-eabi/13.2.1/thumb/v6-m/nofp/crtend.o

.igot.plt       0x20000344        0x0 load address 0x10002adc
 .igot.plt      0x20000344        0x0 /Users/tyler/.pico-sdk/toolchain/13_2_Rel1/bin/../lib/gcc/arm-none-eabi/13.2.1/thumb/v6-m/nofp/crtbegin.o

.tdata          0x20000344        0x0 load address 0x10002adc
                0x20000344                        . = ALIGN (0x4)
 *(.tdata .tdata.* .gnu.linkonce.td.*)
                0x20000344                        __tdata_end = .
                0x20000344                        PROVIDE (__data_end__ = .)
                0x10002858                        __etext = LOADADDR (.data)

.tbss           0x20000344        0x0 load address 0x10002adc
                0x20000344                        . = ALIGN (0x4)
                0x20000344                        __bss_start__ = .
                0x20000344                        __tls_base = .
 *(.tbss .tbss.* .gnu.linkonce.tb.*)
 *(.tcommon)
                0x20000344                        __tls_end = .

.bss            0x20000348    0x207fc load address 0x10002adc
                0x20000348                        . = ALIGN (0x4)
                0x20000348                        __tbss_end = .
 *(SORT_BY_ALIGNMENT(SORT_BY_NAME(.bss*)))
 .bss.default_alarm_pool_entries
                0x20000348      0x180 CMakeFiles/realtime.dir/Users/tyler/.pico-sdk/sdk/2.0.0/src/common/pico_time/time.c.obj
 .bss.sd_table  0x200004c8      0x100 CMakeFiles/realtime.dir/Users/tyler/.pico-sdk/sdk/2.0.0/src/rp2_common/pico_double/double_init_rom_rp2040.c.obj
                0x200004c8                sd_table
 .bss.boot2_copyout
                0x200005c8      0x100 CMakeFiles/realtime.dir/Users/tyler/.pico-sdk/sdk/2.0.0/src/rp2_common/hardware_flash/flash.c.obj
 .bss.claimed   0x200006c8        0x1 CMakeFiles/realtime.dir/Users/tyler/.pico-sdk/sdk/2.0.0/src/rp2_common/hardware_timer/timer.c.obj
 *fill*         0x200006c9        0x3 
 .bss.configured_freq
                0x200006cc       0x28 CMakeFiles/realtime.dir/Users/tyler/.pico-sdk/sdk/2.0.0/src/rp2_common/hardware_clocks/clocks.c.obj
 .bss.drivers   0x200006f4        0x4 CMakeFiles/realtime.dir/Users/tyler/.pico-sdk/sdk/2.0.0/src/rp2_common/pico_stdio/stdio.c.obj
 .bss.filter    0x200006f8        0x4 CMakeFiles/realtime.dir/Users/tyler/.pico-sdk/sdk/2.0.0/src/rp2_common/pico_stdio/stdio.c.obj
 .bss.lazy_vsnprintf
                0x200006fc        0x4 CMakeFiles/realtime.dir/Users/tyler/.pico-sdk/sdk/2.0.0/src/rp2_common/pico_printf/printf.c.obj
 .bss.object.0  0x20000700       0x18 /Users/tyler/.pico-sdk/toolchain/13_2_Rel1/bin/../lib/gcc/arm-none-eabi/13.2.1/thumb/v6-m/nofp/crtbegin.o
 .bss.pools     0x20000718       0x10 CMakeFiles/realtime.dir/Users/tyler/.pico-sdk/sdk/2.0.0/src/common/pico_time/time.c.obj
 .bss.pxCrossCoreSpinLock
                0x20000728        0x4 CMakeFiles/realtime.dir/__/lib/freertos/portable/ThirdParty/GCC/RP2040/port.c.obj
 .bss.pxCurrentTCB
                0x2000072c        0x4 CMakeFiles/realtime.dir/__/lib/freertos/tasks.c.obj
                0x2000072c                pxCurrentTCB
 .bss.pxDelayedTaskList
                0x20000730        0x4 CMakeFiles/realtime.dir/__/lib/freertos/tasks.c.obj
 .bss.pxEnd     0x20000734        0x4 CMakeFiles/realtime.dir/__/lib/freertos/portable/MemMang/heap_4.c.obj
 .bss.pxOverflowDelayedTaskList
                0x20000738        0x4 CMakeFiles/realtime.dir/__/lib/freertos/tasks.c.obj
 .bss.pxReadyTasksLists
                0x2000073c      0x280 CMakeFiles/realtime.dir/__/lib/freertos/tasks.c.obj
 .bss.pxYieldSpinLock
                0x200009bc        0x4 CMakeFiles/realtime.dir/__/lib/freertos/portable/ThirdParty/GCC/RP2040/port.c.obj
 .bss.retrieved_id
                0x200009c0        0x8 CMakeFiles/realtime.dir/Users/tyler/.pico-sdk/sdk/2.0.0/src/rp2_common/pico_unique_id/unique_id.c.obj
 .bss.sf_clz_func
                0x200009c8        0x4 CMakeFiles/realtime.dir/Users/tyler/.pico-sdk/sdk/2.0.0/src/rp2_common/pico_double/double_init_rom_rp2040.c.obj
                0x200009c8                sf_clz_func
 .bss.sf_table  0x200009cc      0x100 CMakeFiles/realtime.dir/Users/tyler/.pico-sdk/sdk/2.0.0/src/rp2_common/pico_float/float_init_rom_rp2040.c.obj
                0x200009cc                sf_table
 .bss.sleep_notifier
                0x20000acc        0x4 CMakeFiles/realtime.dir/Users/tyler/.pico-sdk/sdk/2.0.0/src/common/pico_time/time.c.obj
 .bss.ucHeap    0x20000ad0    0x20000 CMakeFiles/realtime.dir/__/lib/freertos/portable/MemMang/heap_4.c.obj
 .bss.ulYieldSpinLockSaveValue
                0x20020ad0        0x4 CMakeFiles/realtime.dir/__/lib/freertos/portable/ThirdParty/GCC/RP2040/port.c.obj
 .bss.uxCriticalNesting
                0x20020ad4        0x4 CMakeFiles/realtime.dir/__/lib/freertos/portable/ThirdParty/GCC/RP2040/port.c.obj
 .bss.uxCrossCoreEventBits
                0x20020ad8        0x4 CMakeFiles/realtime.dir/__/lib/freertos/portable/ThirdParty/GCC/RP2040/port.c.obj
 .bss.uxCurrentNumberOfTasks
                0x20020adc        0x4 CMakeFiles/realtime.dir/__/lib/freertos/tasks.c.obj
 .bss.uxSchedulerSuspended
                0x20020ae0        0x4 CMakeFiles/realtime.dir/__/lib/freertos/tasks.c.obj
 .bss.uxTopReadyPriority
                0x20020ae4        0x4 CMakeFiles/realtime.dir/__/lib/freertos/tasks.c.obj
 .bss.xEventGroup
                0x20020ae8        0x4 CMakeFiles/realtime.dir/__/lib/freertos/portable/ThirdParty/GCC/RP2040/port.c.obj
 .bss.xFreeBytesRemaining
                0x20020aec        0x4 CMakeFiles/realtime.dir/__/lib/freertos/portable/MemMang/heap_4.c.obj
 .bss.xMinimumEverFreeBytesRemaining
                0x20020af0        0x4 CMakeFiles/realtime.dir/__/lib/freertos/portable/MemMang/heap_4.c.obj
 .bss.xNextTaskUnblockTime
                0x20020af4        0x4 CMakeFiles/realtime.dir/__/lib/freertos/tasks.c.obj
 .bss.xNumOfOverflows
                0x20020af8        0x4 CMakeFiles/realtime.dir/__/lib/freertos/tasks.c.obj
 .bss.xNumberOfSuccessfulAllocations
                0x20020afc        0x4 CMakeFiles/realtime.dir/__/lib/freertos/portable/MemMang/heap_4.c.obj
 .bss.xPendedTicks
                0x20020b00        0x4 CMakeFiles/realtime.dir/__/lib/freertos/tasks.c.obj
 .bss.xPendingReadyList
                0x20020b04       0x14 CMakeFiles/realtime.dir/__/lib/freertos/tasks.c.obj
 .bss.xStart    0x20020b18        0x8 CMakeFiles/realtime.dir/__/lib/freertos/portable/MemMang/heap_4.c.obj
 .bss.xSuspendedTaskList
                0x20020b20       0x14 CMakeFiles/realtime.dir/__/lib/freertos/tasks.c.obj
 .bss.xTickCount
                0x20020b34        0x4 CMakeFiles/realtime.dir/__/lib/freertos/tasks.c.obj
 .bss.xTimerQueue
                0x20020b38        0x4 CMakeFiles/realtime.dir/__/lib/freertos/timers.c.obj
 .bss.xYieldPendings
                0x20020b3c        0x4 CMakeFiles/realtime.dir/__/lib/freertos/tasks.c.obj
 .bss.boot2_copyout_valid
                0x20020b40        0x1 CMakeFiles/realtime.dir/Users/tyler/.pico-sdk/sdk/2.0.0/src/rp2_common/hardware_flash/flash.c.obj
 *(COMMON)
                0x20020b44                        . = ALIGN (0x4)
 *fill*         0x20020b41        0x3 
                0x20020b44                        __bss_end__ = .

.heap           0x20020b44    0x1f4bc load address 0x10002adc
                0x20020b44                        __end__ = .
                0x20020b44                        end = __end__
 *(.heap*)
 .heap          0x20020b44      0x800 CMakeFiles/realtime.dir/Users/tyler/.pico-sdk/sdk/2.0.0/src/rp2_common/pico_crt0/crt0.S.obj
                0x20040000                        . = (ORIGIN (RAM) + LENGTH (RAM))
 *fill*         0x20021344    0x1ecbc 
                0x20040000                        __HeapLimit = .

.scratch_x      0x20040000        0x0 load address 0x10002adc
                0x20040000                        __scratch_x_start__ = .
 *(.scratch_x.*)
                0x20040000                        . = ALIGN (0x4)
                0x20040000                        __scratch_x_end__ = .
                0x10002adc                        __scratch_x_source__ = LOADADDR (.scratch_x)

.scratch_y      0x20041000        0x0 load address 0x10002adc
                0x20041000                        __scratch_y_start__ = .
 *(.scratch_y.*)
                0x20041000                        . = ALIGN (0x4)
                0x20041000                        __scratch_y_end__ = .
                0x10002adc                        __scratch_y_source__ = LOADADDR (.scratch_y)

.stack1_dummy   0x20040000      0x800
 *(.stack1*)
 .stack1        0x20040000      0x800 CMakeFiles/realtime.dir/Users/tyler/.pico-sdk/sdk/2.0.0/src/rp2_common/pico_multicore/multicore.c.obj

.stack_dummy    0x20041000      0x800
 *(.stack*)
 .stack         0x20041000      0x800 CMakeFiles/realtime.dir/Users/tyler/.pico-sdk/sdk/2.0.0/src/rp2_common/pico_crt0/crt0.S.obj

.flash_end      0x10002adc        0x0
 *(.embedded_end_block*)
                0x10002adc                        PROVIDE (__flash_binary_end = .)
                0x20040000                        __StackLimit = (ORIGIN (RAM) + LENGTH (RAM))
                0x20041000                        __StackOneTop = (ORIGIN (SCRATCH_X) + LENGTH (SCRATCH_X))
                0x20042000                        __StackTop = (ORIGIN (SCRATCH_Y) + LENGTH (SCRATCH_Y))
                0x20040800                        __StackOneBottom = (__StackOneTop - SIZEOF (.stack1_dummy))
                0x20041800                        __StackBottom = (__StackTop - SIZEOF (.stack_dummy))
                0x20042000                        PROVIDE (__stack = __StackTop)
                [!provide]                        PROVIDE (__heap_start = __end__)
                [!provide]                        PROVIDE (__heap_end = __HeapLimit)
                [!provide]                        PROVIDE (__tls_align = MAX (ALIGNOF (.tdata), ALIGNOF (.tbss)))
                [!provide]                        PROVIDE (__tls_size_align = (((__tls_size + __tls_align) - 0x1) & ~ ((__tls_align - 0x1))))
                [!provide]                        PROVIDE (__arm32_tls_tcb_offset = MAX (0x8, __tls_align))
                [!provide]                        PROVIDE (_end = __end__)
                [!provide]                        PROVIDE (__llvm_libc_heap_limit = __HeapLimit)
                0x00000001                        ASSERT ((__StackLimit >= __HeapLimit), region RAM overflowed)
                0x00000001                        ASSERT (((__binary_info_header_end - __logical_binary_start) <= 0x100), Binary info must be in first 256 bytes of the binary)
LOAD CMakeFiles/realtime.dir/main.c.obj
LOAD CMakeFiles/realtime.dir/Users/tyler/.pico-sdk/sdk/2.0.0/src/rp2_common/pico_stdlib/stdlib.c.obj
LOAD CMakeFiles/realtime.dir/Users/tyler/.pico-sdk/sdk/2.0.0/src/rp2_common/hardware_gpio/gpio.c.obj
LOAD CMakeFiles/realtime.dir/Users/tyler/.pico-sdk/sdk/2.0.0/src/rp2040/pico_platform/platform.c.obj
LOAD CMakeFiles/realtime.dir/Users/tyler/.pico-sdk/sdk/2.0.0/src/rp2_common/pico_platform_panic/panic.c.obj
LOAD CMakeFiles/realtime.dir/Users/tyler/.pico-sdk/sdk/2.0.0/src/common/hardware_claim/claim.c.obj
LOAD CMakeFiles/realtime.dir/Users/tyler/.pico-sdk/sdk/2.0.0/src/rp2_common/hardware_sync/sync.c.obj
LOAD CMakeFiles/realtime.dir/Users/tyler/.pico-sdk/sdk/2.0.0/src/rp2_common/hardware_sync_spin_lock/sync_spin_lock.c.obj
LOAD CMakeFiles/realtime.dir/Users/tyler/.pico-sdk/sdk/2.0.0/src/rp2_common/hardware_irq/irq.c.obj
LOAD CMakeFiles/realtime.dir/Users/tyler/.pico-sdk/sdk/2.0.0/src/rp2_common/hardware_irq/irq_handler_chain.S.obj
LOAD CMakeFiles/realtime.dir/Users/tyler/.pico-sdk/sdk/2.0.0/src/common/pico_sync/sem.c.obj
LOAD CMakeFiles/realtime.dir/Users/tyler/.pico-sdk/sdk/2.0.0/src/common/pico_sync/lock_core.c.obj
LOAD CMakeFiles/realtime.dir/Users/tyler/.pico-sdk/sdk/2.0.0/src/common/pico_sync/mutex.c.obj
LOAD CMakeFiles/realtime.dir/Users/tyler/.pico-sdk/sdk/2.0.0/src/common/pico_sync/critical_section.c.obj
LOAD CMakeFiles/realtime.dir/Users/tyler/.pico-sdk/sdk/2.0.0/src/common/pico_time/time.c.obj
LOAD CMakeFiles/realtime.dir/Users/tyler/.pico-sdk/sdk/2.0.0/src/common/pico_time/timeout_helper.c.obj
LOAD CMakeFiles/realtime.dir/Users/tyler/.pico-sdk/sdk/2.0.0/src/rp2_common/hardware_timer/timer.c.obj
LOAD CMakeFiles/realtime.dir/Users/tyler/.pico-sdk/sdk/2.0.0/src/common/pico_util/datetime.c.obj
LOAD CMakeFiles/realtime.dir/Users/tyler/.pico-sdk/sdk/2.0.0/src/common/pico_util/pheap.c.obj
LOAD CMakeFiles/realtime.dir/Users/tyler/.pico-sdk/sdk/2.0.0/src/common/pico_util/queue.c.obj
LOAD CMakeFiles/realtime.dir/Users/tyler/.pico-sdk/sdk/2.0.0/src/rp2_common/hardware_uart/uart.c.obj
LOAD CMakeFiles/realtime.dir/Users/tyler/.pico-sdk/sdk/2.0.0/src/rp2_common/hardware_clocks/clocks.c.obj
LOAD CMakeFiles/realtime.dir/Users/tyler/.pico-sdk/sdk/2.0.0/src/rp2_common/hardware_pll/pll.c.obj
LOAD CMakeFiles/realtime.dir/Users/tyler/.pico-sdk/sdk/2.0.0/src/rp2_common/hardware_vreg/vreg.c.obj
LOAD CMakeFiles/realtime.dir/Users/tyler/.pico-sdk/sdk/2.0.0/src/rp2_common/hardware_watchdog/watchdog.c.obj
LOAD CMakeFiles/realtime.dir/Users/tyler/.pico-sdk/sdk/2.0.0/src/rp2_common/hardware_ticks/ticks.c.obj
LOAD CMakeFiles/realtime.dir/Users/tyler/.pico-sdk/sdk/2.0.0/src/rp2_common/hardware_xosc/xosc.c.obj
LOAD CMakeFiles/realtime.dir/Users/tyler/.pico-sdk/sdk/2.0.0/src/rp2_common/hardware_divider/divider.S.obj
LOAD CMakeFiles/realtime.dir/Users/tyler/.pico-sdk/sdk/2.0.0/src/rp2_common/pico_runtime/runtime.c.obj
LOAD CMakeFiles/realtime.dir/Users/tyler/.pico-sdk/sdk/2.0.0/src/rp2_common/pico_runtime_init/runtime_init.c.obj
LOAD CMakeFiles/realtime.dir/Users/tyler/.pico-sdk/sdk/2.0.0/src/rp2_common/pico_runtime_init/runtime_init_clocks.c.obj
LOAD CMakeFiles/realtime.dir/Users/tyler/.pico-sdk/sdk/2.0.0/src/rp2_common/pico_runtime_init/runtime_init_stack_guard.c.obj
LOAD CMakeFiles/realtime.dir/Users/tyler/.pico-sdk/sdk/2.0.0/src/rp2_common/pico_bit_ops/bit_ops_aeabi.S.obj
LOAD CMakeFiles/realtime.dir/Users/tyler/.pico-sdk/sdk/2.0.0/src/rp2_common/pico_bootrom/bootrom.c.obj
LOAD CMakeFiles/realtime.dir/Users/tyler/.pico-sdk/sdk/2.0.0/src/rp2_common/pico_bootrom/bootrom_lock.c.obj
LOAD CMakeFiles/realtime.dir/Users/tyler/.pico-sdk/sdk/2.0.0/src/rp2_common/hardware_boot_lock/boot_lock.c.obj
LOAD CMakeFiles/realtime.dir/Users/tyler/.pico-sdk/sdk/2.0.0/src/rp2_common/pico_divider/divider_hardware.S.obj
LOAD CMakeFiles/realtime.dir/Users/tyler/.pico-sdk/sdk/2.0.0/src/rp2_common/pico_double/double_aeabi_rp2040.S.obj
LOAD CMakeFiles/realtime.dir/Users/tyler/.pico-sdk/sdk/2.0.0/src/rp2_common/pico_double/double_init_rom_rp2040.c.obj
LOAD CMakeFiles/realtime.dir/Users/tyler/.pico-sdk/sdk/2.0.0/src/rp2_common/pico_double/double_math.c.obj
LOAD CMakeFiles/realtime.dir/Users/tyler/.pico-sdk/sdk/2.0.0/src/rp2_common/pico_double/double_v1_rom_shim_rp2040.S.obj
LOAD CMakeFiles/realtime.dir/Users/tyler/.pico-sdk/sdk/2.0.0/src/rp2_common/pico_int64_ops/pico_int64_ops_aeabi.S.obj
LOAD CMakeFiles/realtime.dir/Users/tyler/.pico-sdk/sdk/2.0.0/src/rp2_common/pico_float/float_aeabi_rp2040.S.obj
LOAD CMakeFiles/realtime.dir/Users/tyler/.pico-sdk/sdk/2.0.0/src/rp2_common/pico_float/float_init_rom_rp2040.c.obj
LOAD CMakeFiles/realtime.dir/Users/tyler/.pico-sdk/sdk/2.0.0/src/rp2_common/pico_float/float_math.c.obj
LOAD CMakeFiles/realtime.dir/Users/tyler/.pico-sdk/sdk/2.0.0/src/rp2_common/pico_float/float_v1_rom_shim_rp2040.S.obj
LOAD CMakeFiles/realtime.dir/Users/tyler/.pico-sdk/sdk/2.0.0/src/rp2_common/pico_malloc/malloc.c.obj
LOAD CMakeFiles/realtime.dir/Users/tyler/.pico-sdk/sdk/2.0.0/src/rp2_common/pico_mem_ops/mem_ops_aeabi.S.obj
LOAD CMakeFiles/realtime.dir/Users/tyler/.pico-sdk/sdk/2.0.0/src/rp2_common/pico_atomic/atomic.c.obj
LOAD CMakeFiles/realtime.dir/Users/tyler/.pico-sdk/sdk/2.0.0/src/rp2_common/pico_cxx_options/new_delete.cpp.obj
LOAD CMakeFiles/realtime.dir/Users/tyler/.pico-sdk/sdk/2.0.0/src/rp2_common/pico_standard_binary_info/standard_binary_info.c.obj
LOAD CMakeFiles/realtime.dir/Users/tyler/.pico-sdk/sdk/2.0.0/src/rp2_common/pico_printf/printf.c.obj
LOAD CMakeFiles/realtime.dir/Users/tyler/.pico-sdk/sdk/2.0.0/src/rp2_common/pico_crt0/crt0.S.obj
LOAD CMakeFiles/realtime.dir/Users/tyler/.pico-sdk/sdk/2.0.0/src/rp2_common/pico_clib_interface/newlib_interface.c.obj
LOAD CMakeFiles/realtime.dir/Users/tyler/.pico-sdk/sdk/2.0.0/src/rp2_common/pico_stdio/stdio.c.obj
LOAD CMakeFiles/realtime.dir/Users/tyler/.pico-sdk/sdk/2.0.0/src/rp2_common/pico_stdio_usb/reset_interface.c.obj
LOAD CMakeFiles/realtime.dir/Users/tyler/.pico-sdk/sdk/2.0.0/src/rp2_common/pico_stdio_usb/stdio_usb.c.obj
LOAD CMakeFiles/realtime.dir/Users/tyler/.pico-sdk/sdk/2.0.0/src/rp2_common/pico_stdio_usb/stdio_usb_descriptors.c.obj
LOAD CMakeFiles/realtime.dir/Users/tyler/.pico-sdk/sdk/2.0.0/src/rp2_common/pico_unique_id/unique_id.c.obj
LOAD CMakeFiles/realtime.dir/Users/tyler/.pico-sdk/sdk/2.0.0/src/rp2_common/hardware_flash/flash.c.obj
LOAD CMakeFiles/realtime.dir/Users/tyler/.pico-sdk/sdk/2.0.0/lib/tinyusb/src/portable/raspberrypi/rp2040/dcd_rp2040.c.obj
LOAD CMakeFiles/realtime.dir/Users/tyler/.pico-sdk/sdk/2.0.0/lib/tinyusb/src/portable/raspberrypi/rp2040/rp2040_usb.c.obj
LOAD CMakeFiles/realtime.dir/Users/tyler/.pico-sdk/sdk/2.0.0/lib/tinyusb/src/device/usbd.c.obj
LOAD CMakeFiles/realtime.dir/Users/tyler/.pico-sdk/sdk/2.0.0/lib/tinyusb/src/device/usbd_control.c.obj
LOAD CMakeFiles/realtime.dir/Users/tyler/.pico-sdk/sdk/2.0.0/lib/tinyusb/src/class/audio/audio_device.c.obj
LOAD CMakeFiles/realtime.dir/Users/tyler/.pico-sdk/sdk/2.0.0/lib/tinyusb/src/class/cdc/cdc_device.c.obj
LOAD CMakeFiles/realtime.dir/Users/tyler/.pico-sdk/sdk/2.0.0/lib/tinyusb/src/class/dfu/dfu_device.c.obj
LOAD CMakeFiles/realtime.dir/Users/tyler/.pico-sdk/sdk/2.0.0/lib/tinyusb/src/class/dfu/dfu_rt_device.c.obj
LOAD CMakeFiles/realtime.dir/Users/tyler/.pico-sdk/sdk/2.0.0/lib/tinyusb/src/class/hid/hid_device.c.obj
LOAD CMakeFiles/realtime.dir/Users/tyler/.pico-sdk/sdk/2.0.0/lib/tinyusb/src/class/midi/midi_device.c.obj
LOAD CMakeFiles/realtime.dir/Users/tyler/.pico-sdk/sdk/2.0.0/lib/tinyusb/src/class/msc/msc_device.c.obj
LOAD CMakeFiles/realtime.dir/Users/tyler/.pico-sdk/sdk/2.0.0/lib/tinyusb/src/class/net/ecm_rndis_device.c.obj
LOAD CMakeFiles/realtime.dir/Users/tyler/.pico-sdk/sdk/2.0.0/lib/tinyusb/src/class/net/ncm_device.c.obj
LOAD CMakeFiles/realtime.dir/Users/tyler/.pico-sdk/sdk/2.0.0/lib/tinyusb/src/class/usbtmc/usbtmc_device.c.obj
LOAD CMakeFiles/realtime.dir/Users/tyler/.pico-sdk/sdk/2.0.0/lib/tinyusb/src/class/vendor/vendor_device.c.obj
LOAD CMakeFiles/realtime.dir/Users/tyler/.pico-sdk/sdk/2.0.0/lib/tinyusb/src/class/video/video_device.c.obj
LOAD CMakeFiles/realtime.dir/Users/tyler/.pico-sdk/sdk/2.0.0/lib/tinyusb/src/tusb.c.obj
LOAD CMakeFiles/realtime.dir/Users/tyler/.pico-sdk/sdk/2.0.0/lib/tinyusb/src/common/tusb_fifo.c.obj
LOAD CMakeFiles/realtime.dir/Users/tyler/.pico-sdk/sdk/2.0.0/src/rp2_common/pico_fix/rp2040_usb_device_enumeration/rp2040_usb_device_enumeration.c.obj
LOAD CMakeFiles/realtime.dir/Users/tyler/.pico-sdk/sdk/2.0.0/src/rp2_common/pico_multicore/multicore.c.obj
LOAD CMakeFiles/realtime.dir/Users/tyler/.pico-sdk/sdk/2.0.0/src/rp2_common/pico_async_context/async_context_freertos.c.obj
LOAD CMakeFiles/realtime.dir/Users/tyler/.pico-sdk/sdk/2.0.0/src/rp2_common/pico_async_context/async_context_base.c.obj
LOAD CMakeFiles/realtime.dir/__/lib/freertos/portable/MemMang/heap_4.c.obj
LOAD CMakeFiles/realtime.dir/__/lib/freertos/portable/ThirdParty/GCC/RP2040/port.c.obj
LOAD CMakeFiles/realtime.dir/__/lib/freertos/croutine.c.obj
LOAD CMakeFiles/realtime.dir/__/lib/freertos/event_groups.c.obj
LOAD CMakeFiles/realtime.dir/__/lib/freertos/list.c.obj
LOAD CMakeFiles/realtime.dir/__/lib/freertos/queue.c.obj
LOAD CMakeFiles/realtime.dir/__/lib/freertos/stream_buffer.c.obj
LOAD CMakeFiles/realtime.dir/__/lib/freertos/tasks.c.obj
LOAD CMakeFiles/realtime.dir/__/lib/freertos/timers.c.obj
LOAD CMakeFiles/realtime.dir/Users/tyler/.pico-sdk/sdk/2.0.0/src/rp2_common/hardware_exception/exception.c.obj
LOAD CMakeFiles/realtime.dir/Users/tyler/.pico-sdk/sdk/2.0.0/src/rp2_common/pico_cyw43_arch/cyw43_arch.c.obj
LOAD CMakeFiles/realtime.dir/Users/tyler/.pico-sdk/sdk/2.0.0/src/rp2_common/pico_cyw43_arch/cyw43_arch_poll.c.obj
LOAD CMakeFiles/realtime.dir/Users/tyler/.pico-sdk/sdk/2.0.0/src/rp2_common/pico_cyw43_arch/cyw43_arch_threadsafe_background.c.obj
LOAD CMakeFiles/realtime.dir/Users/tyler/.pico-sdk/sdk/2.0.0/src/rp2_common/pico_cyw43_arch/cyw43_arch_freertos.c.obj
LOAD CMakeFiles/realtime.dir/Users/tyler/.pico-sdk/sdk/2.0.0/src/rp2_common/pico_cyw43_driver/cyw43_bus_pio_spi.c.obj
LOAD CMakeFiles/realtime.dir/Users/tyler/.pico-sdk/sdk/2.0.0/lib/cyw43-driver/src/cyw43_ll.c.obj
LOAD CMakeFiles/realtime.dir/Users/tyler/.pico-sdk/sdk/2.0.0/lib/cyw43-driver/src/cyw43_stats.c.obj
LOAD CMakeFiles/realtime.dir/Users/tyler/.pico-sdk/sdk/2.0.0/lib/cyw43-driver/src/cyw43_lwip.c.obj
LOAD CMakeFiles/realtime.dir/Users/tyler/.pico-sdk/sdk/2.0.0/lib/cyw43-driver/src/cyw43_ctrl.c.obj
LOAD CMakeFiles/realtime.dir/Users/tyler/.pico-sdk/sdk/2.0.0/src/rp2_common/pico_cyw43_driver/cybt_shared_bus/cybt_shared_bus.c.obj
LOAD CMakeFiles/realtime.dir/Users/tyler/.pico-sdk/sdk/2.0.0/src/rp2_common/pico_cyw43_driver/cybt_shared_bus/cybt_shared_bus_driver.c.obj
LOAD CMakeFiles/realtime.dir/Users/tyler/.pico-sdk/sdk/2.0.0/src/rp2_common/hardware_pio/pio.c.obj
LOAD CMakeFiles/realtime.dir/Users/tyler/.pico-sdk/sdk/2.0.0/src/rp2_common/hardware_dma/dma.c.obj
LOAD CMakeFiles/realtime.dir/Users/tyler/.pico-sdk/sdk/2.0.0/src/rp2_common/pico_cyw43_driver/cyw43_driver.c.obj
LOAD CMakeFiles/realtime.dir/Users/tyler/.pico-sdk/sdk/2.0.0/src/rp2_common/pico_async_context/async_context_threadsafe_background.c.obj
LOAD /var/folders/cn/l2m7nyjd7ws0f_2zs76zqnjm0000gn/T//cc7P85eh.o
LOAD /Users/tyler/.pico-sdk/toolchain/13_2_Rel1/bin/../lib/gcc/arm-none-eabi/13.2.1/../../../../arm-none-eabi/lib/thumb/v6-m/nofp/libstdc++.a
LOAD /Users/tyler/.pico-sdk/toolchain/13_2_Rel1/bin/../lib/gcc/arm-none-eabi/13.2.1/../../../../arm-none-eabi/lib/thumb/v6-m/nofp/libm.a
START GROUP
LOAD /Users/tyler/.pico-sdk/toolchain/13_2_Rel1/bin/../lib/gcc/arm-none-eabi/13.2.1/thumb/v6-m/nofp/libgcc.a
LOAD /Users/tyler/.pico-sdk/toolchain/13_2_Rel1/bin/../lib/gcc/arm-none-eabi/13.2.1/../../../../arm-none-eabi/lib/thumb/v6-m/nofp/libg.a
LOAD /Users/tyler/.pico-sdk/toolchain/13_2_Rel1/bin/../lib/gcc/arm-none-eabi/13.2.1/../../../../arm-none-eabi/lib/thumb/v6-m/nofp/libc.a
END GROUP
START GROUP
LOAD /Users/tyler/.pico-sdk/toolchain/13_2_Rel1/bin/../lib/gcc/arm-none-eabi/13.2.1/thumb/v6-m/nofp/libgcc.a
LOAD /Users/tyler/.pico-sdk/toolchain/13_2_Rel1/bin/../lib/gcc/arm-none-eabi/13.2.1/../../../../arm-none-eabi/lib/thumb/v6-m/nofp/libc.a
LOAD /Users/tyler/.pico-sdk/toolchain/13_2_Rel1/bin/../lib/gcc/arm-none-eabi/13.2.1/../../../../arm-none-eabi/lib/thumb/v6-m/nofp/libnosys.a
END GROUP
LOAD /Users/tyler/.pico-sdk/toolchain/13_2_Rel1/bin/../lib/gcc/arm-none-eabi/13.2.1/thumb/v6-m/nofp/crtend.o
LOAD /Users/tyler/.pico-sdk/toolchain/13_2_Rel1/bin/../lib/gcc/arm-none-eabi/13.2.1/thumb/v6-m/nofp/crtn.o
OUTPUT(realtime.elf elf32-littlearm)
LOAD linker stubs

.ARM.attributes
                0x00000000       0x28
 .ARM.attributes
                0x00000000       0x1e /Users/tyler/.pico-sdk/toolchain/13_2_Rel1/bin/../lib/gcc/arm-none-eabi/13.2.1/thumb/v6-m/nofp/crti.o
 .ARM.attributes
                0x0000001e       0x2c /Users/tyler/.pico-sdk/toolchain/13_2_Rel1/bin/../lib/gcc/arm-none-eabi/13.2.1/thumb/v6-m/nofp/crtbegin.o
 .ARM.attributes
                0x0000004a       0x2c CMakeFiles/realtime.dir/main.c.obj
 .ARM.attributes
                0x00000076       0x2c CMakeFiles/realtime.dir/Users/tyler/.pico-sdk/sdk/2.0.0/src/rp2_common/pico_platform_panic/panic.c.obj
 .ARM.attributes
                0x000000a2       0x2c CMakeFiles/realtime.dir/Users/tyler/.pico-sdk/sdk/2.0.0/src/common/hardware_claim/claim.c.obj
 .ARM.attributes
                0x000000ce       0x2c CMakeFiles/realtime.dir/Users/tyler/.pico-sdk/sdk/2.0.0/src/rp2_common/hardware_sync/sync.c.obj
 .ARM.attributes
                0x000000fa       0x2c CMakeFiles/realtime.dir/Users/tyler/.pico-sdk/sdk/2.0.0/src/rp2_common/hardware_sync_spin_lock/sync_spin_lock.c.obj
 .ARM.attributes
                0x00000126       0x2c CMakeFiles/realtime.dir/Users/tyler/.pico-sdk/sdk/2.0.0/src/rp2_common/hardware_irq/irq.c.obj
 .ARM.attributes
                0x00000152       0x2c CMakeFiles/realtime.dir/Users/tyler/.pico-sdk/sdk/2.0.0/src/common/pico_sync/lock_core.c.obj
 .ARM.attributes
                0x0000017e       0x2c CMakeFiles/realtime.dir/Users/tyler/.pico-sdk/sdk/2.0.0/src/common/pico_sync/mutex.c.obj
 .ARM.attributes
                0x000001aa       0x2c CMakeFiles/realtime.dir/Users/tyler/.pico-sdk/sdk/2.0.0/src/common/pico_time/time.c.obj
 .ARM.attributes
                0x000001d6       0x2c CMakeFiles/realtime.dir/Users/tyler/.pico-sdk/sdk/2.0.0/src/rp2_common/hardware_timer/timer.c.obj
 .ARM.attributes
                0x00000202       0x2c CMakeFiles/realtime.dir/Users/tyler/.pico-sdk/sdk/2.0.0/src/rp2_common/hardware_clocks/clocks.c.obj
 .ARM.attributes
                0x0000022e       0x2c CMakeFiles/realtime.dir/Users/tyler/.pico-sdk/sdk/2.0.0/src/rp2_common/hardware_pll/pll.c.obj
 .ARM.attributes
                0x0000025a       0x2c CMakeFiles/realtime.dir/Users/tyler/.pico-sdk/sdk/2.0.0/src/rp2_common/hardware_ticks/ticks.c.obj
 .ARM.attributes
                0x00000286       0x2c CMakeFiles/realtime.dir/Users/tyler/.pico-sdk/sdk/2.0.0/src/rp2_common/hardware_xosc/xosc.c.obj
 .ARM.attributes
                0x000002b2       0x2c CMakeFiles/realtime.dir/Users/tyler/.pico-sdk/sdk/2.0.0/src/rp2_common/pico_runtime/runtime.c.obj
 .ARM.attributes
                0x000002de       0x2c CMakeFiles/realtime.dir/Users/tyler/.pico-sdk/sdk/2.0.0/src/rp2_common/pico_runtime_init/runtime_init.c.obj
 .ARM.attributes
                0x0000030a       0x2c CMakeFiles/realtime.dir/Users/tyler/.pico-sdk/sdk/2.0.0/src/rp2_common/pico_runtime_init/runtime_init_clocks.c.obj
 .ARM.attributes
                0x00000336       0x22 CMakeFiles/realtime.dir/Users/tyler/.pico-sdk/sdk/2.0.0/src/rp2_common/pico_bit_ops/bit_ops_aeabi.S.obj
 .ARM.attributes
                0x00000358       0x2c CMakeFiles/realtime.dir/Users/tyler/.pico-sdk/sdk/2.0.0/src/rp2_common/pico_bootrom/bootrom.c.obj
 .ARM.attributes
                0x00000384       0x22 CMakeFiles/realtime.dir/Users/tyler/.pico-sdk/sdk/2.0.0/src/rp2_common/pico_divider/divider_hardware.S.obj
 .ARM.attributes
                0x000003a6       0x22 CMakeFiles/realtime.dir/Users/tyler/.pico-sdk/sdk/2.0.0/src/rp2_common/pico_double/double_aeabi_rp2040.S.obj
 .ARM.attributes
                0x000003c8       0x2c CMakeFiles/realtime.dir/Users/tyler/.pico-sdk/sdk/2.0.0/src/rp2_common/pico_double/double_init_rom_rp2040.c.obj
 .ARM.attributes
                0x000003f4       0x22 CMakeFiles/realtime.dir/Users/tyler/.pico-sdk/sdk/2.0.0/src/rp2_common/pico_double/double_v1_rom_shim_rp2040.S.obj
 .ARM.attributes
                0x00000416       0x22 CMakeFiles/realtime.dir/Users/tyler/.pico-sdk/sdk/2.0.0/src/rp2_common/pico_float/float_aeabi_rp2040.S.obj
 .ARM.attributes
                0x00000438       0x2c CMakeFiles/realtime.dir/Users/tyler/.pico-sdk/sdk/2.0.0/src/rp2_common/pico_float/float_init_rom_rp2040.c.obj
 .ARM.attributes
                0x00000464       0x2c CMakeFiles/realtime.dir/Users/tyler/.pico-sdk/sdk/2.0.0/src/rp2_common/pico_malloc/malloc.c.obj
 .ARM.attributes
                0x00000490       0x22 CMakeFiles/realtime.dir/Users/tyler/.pico-sdk/sdk/2.0.0/src/rp2_common/pico_mem_ops/mem_ops_aeabi.S.obj
 .ARM.attributes
                0x000004b2       0x2c CMakeFiles/realtime.dir/Users/tyler/.pico-sdk/sdk/2.0.0/src/rp2_common/pico_standard_binary_info/standard_binary_info.c.obj
 .ARM.attributes
                0x000004de       0x2c CMakeFiles/realtime.dir/Users/tyler/.pico-sdk/sdk/2.0.0/src/rp2_common/pico_printf/printf.c.obj
 .ARM.attributes
                0x0000050a       0x22 CMakeFiles/realtime.dir/Users/tyler/.pico-sdk/sdk/2.0.0/src/rp2_common/pico_crt0/crt0.S.obj
 .ARM.attributes
                0x0000052c       0x2c CMakeFiles/realtime.dir/Users/tyler/.pico-sdk/sdk/2.0.0/src/rp2_common/pico_clib_interface/newlib_interface.c.obj
 .ARM.attributes
                0x00000558       0x2c CMakeFiles/realtime.dir/Users/tyler/.pico-sdk/sdk/2.0.0/src/rp2_common/pico_stdio/stdio.c.obj
 .ARM.attributes
                0x00000584       0x2c CMakeFiles/realtime.dir/Users/tyler/.pico-sdk/sdk/2.0.0/src/rp2_common/pico_unique_id/unique_id.c.obj
 .ARM.attributes
                0x000005b0       0x2c CMakeFiles/realtime.dir/Users/tyler/.pico-sdk/sdk/2.0.0/src/rp2_common/hardware_flash/flash.c.obj
 .ARM.attributes
                0x000005dc       0x2c CMakeFiles/realtime.dir/Users/tyler/.pico-sdk/sdk/2.0.0/src/rp2_common/pico_multicore/multicore.c.obj
 .ARM.attributes
                0x00000608       0x2c CMakeFiles/realtime.dir/__/lib/freertos/portable/MemMang/heap_4.c.obj
 .ARM.attributes
                0x00000634       0x2c CMakeFiles/realtime.dir/__/lib/freertos/portable/ThirdParty/GCC/RP2040/port.c.obj
 .ARM.attributes
                0x00000660       0x2c CMakeFiles/realtime.dir/__/lib/freertos/event_groups.c.obj
 .ARM.attributes
                0x0000068c       0x2c CMakeFiles/realtime.dir/__/lib/freertos/list.c.obj
 .ARM.attributes
                0x000006b8       0x2c CMakeFiles/realtime.dir/__/lib/freertos/queue.c.obj
 .ARM.attributes
                0x000006e4       0x2c CMakeFiles/realtime.dir/__/lib/freertos/tasks.c.obj
 .ARM.attributes
                0x00000710       0x2c CMakeFiles/realtime.dir/__/lib/freertos/timers.c.obj
 .ARM.attributes
                0x0000073c       0x22 /var/folders/cn/l2m7nyjd7ws0f_2zs76zqnjm0000gn/T//cc7P85eh.o
 .ARM.attributes
                0x0000075e       0x1e /Users/tyler/.pico-sdk/toolchain/13_2_Rel1/bin/../lib/gcc/arm-none-eabi/13.2.1/thumb/v6-m/nofp/libgcc.a(_dvmd_tls.o)
 .ARM.attributes
                0x0000077c       0x2c /Users/tyler/.pico-sdk/toolchain/13_2_Rel1/bin/../lib/gcc/arm-none-eabi/13.2.1/../../../../arm-none-eabi/lib/thumb/v6-m/nofp/libg.a(libc_a-strlen-stub.o)
 .ARM.attributes
                0x000007a8       0x2c /Users/tyler/.pico-sdk/toolchain/13_2_Rel1/bin/../lib/gcc/arm-none-eabi/13.2.1/thumb/v6-m/nofp/crtend.o

.comment        0x00000000       0x44
 .comment       0x00000000       0x44 CMakeFiles/realtime.dir/main.c.obj
                                 0x45 (size before relaxing)
 .comment       0x00000044       0x45 CMakeFiles/realtime.dir/Users/tyler/.pico-sdk/sdk/2.0.0/src/rp2_common/pico_platform_panic/panic.c.obj
 .comment       0x00000044       0x45 CMakeFiles/realtime.dir/Users/tyler/.pico-sdk/sdk/2.0.0/src/common/hardware_claim/claim.c.obj
 .comment       0x00000044       0x45 CMakeFiles/realtime.dir/Users/tyler/.pico-sdk/sdk/2.0.0/src/rp2_common/hardware_sync/sync.c.obj
 .comment       0x00000044       0x45 CMakeFiles/realtime.dir/Users/tyler/.pico-sdk/sdk/2.0.0/src/rp2_common/hardware_sync_spin_lock/sync_spin_lock.c.obj
 .comment       0x00000044       0x45 CMakeFiles/realtime.dir/Users/tyler/.pico-sdk/sdk/2.0.0/src/rp2_common/hardware_irq/irq.c.obj
 .comment       0x00000044       0x45 CMakeFiles/realtime.dir/Users/tyler/.pico-sdk/sdk/2.0.0/src/common/pico_sync/lock_core.c.obj
 .comment       0x00000044       0x45 CMakeFiles/realtime.dir/Users/tyler/.pico-sdk/sdk/2.0.0/src/common/pico_sync/mutex.c.obj
 .comment       0x00000044       0x45 CMakeFiles/realtime.dir/Users/tyler/.pico-sdk/sdk/2.0.0/src/common/pico_time/time.c.obj
 .comment       0x00000044       0x45 CMakeFiles/realtime.dir/Users/tyler/.pico-sdk/sdk/2.0.0/src/rp2_common/hardware_timer/timer.c.obj
 .comment       0x00000044       0x45 CMakeFiles/realtime.dir/Users/tyler/.pico-sdk/sdk/2.0.0/src/rp2_common/hardware_clocks/clocks.c.obj
 .comment       0x00000044       0x45 CMakeFiles/realtime.dir/Users/tyler/.pico-sdk/sdk/2.0.0/src/rp2_common/hardware_pll/pll.c.obj
 .comment       0x00000044       0x45 CMakeFiles/realtime.dir/Users/tyler/.pico-sdk/sdk/2.0.0/src/rp2_common/hardware_ticks/ticks.c.obj
 .comment       0x00000044       0x45 CMakeFiles/realtime.dir/Users/tyler/.pico-sdk/sdk/2.0.0/src/rp2_common/hardware_xosc/xosc.c.obj
 .comment       0x00000044       0x45 CMakeFiles/realtime.dir/Users/tyler/.pico-sdk/sdk/2.0.0/src/rp2_common/pico_runtime/runtime.c.obj
 .comment       0x00000044       0x45 CMakeFiles/realtime.dir/Users/tyler/.pico-sdk/sdk/2.0.0/src/rp2_common/pico_runtime_init/runtime_init.c.obj
 .comment       0x00000044       0x45 CMakeFiles/realtime.dir/Users/tyler/.pico-sdk/sdk/2.0.0/src/rp2_common/pico_runtime_init/runtime_init_clocks.c.obj
 .comment       0x00000044       0x45 CMakeFiles/realtime.dir/Users/tyler/.pico-sdk/sdk/2.0.0/src/rp2_common/pico_bootrom/bootrom.c.obj
 .comment       0x00000044       0x45 CMakeFiles/realtime.dir/Users/tyler/.pico-sdk/sdk/2.0.0/src/rp2_common/pico_double/double_init_rom_rp2040.c.obj
 .comment       0x00000044       0x45 CMakeFiles/realtime.dir/Users/tyler/.pico-sdk/sdk/2.0.0/src/rp2_common/pico_float/float_init_rom_rp2040.c.obj
 .comment       0x00000044       0x45 CMakeFiles/realtime.dir/Users/tyler/.pico-sdk/sdk/2.0.0/src/rp2_common/pico_malloc/malloc.c.obj
 .comment       0x00000044       0x45 CMakeFiles/realtime.dir/Users/tyler/.pico-sdk/sdk/2.0.0/src/rp2_common/pico_standard_binary_info/standard_binary_info.c.obj
 .comment       0x00000044       0x45 CMakeFiles/realtime.dir/Users/tyler/.pico-sdk/sdk/2.0.0/src/rp2_common/pico_printf/printf.c.obj
 .comment       0x00000044       0x45 CMakeFiles/realtime.dir/Users/tyler/.pico-sdk/sdk/2.0.0/src/rp2_common/pico_clib_interface/newlib_interface.c.obj
 .comment       0x00000044       0x45 CMakeFiles/realtime.dir/Users/tyler/.pico-sdk/sdk/2.0.0/src/rp2_common/pico_stdio/stdio.c.obj
 .comment       0x00000044       0x45 CMakeFiles/realtime.dir/Users/tyler/.pico-sdk/sdk/2.0.0/src/rp2_common/pico_unique_id/unique_id.c.obj
 .comment       0x00000044       0x45 CMakeFiles/realtime.dir/Users/tyler/.pico-sdk/sdk/2.0.0/src/rp2_common/hardware_flash/flash.c.obj
 .comment       0x00000044       0x45 CMakeFiles/realtime.dir/Users/tyler/.pico-sdk/sdk/2.0.0/src/rp2_common/pico_multicore/multicore.c.obj
 .comment       0x00000044       0x45 CMakeFiles/realtime.dir/__/lib/freertos/portable/MemMang/heap_4.c.obj
 .comment       0x00000044       0x45 CMakeFiles/realtime.dir/__/lib/freertos/portable/ThirdParty/GCC/RP2040/port.c.obj
 .comment       0x00000044       0x45 CMakeFiles/realtime.dir/__/lib/freertos/event_groups.c.obj
 .comment       0x00000044       0x45 CMakeFiles/realtime.dir/__/lib/freertos/list.c.obj
 .comment       0x00000044       0x45 CMakeFiles/realtime.dir/__/lib/freertos/queue.c.obj
 .comment       0x00000044       0x45 CMakeFiles/realtime.dir/__/lib/freertos/tasks.c.obj
 .comment       0x00000044       0x45 CMakeFiles/realtime.dir/__/lib/freertos/timers.c.obj

.debug_info     0x00000000    0x25dcc
 .debug_info    0x00000000       0xb8 CMakeFiles/realtime.dir/main.c.obj
 .debug_info    0x000000b8      0x1bf CMakeFiles/realtime.dir/Users/tyler/.pico-sdk/sdk/2.0.0/src/rp2_common/pico_platform_panic/panic.c.obj
 .debug_info    0x00000277      0x995 CMakeFiles/realtime.dir/Users/tyler/.pico-sdk/sdk/2.0.0/src/common/hardware_claim/claim.c.obj
 .debug_info    0x00000c0c      0x458 CMakeFiles/realtime.dir/Users/tyler/.pico-sdk/sdk/2.0.0/src/rp2_common/hardware_sync/sync.c.obj
 .debug_info    0x00001064      0x245 CMakeFiles/realtime.dir/Users/tyler/.pico-sdk/sdk/2.0.0/src/rp2_common/hardware_sync_spin_lock/sync_spin_lock.c.obj
 .debug_info    0x000012a9     0x21a8 CMakeFiles/realtime.dir/Users/tyler/.pico-sdk/sdk/2.0.0/src/rp2_common/hardware_irq/irq.c.obj
 .debug_info    0x00003451      0x15f CMakeFiles/realtime.dir/Users/tyler/.pico-sdk/sdk/2.0.0/src/common/pico_sync/lock_core.c.obj
 .debug_info    0x000035b0     0x21ed CMakeFiles/realtime.dir/Users/tyler/.pico-sdk/sdk/2.0.0/src/common/pico_sync/mutex.c.obj
 .debug_info    0x0000579d     0x486d CMakeFiles/realtime.dir/Users/tyler/.pico-sdk/sdk/2.0.0/src/common/pico_time/time.c.obj
 .debug_info    0x0000a00a     0x2af8 CMakeFiles/realtime.dir/Users/tyler/.pico-sdk/sdk/2.0.0/src/rp2_common/hardware_timer/timer.c.obj
 .debug_info    0x0000cb02     0x291d CMakeFiles/realtime.dir/Users/tyler/.pico-sdk/sdk/2.0.0/src/rp2_common/hardware_clocks/clocks.c.obj
 .debug_info    0x0000f41f      0x4e5 CMakeFiles/realtime.dir/Users/tyler/.pico-sdk/sdk/2.0.0/src/rp2_common/hardware_pll/pll.c.obj
 .debug_info    0x0000f904      0x248 CMakeFiles/realtime.dir/Users/tyler/.pico-sdk/sdk/2.0.0/src/rp2_common/hardware_ticks/ticks.c.obj
 .debug_info    0x0000fb4c      0x1cc CMakeFiles/realtime.dir/Users/tyler/.pico-sdk/sdk/2.0.0/src/rp2_common/hardware_xosc/xosc.c.obj
 .debug_info    0x0000fd18      0x21a CMakeFiles/realtime.dir/Users/tyler/.pico-sdk/sdk/2.0.0/src/rp2_common/pico_runtime/runtime.c.obj
 .debug_info    0x0000ff32      0x795 CMakeFiles/realtime.dir/Users/tyler/.pico-sdk/sdk/2.0.0/src/rp2_common/pico_runtime_init/runtime_init.c.obj
 .debug_info    0x000106c7      0x780 CMakeFiles/realtime.dir/Users/tyler/.pico-sdk/sdk/2.0.0/src/rp2_common/pico_runtime_init/runtime_init_clocks.c.obj
 .debug_info    0x00010e47       0x23 CMakeFiles/realtime.dir/Users/tyler/.pico-sdk/sdk/2.0.0/src/rp2_common/pico_bit_ops/bit_ops_aeabi.S.obj
 .debug_info    0x00010e6a      0x50f CMakeFiles/realtime.dir/Users/tyler/.pico-sdk/sdk/2.0.0/src/rp2_common/pico_bootrom/bootrom.c.obj
 .debug_info    0x00011379       0x23 CMakeFiles/realtime.dir/Users/tyler/.pico-sdk/sdk/2.0.0/src/rp2_common/pico_divider/divider_hardware.S.obj
 .debug_info    0x0001139c       0x23 CMakeFiles/realtime.dir/Users/tyler/.pico-sdk/sdk/2.0.0/src/rp2_common/pico_double/double_aeabi_rp2040.S.obj
 .debug_info    0x000113bf      0x2c9 CMakeFiles/realtime.dir/Users/tyler/.pico-sdk/sdk/2.0.0/src/rp2_common/pico_double/double_init_rom_rp2040.c.obj
 .debug_info    0x00011688       0x24 CMakeFiles/realtime.dir/Users/tyler/.pico-sdk/sdk/2.0.0/src/rp2_common/pico_double/double_v1_rom_shim_rp2040.S.obj
 .debug_info    0x000116ac       0x23 CMakeFiles/realtime.dir/Users/tyler/.pico-sdk/sdk/2.0.0/src/rp2_common/pico_float/float_aeabi_rp2040.S.obj
 .debug_info    0x000116cf      0x2b5 CMakeFiles/realtime.dir/Users/tyler/.pico-sdk/sdk/2.0.0/src/rp2_common/pico_float/float_init_rom_rp2040.c.obj
 .debug_info    0x00011984      0x601 CMakeFiles/realtime.dir/Users/tyler/.pico-sdk/sdk/2.0.0/src/rp2_common/pico_malloc/malloc.c.obj
 .debug_info    0x00011f85       0x23 CMakeFiles/realtime.dir/Users/tyler/.pico-sdk/sdk/2.0.0/src/rp2_common/pico_mem_ops/mem_ops_aeabi.S.obj
 .debug_info    0x00011fa8      0x2b8 CMakeFiles/realtime.dir/Users/tyler/.pico-sdk/sdk/2.0.0/src/rp2_common/pico_standard_binary_info/standard_binary_info.c.obj
 .debug_info    0x00012260     0x211a CMakeFiles/realtime.dir/Users/tyler/.pico-sdk/sdk/2.0.0/src/rp2_common/pico_printf/printf.c.obj
 .debug_info    0x0001437a       0x23 CMakeFiles/realtime.dir/Users/tyler/.pico-sdk/sdk/2.0.0/src/rp2_common/pico_crt0/crt0.S.obj
 .debug_info    0x0001439d      0xbad CMakeFiles/realtime.dir/Users/tyler/.pico-sdk/sdk/2.0.0/src/rp2_common/pico_clib_interface/newlib_interface.c.obj
 .debug_info    0x00014f4a     0x1bab CMakeFiles/realtime.dir/Users/tyler/.pico-sdk/sdk/2.0.0/src/rp2_common/pico_stdio/stdio.c.obj
 .debug_info    0x00016af5      0x1fa CMakeFiles/realtime.dir/Users/tyler/.pico-sdk/sdk/2.0.0/src/rp2_common/pico_unique_id/unique_id.c.obj
 .debug_info    0x00016cef     0x12e9 CMakeFiles/realtime.dir/Users/tyler/.pico-sdk/sdk/2.0.0/src/rp2_common/hardware_flash/flash.c.obj
 .debug_info    0x00017fd8     0x1f25 CMakeFiles/realtime.dir/Users/tyler/.pico-sdk/sdk/2.0.0/src/rp2_common/pico_multicore/multicore.c.obj
 .debug_info    0x00019efd      0x620 CMakeFiles/realtime.dir/__/lib/freertos/portable/MemMang/heap_4.c.obj
 .debug_info    0x0001a51d     0x1d13 CMakeFiles/realtime.dir/__/lib/freertos/portable/ThirdParty/GCC/RP2040/port.c.obj
 .debug_info    0x0001c230      0xe7d CMakeFiles/realtime.dir/__/lib/freertos/event_groups.c.obj
 .debug_info    0x0001d0ad      0x2ba CMakeFiles/realtime.dir/__/lib/freertos/list.c.obj
 .debug_info    0x0001d367     0x2d7c CMakeFiles/realtime.dir/__/lib/freertos/queue.c.obj
 .debug_info    0x000200e3     0x4325 CMakeFiles/realtime.dir/__/lib/freertos/tasks.c.obj
 .debug_info    0x00024408     0x19c4 CMakeFiles/realtime.dir/__/lib/freertos/timers.c.obj

.debug_abbrev   0x00000000     0x69e6
 .debug_abbrev  0x00000000       0x78 CMakeFiles/realtime.dir/main.c.obj
 .debug_abbrev  0x00000078      0x12b CMakeFiles/realtime.dir/Users/tyler/.pico-sdk/sdk/2.0.0/src/rp2_common/pico_platform_panic/panic.c.obj
 .debug_abbrev  0x000001a3      0x33b CMakeFiles/realtime.dir/Users/tyler/.pico-sdk/sdk/2.0.0/src/common/hardware_claim/claim.c.obj
 .debug_abbrev  0x000004de      0x20d CMakeFiles/realtime.dir/Users/tyler/.pico-sdk/sdk/2.0.0/src/rp2_common/hardware_sync/sync.c.obj
 .debug_abbrev  0x000006eb      0x1bb CMakeFiles/realtime.dir/Users/tyler/.pico-sdk/sdk/2.0.0/src/rp2_common/hardware_sync_spin_lock/sync_spin_lock.c.obj
 .debug_abbrev  0x000008a6      0x5ff CMakeFiles/realtime.dir/Users/tyler/.pico-sdk/sdk/2.0.0/src/rp2_common/hardware_irq/irq.c.obj
 .debug_abbrev  0x00000ea5       0xee CMakeFiles/realtime.dir/Users/tyler/.pico-sdk/sdk/2.0.0/src/common/pico_sync/lock_core.c.obj
 .debug_abbrev  0x00000f93      0x455 CMakeFiles/realtime.dir/Users/tyler/.pico-sdk/sdk/2.0.0/src/common/pico_sync/mutex.c.obj
 .debug_abbrev  0x000013e8      0x671 CMakeFiles/realtime.dir/Users/tyler/.pico-sdk/sdk/2.0.0/src/common/pico_time/time.c.obj
 .debug_abbrev  0x00001a59      0x503 CMakeFiles/realtime.dir/Users/tyler/.pico-sdk/sdk/2.0.0/src/rp2_common/hardware_timer/timer.c.obj
 .debug_abbrev  0x00001f5c      0x4e2 CMakeFiles/realtime.dir/Users/tyler/.pico-sdk/sdk/2.0.0/src/rp2_common/hardware_clocks/clocks.c.obj
 .debug_abbrev  0x0000243e      0x1d2 CMakeFiles/realtime.dir/Users/tyler/.pico-sdk/sdk/2.0.0/src/rp2_common/hardware_pll/pll.c.obj
 .debug_abbrev  0x00002610      0x145 CMakeFiles/realtime.dir/Users/tyler/.pico-sdk/sdk/2.0.0/src/rp2_common/hardware_ticks/ticks.c.obj
 .debug_abbrev  0x00002755      0x11b CMakeFiles/realtime.dir/Users/tyler/.pico-sdk/sdk/2.0.0/src/rp2_common/hardware_xosc/xosc.c.obj
 .debug_abbrev  0x00002870      0x182 CMakeFiles/realtime.dir/Users/tyler/.pico-sdk/sdk/2.0.0/src/rp2_common/pico_runtime/runtime.c.obj
 .debug_abbrev  0x000029f2      0x222 CMakeFiles/realtime.dir/Users/tyler/.pico-sdk/sdk/2.0.0/src/rp2_common/pico_runtime_init/runtime_init.c.obj
 .debug_abbrev  0x00002c14      0x294 CMakeFiles/realtime.dir/Users/tyler/.pico-sdk/sdk/2.0.0/src/rp2_common/pico_runtime_init/runtime_init_clocks.c.obj
 .debug_abbrev  0x00002ea8       0x12 CMakeFiles/realtime.dir/Users/tyler/.pico-sdk/sdk/2.0.0/src/rp2_common/pico_bit_ops/bit_ops_aeabi.S.obj
 .debug_abbrev  0x00002eba      0x1b9 CMakeFiles/realtime.dir/Users/tyler/.pico-sdk/sdk/2.0.0/src/rp2_common/pico_bootrom/bootrom.c.obj
 .debug_abbrev  0x00003073       0x12 CMakeFiles/realtime.dir/Users/tyler/.pico-sdk/sdk/2.0.0/src/rp2_common/pico_divider/divider_hardware.S.obj
 .debug_abbrev  0x00003085       0x12 CMakeFiles/realtime.dir/Users/tyler/.pico-sdk/sdk/2.0.0/src/rp2_common/pico_double/double_aeabi_rp2040.S.obj
 .debug_abbrev  0x00003097      0x1bb CMakeFiles/realtime.dir/Users/tyler/.pico-sdk/sdk/2.0.0/src/rp2_common/pico_double/double_init_rom_rp2040.c.obj
 .debug_abbrev  0x00003252       0x14 CMakeFiles/realtime.dir/Users/tyler/.pico-sdk/sdk/2.0.0/src/rp2_common/pico_double/double_v1_rom_shim_rp2040.S.obj
 .debug_abbrev  0x00003266       0x12 CMakeFiles/realtime.dir/Users/tyler/.pico-sdk/sdk/2.0.0/src/rp2_common/pico_float/float_aeabi_rp2040.S.obj
 .debug_abbrev  0x00003278      0x19e CMakeFiles/realtime.dir/Users/tyler/.pico-sdk/sdk/2.0.0/src/rp2_common/pico_float/float_init_rom_rp2040.c.obj
 .debug_abbrev  0x00003416      0x211 CMakeFiles/realtime.dir/Users/tyler/.pico-sdk/sdk/2.0.0/src/rp2_common/pico_malloc/malloc.c.obj
 .debug_abbrev  0x00003627       0x12 CMakeFiles/realtime.dir/Users/tyler/.pico-sdk/sdk/2.0.0/src/rp2_common/pico_mem_ops/mem_ops_aeabi.S.obj
 .debug_abbrev  0x00003639       0xb8 CMakeFiles/realtime.dir/Users/tyler/.pico-sdk/sdk/2.0.0/src/rp2_common/pico_standard_binary_info/standard_binary_info.c.obj
 .debug_abbrev  0x000036f1      0x525 CMakeFiles/realtime.dir/Users/tyler/.pico-sdk/sdk/2.0.0/src/rp2_common/pico_printf/printf.c.obj
 .debug_abbrev  0x00003c16       0x12 CMakeFiles/realtime.dir/Users/tyler/.pico-sdk/sdk/2.0.0/src/rp2_common/pico_crt0/crt0.S.obj
 .debug_abbrev  0x00003c28      0x389 CMakeFiles/realtime.dir/Users/tyler/.pico-sdk/sdk/2.0.0/src/rp2_common/pico_clib_interface/newlib_interface.c.obj
 .debug_abbrev  0x00003fb1      0x5d6 CMakeFiles/realtime.dir/Users/tyler/.pico-sdk/sdk/2.0.0/src/rp2_common/pico_stdio/stdio.c.obj
 .debug_abbrev  0x00004587      0x153 CMakeFiles/realtime.dir/Users/tyler/.pico-sdk/sdk/2.0.0/src/rp2_common/pico_unique_id/unique_id.c.obj
 .debug_abbrev  0x000046da      0x334 CMakeFiles/realtime.dir/Users/tyler/.pico-sdk/sdk/2.0.0/src/rp2_common/hardware_flash/flash.c.obj
 .debug_abbrev  0x00004a0e      0x5e3 CMakeFiles/realtime.dir/Users/tyler/.pico-sdk/sdk/2.0.0/src/rp2_common/pico_multicore/multicore.c.obj
 .debug_abbrev  0x00004ff1      0x2dc CMakeFiles/realtime.dir/__/lib/freertos/portable/MemMang/heap_4.c.obj
 .debug_abbrev  0x000052cd      0x60b CMakeFiles/realtime.dir/__/lib/freertos/portable/ThirdParty/GCC/RP2040/port.c.obj
 .debug_abbrev  0x000058d8      0x2f6 CMakeFiles/realtime.dir/__/lib/freertos/event_groups.c.obj
 .debug_abbrev  0x00005bce      0x103 CMakeFiles/realtime.dir/__/lib/freertos/list.c.obj
 .debug_abbrev  0x00005cd1      0x402 CMakeFiles/realtime.dir/__/lib/freertos/queue.c.obj
 .debug_abbrev  0x000060d3      0x52e CMakeFiles/realtime.dir/__/lib/freertos/tasks.c.obj
 .debug_abbrev  0x00006601      0x3e5 CMakeFiles/realtime.dir/__/lib/freertos/timers.c.obj

.debug_aranges  0x00000000     0x13a0
 .debug_aranges
                0x00000000       0x30 CMakeFiles/realtime.dir/main.c.obj
 .debug_aranges
                0x00000030       0x28 CMakeFiles/realtime.dir/Users/tyler/.pico-sdk/sdk/2.0.0/src/rp2_common/pico_platform_panic/panic.c.obj
 .debug_aranges
                0x00000058       0x48 CMakeFiles/realtime.dir/Users/tyler/.pico-sdk/sdk/2.0.0/src/common/hardware_claim/claim.c.obj
 .debug_aranges
                0x000000a0       0x48 CMakeFiles/realtime.dir/Users/tyler/.pico-sdk/sdk/2.0.0/src/rp2_common/hardware_sync/sync.c.obj
 .debug_aranges
                0x000000e8       0x28 CMakeFiles/realtime.dir/Users/tyler/.pico-sdk/sdk/2.0.0/src/rp2_common/hardware_sync_spin_lock/sync_spin_lock.c.obj
 .debug_aranges
                0x00000110       0xb0 CMakeFiles/realtime.dir/Users/tyler/.pico-sdk/sdk/2.0.0/src/rp2_common/hardware_irq/irq.c.obj
 .debug_aranges
                0x000001c0       0x20 CMakeFiles/realtime.dir/Users/tyler/.pico-sdk/sdk/2.0.0/src/common/pico_sync/lock_core.c.obj
 .debug_aranges
                0x000001e0       0x98 CMakeFiles/realtime.dir/Users/tyler/.pico-sdk/sdk/2.0.0/src/common/pico_sync/mutex.c.obj
 .debug_aranges
                0x00000278       0xe0 CMakeFiles/realtime.dir/Users/tyler/.pico-sdk/sdk/2.0.0/src/common/pico_time/time.c.obj
 .debug_aranges
                0x00000358       0xf0 CMakeFiles/realtime.dir/Users/tyler/.pico-sdk/sdk/2.0.0/src/rp2_common/hardware_timer/timer.c.obj
 .debug_aranges
                0x00000448       0x90 CMakeFiles/realtime.dir/Users/tyler/.pico-sdk/sdk/2.0.0/src/rp2_common/hardware_clocks/clocks.c.obj
 .debug_aranges
                0x000004d8       0x28 CMakeFiles/realtime.dir/Users/tyler/.pico-sdk/sdk/2.0.0/src/rp2_common/hardware_pll/pll.c.obj
 .debug_aranges
                0x00000500       0x30 CMakeFiles/realtime.dir/Users/tyler/.pico-sdk/sdk/2.0.0/src/rp2_common/hardware_ticks/ticks.c.obj
 .debug_aranges
                0x00000530       0x30 CMakeFiles/realtime.dir/Users/tyler/.pico-sdk/sdk/2.0.0/src/rp2_common/hardware_xosc/xosc.c.obj
 .debug_aranges
                0x00000560       0x38 CMakeFiles/realtime.dir/Users/tyler/.pico-sdk/sdk/2.0.0/src/rp2_common/pico_runtime/runtime.c.obj
 .debug_aranges
                0x00000598       0x48 CMakeFiles/realtime.dir/Users/tyler/.pico-sdk/sdk/2.0.0/src/rp2_common/pico_runtime_init/runtime_init.c.obj
 .debug_aranges
                0x000005e0       0x20 CMakeFiles/realtime.dir/Users/tyler/.pico-sdk/sdk/2.0.0/src/rp2_common/pico_runtime_init/runtime_init_clocks.c.obj
 .debug_aranges
                0x00000600       0x60 CMakeFiles/realtime.dir/Users/tyler/.pico-sdk/sdk/2.0.0/src/rp2_common/pico_bit_ops/bit_ops_aeabi.S.obj
 .debug_aranges
                0x00000660       0x38 CMakeFiles/realtime.dir/Users/tyler/.pico-sdk/sdk/2.0.0/src/rp2_common/pico_bootrom/bootrom.c.obj
 .debug_aranges
                0x00000698       0x40 CMakeFiles/realtime.dir/Users/tyler/.pico-sdk/sdk/2.0.0/src/rp2_common/pico_divider/divider_hardware.S.obj
 .debug_aranges
                0x000006d8      0x140 CMakeFiles/realtime.dir/Users/tyler/.pico-sdk/sdk/2.0.0/src/rp2_common/pico_double/double_aeabi_rp2040.S.obj
 .debug_aranges
                0x00000818       0x28 CMakeFiles/realtime.dir/Users/tyler/.pico-sdk/sdk/2.0.0/src/rp2_common/pico_double/double_init_rom_rp2040.c.obj
 .debug_aranges
                0x00000840       0x20 CMakeFiles/realtime.dir/Users/tyler/.pico-sdk/sdk/2.0.0/src/rp2_common/pico_double/double_v1_rom_shim_rp2040.S.obj
 .debug_aranges
                0x00000860      0x130 CMakeFiles/realtime.dir/Users/tyler/.pico-sdk/sdk/2.0.0/src/rp2_common/pico_float/float_aeabi_rp2040.S.obj
 .debug_aranges
                0x00000990       0x28 CMakeFiles/realtime.dir/Users/tyler/.pico-sdk/sdk/2.0.0/src/rp2_common/pico_float/float_init_rom_rp2040.c.obj
 .debug_aranges
                0x000009b8       0x38 CMakeFiles/realtime.dir/Users/tyler/.pico-sdk/sdk/2.0.0/src/rp2_common/pico_malloc/malloc.c.obj
 .debug_aranges
                0x000009f0       0x38 CMakeFiles/realtime.dir/Users/tyler/.pico-sdk/sdk/2.0.0/src/rp2_common/pico_mem_ops/mem_ops_aeabi.S.obj
 .debug_aranges
                0x00000a28       0x18 CMakeFiles/realtime.dir/Users/tyler/.pico-sdk/sdk/2.0.0/src/rp2_common/pico_standard_binary_info/standard_binary_info.c.obj
 .debug_aranges
                0x00000a40       0x90 CMakeFiles/realtime.dir/Users/tyler/.pico-sdk/sdk/2.0.0/src/rp2_common/pico_printf/printf.c.obj
 .debug_aranges
                0x00000ad0       0x28 CMakeFiles/realtime.dir/Users/tyler/.pico-sdk/sdk/2.0.0/src/rp2_common/pico_crt0/crt0.S.obj
 .debug_aranges
                0x00000af8       0xa0 CMakeFiles/realtime.dir/Users/tyler/.pico-sdk/sdk/2.0.0/src/rp2_common/pico_clib_interface/newlib_interface.c.obj
 .debug_aranges
                0x00000b98       0xc8 CMakeFiles/realtime.dir/Users/tyler/.pico-sdk/sdk/2.0.0/src/rp2_common/pico_stdio/stdio.c.obj
 .debug_aranges
                0x00000c60       0x30 CMakeFiles/realtime.dir/Users/tyler/.pico-sdk/sdk/2.0.0/src/rp2_common/pico_unique_id/unique_id.c.obj
 .debug_aranges
                0x00000c90       0x60 CMakeFiles/realtime.dir/Users/tyler/.pico-sdk/sdk/2.0.0/src/rp2_common/hardware_flash/flash.c.obj
 .debug_aranges
                0x00000cf0       0xa8 CMakeFiles/realtime.dir/Users/tyler/.pico-sdk/sdk/2.0.0/src/rp2_common/pico_multicore/multicore.c.obj
 .debug_aranges
                0x00000d98       0x58 CMakeFiles/realtime.dir/__/lib/freertos/portable/MemMang/heap_4.c.obj
 .debug_aranges
                0x00000df0       0xd0 CMakeFiles/realtime.dir/__/lib/freertos/portable/ThirdParty/GCC/RP2040/port.c.obj
 .debug_aranges
                0x00000ec0       0x80 CMakeFiles/realtime.dir/__/lib/freertos/event_groups.c.obj
 .debug_aranges
                0x00000f40       0x40 CMakeFiles/realtime.dir/__/lib/freertos/list.c.obj
 .debug_aranges
                0x00000f80      0x148 CMakeFiles/realtime.dir/__/lib/freertos/queue.c.obj
 .debug_aranges
                0x000010c8      0x220 CMakeFiles/realtime.dir/__/lib/freertos/tasks.c.obj
 .debug_aranges
                0x000012e8       0xb8 CMakeFiles/realtime.dir/__/lib/freertos/timers.c.obj

.debug_rnglists
                0x00000000     0x3605
 .debug_rnglists
                0x00000000       0x1f CMakeFiles/realtime.dir/main.c.obj
 .debug_rnglists
                0x0000001f       0x19 CMakeFiles/realtime.dir/Users/tyler/.pico-sdk/sdk/2.0.0/src/rp2_common/pico_platform_panic/panic.c.obj
 .debug_rnglists
                0x00000038       0xc5 CMakeFiles/realtime.dir/Users/tyler/.pico-sdk/sdk/2.0.0/src/common/hardware_claim/claim.c.obj
 .debug_rnglists
                0x000000fd       0x67 CMakeFiles/realtime.dir/Users/tyler/.pico-sdk/sdk/2.0.0/src/rp2_common/hardware_sync/sync.c.obj
 .debug_rnglists
                0x00000164       0x3d CMakeFiles/realtime.dir/Users/tyler/.pico-sdk/sdk/2.0.0/src/rp2_common/hardware_sync_spin_lock/sync_spin_lock.c.obj
 .debug_rnglists
                0x000001a1      0x355 CMakeFiles/realtime.dir/Users/tyler/.pico-sdk/sdk/2.0.0/src/rp2_common/hardware_irq/irq.c.obj
 .debug_rnglists
                0x000004f6       0x1f CMakeFiles/realtime.dir/Users/tyler/.pico-sdk/sdk/2.0.0/src/common/pico_sync/lock_core.c.obj
 .debug_rnglists
                0x00000515      0x264 CMakeFiles/realtime.dir/Users/tyler/.pico-sdk/sdk/2.0.0/src/common/pico_sync/mutex.c.obj
 .debug_rnglists
                0x00000779      0x777 CMakeFiles/realtime.dir/Users/tyler/.pico-sdk/sdk/2.0.0/src/common/pico_time/time.c.obj
 .debug_rnglists
                0x00000ef0      0x2c9 CMakeFiles/realtime.dir/Users/tyler/.pico-sdk/sdk/2.0.0/src/rp2_common/hardware_timer/timer.c.obj
 .debug_rnglists
                0x000011b9      0x4ad CMakeFiles/realtime.dir/Users/tyler/.pico-sdk/sdk/2.0.0/src/rp2_common/hardware_clocks/clocks.c.obj
 .debug_rnglists
                0x00001666       0x5c CMakeFiles/realtime.dir/Users/tyler/.pico-sdk/sdk/2.0.0/src/rp2_common/hardware_pll/pll.c.obj
 .debug_rnglists