Archive member included to satisfy reference by file (symbol)

/Users/tyler/.pico-sdk/toolchain/13_2_Rel1/bin/../lib/gcc/arm-none-eabi/13.2.1/thumb/v6-m/nofp/libgcc.a(_dvmd_tls.o)
                              CMakeFiles/realtime.dir/Users/tyler/.pico-sdk/sdk/2.0.0/src/rp2_common/pico_divider/divider_hardware.S.obj (__aeabi_idiv0)
/Users/tyler/.pico-sdk/toolchain/13_2_Rel1/bin/../lib/gcc/arm-none-eabi/13.2.1/../../../../arm-none-eabi/lib/thumb/v6-m/nofp/libg.a(libc_a-calloc.o)
                              CMakeFiles/realtime.dir/Users/tyler/.pico-sdk/sdk/2.0.0/src/rp2_common/pico_malloc/malloc.c.obj (calloc)
/Users/tyler/.pico-sdk/toolchain/13_2_Rel1/bin/../lib/gcc/arm-none-eabi/13.2.1/../../../../arm-none-eabi/lib/thumb/v6-m/nofp/libg.a(libc_a-callocr.o)
                              /Users/tyler/.pico-sdk/toolchain/13_2_Rel1/bin/../lib/gcc/arm-none-eabi/13.2.1/../../../../arm-none-eabi/lib/thumb/v6-m/nofp/libg.a(libc_a-calloc.o) (_calloc_r)
/Users/tyler/.pico-sdk/toolchain/13_2_Rel1/bin/../lib/gcc/arm-none-eabi/13.2.1/../../../../arm-none-eabi/lib/thumb/v6-m/nofp/libg.a(libc_a-malloc.o)
                              CMakeFiles/realtime.dir/Users/tyler/.pico-sdk/sdk/2.0.0/src/rp2_common/pico_malloc/malloc.c.obj (malloc)
/Users/tyler/.pico-sdk/toolchain/13_2_Rel1/bin/../lib/gcc/arm-none-eabi/13.2.1/../../../../arm-none-eabi/lib/thumb/v6-m/nofp/libg.a(libc_a-mallocr.o)
                              /Users/tyler/.pico-sdk/toolchain/13_2_Rel1/bin/../lib/gcc/arm-none-eabi/13.2.1/../../../../arm-none-eabi/lib/thumb/v6-m/nofp/libg.a(libc_a-callocr.o) (_malloc_r)
/Users/tyler/.pico-sdk/toolchain/13_2_Rel1/bin/../lib/gcc/arm-none-eabi/13.2.1/../../../../arm-none-eabi/lib/thumb/v6-m/nofp/libg.a(libc_a-mlock.o)
                              /Users/tyler/.pico-sdk/toolchain/13_2_Rel1/bin/../lib/gcc/arm-none-eabi/13.2.1/../../../../arm-none-eabi/lib/thumb/v6-m/nofp/libg.a(libc_a-mallocr.o) (__malloc_lock)
/Users/tyler/.pico-sdk/toolchain/13_2_Rel1/bin/../lib/gcc/arm-none-eabi/13.2.1/../../../../arm-none-eabi/lib/thumb/v6-m/nofp/libg.a(libc_a-realloc.o)
                              CMakeFiles/realtime.dir/Users/tyler/.pico-sdk/sdk/2.0.0/src/rp2_common/pico_malloc/malloc.c.obj (realloc)
/Users/tyler/.pico-sdk/toolchain/13_2_Rel1/bin/../lib/gcc/arm-none-eabi/13.2.1/../../../../arm-none-eabi/lib/thumb/v6-m/nofp/libg.a(libc_a-reallocr.o)
                              /Users/tyler/.pico-sdk/toolchain/13_2_Rel1/bin/../lib/gcc/arm-none-eabi/13.2.1/../../../../arm-none-eabi/lib/thumb/v6-m/nofp/libg.a(libc_a-realloc.o) (_realloc_r)
/Users/tyler/.pico-sdk/toolchain/13_2_Rel1/bin/../lib/gcc/arm-none-eabi/13.2.1/../../../../arm-none-eabi/lib/thumb/v6-m/nofp/libg.a(libc_a-memcmp.o)
                              CMakeFiles/realtime.dir/Users/tyler/.pico-sdk/sdk/2.0.0/src/rp2_common/pico_atomic/atomic.c.obj (memcmp)
/Users/tyler/.pico-sdk/toolchain/13_2_Rel1/bin/../lib/gcc/arm-none-eabi/13.2.1/../../../../arm-none-eabi/lib/thumb/v6-m/nofp/libg.a(libc_a-memmove.o)
                              CMakeFiles/realtime.dir/Users/tyler/.pico-sdk/sdk/2.0.0/lib/cyw43-driver/src/cyw43_ll.c.obj (memmove)
/Users/tyler/.pico-sdk/toolchain/13_2_Rel1/bin/../lib/gcc/arm-none-eabi/13.2.1/../../../../arm-none-eabi/lib/thumb/v6-m/nofp/libg.a(libc_a-strncmp.o)
                              CMakeFiles/realtime.dir/Users/tyler/.pico-sdk/sdk/2.0.0/lib/cyw43-driver/src/cyw43_ll.c.obj (strncmp)
/Users/tyler/.pico-sdk/toolchain/13_2_Rel1/bin/../lib/gcc/arm-none-eabi/13.2.1/../../../../arm-none-eabi/lib/thumb/v6-m/nofp/libg.a(libc_a-lcltime_r.o)
                              CMakeFiles/realtime.dir/Users/tyler/.pico-sdk/sdk/2.0.0/src/common/pico_util/datetime.c.obj (localtime_r)
/Users/tyler/.pico-sdk/toolchain/13_2_Rel1/bin/../lib/gcc/arm-none-eabi/13.2.1/../../../../arm-none-eabi/lib/thumb/v6-m/nofp/libg.a(libc_a-mktime.o)
                              CMakeFiles/realtime.dir/Users/tyler/.pico-sdk/sdk/2.0.0/src/common/pico_util/datetime.c.obj (mktime)
/Users/tyler/.pico-sdk/toolchain/13_2_Rel1/bin/../lib/gcc/arm-none-eabi/13.2.1/../../../../arm-none-eabi/lib/thumb/v6-m/nofp/libg.a(libc_a-month_lengths.o)
                              /Users/tyler/.pico-sdk/toolchain/13_2_Rel1/bin/../lib/gcc/arm-none-eabi/13.2.1/../../../../arm-none-eabi/lib/thumb/v6-m/nofp/libg.a(libc_a-lcltime_r.o) (__month_lengths)
/Users/tyler/.pico-sdk/toolchain/13_2_Rel1/bin/../lib/gcc/arm-none-eabi/13.2.1/../../../../arm-none-eabi/lib/thumb/v6-m/nofp/libg.a(libc_a-tzcalc_limits.o)
                              /Users/tyler/.pico-sdk/toolchain/13_2_Rel1/bin/../lib/gcc/arm-none-eabi/13.2.1/../../../../arm-none-eabi/lib/thumb/v6-m/nofp/libg.a(libc_a-lcltime_r.o) (__tzcalc_limits)
/Users/tyler/.pico-sdk/toolchain/13_2_Rel1/bin/../lib/gcc/arm-none-eabi/13.2.1/../../../../arm-none-eabi/lib/thumb/v6-m/nofp/libg.a(libc_a-tzlock.o)
[...]
Memory Configuration

Name             Origin             Length             Attributes
FLASH            0x10000000         0x00200000         xr
RAM              0x20000000         0x00040000         xrw
SCRATCH_X        0x20040000         0x00001000         xrw
SCRATCH_Y        0x20041000         0x00001000         xrw
*default*        0x00000000         0xffffffff

Linker script and memory map

LOAD /Users/tyler/.pico-sdk/toolchain/13_2_Rel1/bin/../lib/gcc/arm-none-eabi/13.2.1/thumb/v6-m/nofp/crti.o
LOAD /Users/tyler/.pico-sdk/toolchain/13_2_Rel1/bin/../lib/gcc/arm-none-eabi/13.2.1/thumb/v6-m/nofp/crtbegin.o
LOAD /Users/tyler/.pico-sdk/toolchain/13_2_Rel1/bin/../lib/gcc/arm-none-eabi/13.2.1/../../../../arm-none-eabi/lib/thumb/v6-m/nofp/crt0.o

.flash_begin    0x10000000        0x0
                0x10000000                        __flash_binary_start = .

.boot2          0x10000000      0x100
                0x10000000                        __boot2_start__ = .
 *(.boot2)
 .boot2         0x10000000      0x100 /var/folders/cn/l2m7nyjd7ws0f_2zs76zqnjm0000gn/T//ccGZVovR.o
                0x10000100                        __boot2_end__ = .
                0x00000001                        ASSERT (((__boot2_end__ - __boot2_start__) == 0x100), ERROR: Pico second stage bootloader must be 256 bytes in size)

.text           0x10000100     0x5818
                0x10000100                        __logical_binary_start = .
 *(.vectors)
 .vectors       0x10000100       0xd4 CMakeFiles/realtime.dir/Users/tyler/.pico-sdk/sdk/2.0.0/src/rp2_common/pico_crt0/crt0.S.obj
                0x10000100                __VECTOR_TABLE
                0x10000100                __vectors
                0x100001c0                __default_isrs_start
                0x100001c0                isr_invalid
                0x100001c2                isr_nmi
                0x100001c4                isr_hardfault
                0x100001c6                isr_svcall
                0x100001c8                isr_pendsv
                0x100001ca                isr_systick
                0x100001cc                isr_irq28
                0x100001cc                isr_irq19
                0x100001cc                isr_irq0
                0x100001cc                isr_irq6
                0x100001cc                isr_irq22
                0x100001cc                isr_irq17
                0x100001cc                isr_irq14
                0x100001cc                isr_irq2
                0x100001cc                isr_irq10
                0x100001cc                isr_irq8
                0x100001cc                isr_irq24
                0x100001cc                isr_irq1
                0x100001cc                isr_irq7
                0x100001cc                isr_irq21
                0x100001cc                isr_irq20
                0x100001cc                isr_irq15
                0x100001cc                isr_irq25
                0x100001cc                isr_irq4
                0x100001cc                isr_irq16
                0x100001cc                isr_irq29
                0x100001cc                isr_irq26
                0x100001cc                __default_isrs_end
                0x100001cc                isr_irq3
                0x100001cc                isr_irq9
                0x100001cc                __unhandled_user_irq
                0x100001cc                isr_irq13
                0x100001cc                isr_irq27
                0x100001cc                isr_irq31
                0x100001cc                isr_irq5
                0x100001cc                isr_irq11
                0x100001cc                isr_irq23
                0x100001cc                isr_irq18
                0x100001cc                isr_irq30
                0x100001cc                isr_irq12
                0x100001d2                unhandled_user_irq_num_in_r0
 *(.binary_info_header)
 .binary_info_header
                0x100001d4       0x14 CMakeFiles/realtime.dir/Users/tyler/.pico-sdk/sdk/2.0.0/src/rp2_common/pico_crt0/crt0.S.obj
                0x100001e8                        __binary_info_header_end = .
 *(.embedded_block)
                0x100001e8                        __embedded_block_end = .
 *(.reset)
 .reset         0x100001e8       0x9c CMakeFiles/realtime.dir/Users/tyler/.pico-sdk/sdk/2.0.0/src/rp2_common/pico_crt0/crt0.S.obj
                0x100001e8                _entry_point
 *(.init)
 .init          0x10000284        0x4 /Users/tyler/.pico-sdk/toolchain/13_2_Rel1/bin/../lib/gcc/arm-none-eabi/13.2.1/thumb/v6-m/nofp/crti.o
                0x10000284                _init
 *(EXCLUDE_FILE(*libm.a: *libc.a:*lib_a-mem*.o *libgcc.a:) .text*)
 .text.register_tm_clones
                0x10000288       0x28 /Users/tyler/.pico-sdk/toolchain/13_2_Rel1/bin/../lib/gcc/arm-none-eabi/13.2.1/thumb/v6-m/nofp/crtbegin.o
 .text.frame_dummy
                0x100002b0       0x24 /Users/tyler/.pico-sdk/toolchain/13_2_Rel1/bin/../lib/gcc/arm-none-eabi/13.2.1/thumb/v6-m/nofp/crtbegin.o
 .text.irq_callback
                0x100002d4        0x4 CMakeFiles/realtime.dir/gpio.c.obj
                0x100002d4                irq_callback
 .text.startup.main
                0x100002d8       0x48 CMakeFiles/realtime.dir/gpio.c.obj
                0x100002d8                main
 .text.gpio_default_irq_handler
                0x10000320      0x274 CMakeFiles/realtime.dir/Users/tyler/.pico-sdk/sdk/2.0.0/src/rp2_common/hardware_gpio/gpio.c.obj
 .text.gpio_set_irq_enabled_with_callback
                0x10000594       0xd0 CMakeFiles/realtime.dir/Users/tyler/.pico-sdk/sdk/2.0.0/src/rp2_common/hardware_gpio/gpio.c.obj
                0x10000594                gpio_set_irq_enabled_with_callback
 .text.gpio_init
                0x10000664       0x40 CMakeFiles/realtime.dir/Users/tyler/.pico-sdk/sdk/2.0.0/src/rp2_common/hardware_gpio/gpio.c.obj
                0x10000664                gpio_init
 .text.rp2040_chip_version
                0x100006a4        0xc CMakeFiles/realtime.dir/Users/tyler/.pico-sdk/sdk/2.0.0/src/rp2040/pico_platform/platform.c.obj
                0x100006a4                rp2040_chip_version
 .text.panic    0x100006b0       0x30 CMakeFiles/realtime.dir/Users/tyler/.pico-sdk/sdk/2.0.0/src/rp2_common/pico_platform_panic/panic.c.obj
                0x100006b0                panic
 .text.hw_claim_or_assert
                0x100006e0       0x44 CMakeFiles/realtime.dir/Users/tyler/.pico-sdk/sdk/2.0.0/src/common/hardware_claim/claim.c.obj
                0x100006e0                hw_claim_or_assert
 .text.hw_claim_unused_from_range
                0x10000724       0x9c CMakeFiles/realtime.dir/Users/tyler/.pico-sdk/sdk/2.0.0/src/common/hardware_claim/claim.c.obj
                0x10000724                hw_claim_unused_from_range
 .text.next_striped_spin_lock_num
                0x100007c0       0x18 CMakeFiles/realtime.dir/Users/tyler/.pico-sdk/sdk/2.0.0/src/rp2_common/hardware_sync/sync.c.obj
                0x100007c0                next_striped_spin_lock_num
 .text.spin_lock_claim_unused
                0x100007d8       0x24 CMakeFiles/realtime.dir/Users/tyler/.pico-sdk/sdk/2.0.0/src/rp2_common/hardware_sync/sync.c.obj
                0x100007d8                spin_lock_claim_unused
 .text.spin_locks_reset
                0x100007fc       0x1c CMakeFiles/realtime.dir/Users/tyler/.pico-sdk/sdk/2.0.0/src/rp2_common/hardware_sync_spin_lock/sync_spin_lock.c.obj
                0x100007fc                spin_locks_reset
 .text.runtime_init_per_core_irq_priorities
                0x10000818       0x24 CMakeFiles/realtime.dir/Users/tyler/.pico-sdk/sdk/2.0.0/src/rp2_common/hardware_irq/irq.c.obj
                0x10000818                runtime_init_per_core_irq_priorities
 .text.irq_set_enabled
                0x1000083c       0x24 CMakeFiles/realtime.dir/Users/tyler/.pico-sdk/sdk/2.0.0/src/rp2_common/hardware_irq/irq.c.obj
                0x1000083c                irq_set_enabled
 .text.irq_is_enabled
                0x10000860       0x18 CMakeFiles/realtime.dir/Users/tyler/.pico-sdk/sdk/2.0.0/src/rp2_common/hardware_irq/irq.c.obj
                0x10000860                irq_is_enabled
 .text.irq_set_pending
                0x10000878       0x10 CMakeFiles/realtime.dir/Users/tyler/.pico-sdk/sdk/2.0.0/src/rp2_common/hardware_irq/irq.c.obj
                0x10000878                irq_set_pending
 .text.irq_has_shared_handler
                0x10000888       0x2c CMakeFiles/realtime.dir/Users/tyler/.pico-sdk/sdk/2.0.0/src/rp2_common/hardware_irq/irq.c.obj
                0x10000888                irq_has_shared_handler
 .text.irq_set_exclusive_handler
                0x100008b4       0x54 CMakeFiles/realtime.dir/Users/tyler/.pico-sdk/sdk/2.0.0/src/rp2_common/hardware_irq/irq.c.obj
                0x100008b4                irq_set_exclusive_handler
 .text.irq_add_shared_handler
                0x10000908      0x1f4 CMakeFiles/realtime.dir/Users/tyler/.pico-sdk/sdk/2.0.0/src/rp2_common/hardware_irq/irq.c.obj
                0x10000908                irq_add_shared_handler
 .text.irq_remove_handler
                0x10000afc      0x1d4 CMakeFiles/realtime.dir/Users/tyler/.pico-sdk/sdk/2.0.0/src/rp2_common/hardware_irq/irq.c.obj
                0x10000afc                irq_remove_handler
 .text.irq_add_tail_to_free_list
                0x10000cd0       0xb4 CMakeFiles/realtime.dir/Users/tyler/.pico-sdk/sdk/2.0.0/src/rp2_common/hardware_irq/irq.c.obj
                0x10000cd0                irq_add_tail_to_free_list
 .text.user_irq_claim_unused
                0x10000d84       0x2c CMakeFiles/realtime.dir/Users/tyler/.pico-sdk/sdk/2.0.0/src/rp2_common/hardware_irq/irq.c.obj
                0x10000d84                user_irq_claim_unused
 .text.lock_init
                0x10000db0       0x10 CMakeFiles/realtime.dir/Users/tyler/.pico-sdk/sdk/2.0.0/src/common/pico_sync/lock_core.c.obj
                0x10000db0                lock_init
 .text.runtime_init_mutex
                0x10000dc0       0x54 CMakeFiles/realtime.dir/Users/tyler/.pico-sdk/sdk/2.0.0/src/common/pico_sync/mutex.c.obj
                0x10000dc0                runtime_init_mutex
 .text.mutex_init
                0x10000e14       0x1c CMakeFiles/realtime.dir/Users/tyler/.pico-sdk/sdk/2.0.0/src/common/pico_sync/mutex.c.obj
                0x10000e14                mutex_init
 .text.critical_section_init
                0x10000e30       0x1c CMakeFiles/realtime.dir/Users/tyler/.pico-sdk/sdk/2.0.0/src/common/pico_sync/critical_section.c.obj
                0x10000e30                critical_section_init
 .text.critical_section_init_with_lock_num
                0x10000e4c       0x14 CMakeFiles/realtime.dir/Users/tyler/.pico-sdk/sdk/2.0.0/src/common/pico_sync/critical_section.c.obj
                0x10000e4c                critical_section_init_with_lock_num
 .text.alarm_pool_irq_handler
                0x10000e60      0x2e4 CMakeFiles/realtime.dir/Users/tyler/.pico-sdk/sdk/2.0.0/src/common/pico_time/time.c.obj
 .text.sleep_until_callback
                0x10001144       0x24 CMakeFiles/realtime.dir/Users/tyler/.pico-sdk/sdk/2.0.0/src/common/pico_time/time.c.obj
 .text.runtime_init_default_alarm_pool
                0x10001168       0xdc CMakeFiles/realtime.dir/Users/tyler/.pico-sdk/sdk/2.0.0/src/common/pico_time/time.c.obj
                0x10001168                runtime_init_default_alarm_pool
 .text.alarm_pool_get_default
                0x10001244        0x8 CMakeFiles/realtime.dir/Users/tyler/.pico-sdk/sdk/2.0.0/src/common/pico_time/time.c.obj
                0x10001244                alarm_pool_get_default
 .text.alarm_pool_add_alarm_at
                0x1000124c       0xd4 CMakeFiles/realtime.dir/Users/tyler/.pico-sdk/sdk/2.0.0/src/common/pico_time/time.c.obj
                0x1000124c                alarm_pool_add_alarm_at
 .text.alarm_pool_cancel_alarm
                0x10001320       0x74 CMakeFiles/realtime.dir/Users/tyler/.pico-sdk/sdk/2.0.0/src/common/pico_time/time.c.obj
                0x10001320                alarm_pool_cancel_alarm
 .text.alarm_pool_core_num
                0x10001394        0x4 CMakeFiles/realtime.dir/Users/tyler/.pico-sdk/sdk/2.0.0/src/common/pico_time/time.c.obj
                0x10001394                alarm_pool_core_num
 .text.best_effort_wfe_or_timeout
                0x10001398      0x134 CMakeFiles/realtime.dir/Users/tyler/.pico-sdk/sdk/2.0.0/src/common/pico_time/time.c.obj
                0x10001398                best_effort_wfe_or_timeout
 .text.timer_hardware_alarm_claim
                0x100014cc       0x14 CMakeFiles/realtime.dir/Users/tyler/.pico-sdk/sdk/2.0.0/src/rp2_common/hardware_timer/timer.c.obj
                0x100014cc                timer_hardware_alarm_claim
 .text.timer_time_us_64
                0x100014e0       0x10 CMakeFiles/realtime.dir/Users/tyler/.pico-sdk/sdk/2.0.0/src/rp2_common/hardware_timer/timer.c.obj
                0x100014e0                timer_time_us_64
 .text.time_us_64
                0x100014f0       0x14 CMakeFiles/realtime.dir/Users/tyler/.pico-sdk/sdk/2.0.0/src/rp2_common/hardware_timer/timer.c.obj
                0x100014f0                time_us_64
 .text.clock_configure_int_divider
                0x10001504       0xf4 CMakeFiles/realtime.dir/Users/tyler/.pico-sdk/sdk/2.0.0/src/rp2_common/hardware_clocks/clocks.c.obj
                0x10001504                clock_configure_int_divider
 .text.clock_configure_undivided
                0x100015f8       0xe8 CMakeFiles/realtime.dir/Users/tyler/.pico-sdk/sdk/2.0.0/src/rp2_common/hardware_clocks/clocks.c.obj
                0x100015f8                clock_configure_undivided
 .text.clock_get_hz
                0x100016e0        0xc CMakeFiles/realtime.dir/Users/tyler/.pico-sdk/sdk/2.0.0/src/rp2_common/hardware_clocks/clocks.c.obj
                0x100016e0                clock_get_hz
 .text.pll_init
                0x100016ec       0xa4 CMakeFiles/realtime.dir/Users/tyler/.pico-sdk/sdk/2.0.0/src/rp2_common/hardware_pll/pll.c.obj
                0x100016ec                pll_init
 .text.watchdog_reboot
                0x10001790       0x9c CMakeFiles/realtime.dir/Users/tyler/.pico-sdk/sdk/2.0.0/src/rp2_common/hardware_watchdog/watchdog.c.obj
                0x10001790                watchdog_reboot
 .text.tick_start
                0x1000182c       0x10 CMakeFiles/realtime.dir/Users/tyler/.pico-sdk/sdk/2.0.0/src/rp2_common/hardware_ticks/ticks.c.obj
                0x1000182c                tick_start
 .text.xosc_init
                0x1000183c       0x28 CMakeFiles/realtime.dir/Users/tyler/.pico-sdk/sdk/2.0.0/src/rp2_common/hardware_xosc/xosc.c.obj
                0x1000183c                xosc_init
 .text.first_per_core_initializer
                0x10001864        0x4 CMakeFiles/realtime.dir/Users/tyler/.pico-sdk/sdk/2.0.0/src/rp2_common/pico_runtime/runtime.c.obj
 .text.hard_assertion_failure
                0x10001868        0xc CMakeFiles/realtime.dir/Users/tyler/.pico-sdk/sdk/2.0.0/src/rp2_common/pico_runtime/runtime.c.obj
                0x10001868                hard_assertion_failure
 .text.runtime_run_initializers
                0x10001874       0x28 CMakeFiles/realtime.dir/Users/tyler/.pico-sdk/sdk/2.0.0/src/rp2_common/pico_runtime/runtime.c.obj
                0x10001874                runtime_run_initializers
 .text.runtime_init_early_resets
                0x1000189c       0x2c CMakeFiles/realtime.dir/Users/tyler/.pico-sdk/sdk/2.0.0/src/rp2_common/pico_runtime_init/runtime_init.c.obj
                0x1000189c                runtime_init_early_resets
 .text.runtime_init_usb_power_down
                0x100018c8       0x1c CMakeFiles/realtime.dir/Users/tyler/.pico-sdk/sdk/2.0.0/src/rp2_common/pico_runtime_init/runtime_init.c.obj
                0x100018c8                runtime_init_usb_power_down
 .text.runtime_init_post_clock_resets
                0x100018e4       0x20 CMakeFiles/realtime.dir/Users/tyler/.pico-sdk/sdk/2.0.0/src/rp2_common/pico_runtime_init/runtime_init.c.obj
                0x100018e4                runtime_init_post_clock_resets
 .text.runtime_init_rp2040_gpio_ie_disable
                0x10001904       0x14 CMakeFiles/realtime.dir/Users/tyler/.pico-sdk/sdk/2.0.0/src/rp2_common/pico_runtime_init/runtime_init.c.obj
                0x10001904                runtime_init_rp2040_gpio_ie_disable
 .text.runtime_init_spin_locks_reset
                0x10001918        0x8 CMakeFiles/realtime.dir/Users/tyler/.pico-sdk/sdk/2.0.0/src/rp2_common/pico_runtime_init/runtime_init.c.obj
                0x10001918                runtime_init_spin_locks_reset
 .text.runtime_init_install_ram_vector_table
                0x10001920       0x1c CMakeFiles/realtime.dir/Users/tyler/.pico-sdk/sdk/2.0.0/src/rp2_common/pico_runtime_init/runtime_init.c.obj
                0x10001920                runtime_init_install_ram_vector_table
 .text.runtime_init_clocks
                0x1000193c       0xd8 CMakeFiles/realtime.dir/Users/tyler/.pico-sdk/sdk/2.0.0/src/rp2_common/pico_runtime_init/runtime_init_clocks.c.obj
                0x1000193c                runtime_init_clocks
 .text          0x10001a14       0x10 CMakeFiles/realtime.dir/Users/tyler/.pico-sdk/sdk/2.0.0/src/rp2_common/pico_bit_ops/bit_ops_aeabi.S.obj
 .text.rom_func_lookup
                0x10001a24       0x10 CMakeFiles/realtime.dir/Users/tyler/.pico-sdk/sdk/2.0.0/src/rp2_common/pico_bootrom/bootrom.c.obj
                0x10001a24                rom_func_lookup
 .text.rom_data_lookup
                0x10001a34       0x10 CMakeFiles/realtime.dir/Users/tyler/.pico-sdk/sdk/2.0.0/src/rp2_common/pico_bootrom/bootrom.c.obj
                0x10001a34                rom_data_lookup
 .text.rom_funcs_lookup
                0x10001a44       0x44 CMakeFiles/realtime.dir/Users/tyler/.pico-sdk/sdk/2.0.0/src/rp2_common/pico_bootrom/bootrom.c.obj
                0x10001a44                rom_funcs_lookup
 .text.rom_reset_usb_boot
                0x10001a88       0x20 CMakeFiles/realtime.dir/Users/tyler/.pico-sdk/sdk/2.0.0/src/rp2_common/pico_bootrom/bootrom.c.obj
                0x10001a88                rom_reset_usb_boot
 .text.__wrap___aeabi_uidiv
                0x10001aa8       0x4c CMakeFiles/realtime.dir/Users/tyler/.pico-sdk/sdk/2.0.0/src/rp2_common/pico_divider/divider_hardware.S.obj
                0x10001aa8                __wrap___aeabi_uidiv
                0x10001aa8                __wrap___aeabi_uidivmod
                0x10001aa8                div_u32u32
                0x10001aa8                divmod_u32u32
                0x10001ab0                divmod_u32u32_unsafe
                0x10001ad8                divmod_u32u32_savestate
 .text.__wrap___aeabi_ldiv
                0x10001af4      0x424 CMakeFiles/realtime.dir/Users/tyler/.pico-sdk/sdk/2.0.0/src/rp2_common/pico_divider/divider_hardware.S.obj
                0x10001af4                __wrap___aeabi_ldivmod
                0x10001af4                div_s64s64
                0x10001af4                divmod_s64s64
                0x10001b24                divmod_u64u64
                0x10001b24                div_u64u64
                0x10001b24                __wrap___aeabi_uldivmod
                0x10001b34                divmod_u64u64_savestate
                0x10001b54                divmod_s64s64_unsafe
                0x10001bdc                divmod_u64u64_unsafe
 .text.missing_double_func_shim
                0x10001f18        0xc CMakeFiles/realtime.dir/Users/tyler/.pico-sdk/sdk/2.0.0/src/rp2_common/pico_double/double_init_rom_rp2040.c.obj
 .text.__aeabi_double_init
                0x10001f24       0xa0 CMakeFiles/realtime.dir/Users/tyler/.pico-sdk/sdk/2.0.0/src/rp2_common/pico_double/double_init_rom_rp2040.c.obj
                0x10001f24                __aeabi_double_init
 .text.double_table_shim_on_use_helper
                0x10001fc4       0x2c CMakeFiles/realtime.dir/Users/tyler/.pico-sdk/sdk/2.0.0/src/rp2_common/pico_double/double_v1_rom_shim_rp2040.S.obj
                0x10001fc4                double_table_shim_on_use_helper
 .text.__aeabi_lmul
                0x10001ff0       0x32 CMakeFiles/realtime.dir/Users/tyler/.pico-sdk/sdk/2.0.0/src/rp2_common/pico_int64_ops/pico_int64_ops_aeabi.S.obj
                0x10001ff0                __wrap___aeabi_lmul
 *fill*         0x10002022        0x2 
 .text.missing_float_func_shim
                0x10002024        0xc CMakeFiles/realtime.dir/Users/tyler/.pico-sdk/sdk/2.0.0/src/rp2_common/pico_float/float_init_rom_rp2040.c.obj
 .text.__aeabi_float_init
                0x10002030       0x5c CMakeFiles/realtime.dir/Users/tyler/.pico-sdk/sdk/2.0.0/src/rp2_common/pico_float/float_init_rom_rp2040.c.obj
                0x10002030                __aeabi_float_init
 .text          0x1000208c       0x10 CMakeFiles/realtime.dir/Users/tyler/.pico-sdk/sdk/2.0.0/src/rp2_common/pico_mem_ops/mem_ops_aeabi.S.obj
                0x1000208c                __aeabi_mem_init
 .text.memset   0x1000209c        0xc CMakeFiles/realtime.dir/Users/tyler/.pico-sdk/sdk/2.0.0/src/rp2_common/pico_mem_ops/mem_ops_aeabi.S.obj
                0x1000209c                __wrap_memset
 .text.memcpy   0x100020a8        0xc CMakeFiles/realtime.dir/Users/tyler/.pico-sdk/sdk/2.0.0/src/rp2_common/pico_mem_ops/mem_ops_aeabi.S.obj
                0x100020a8                __wrap___aeabi_memcpy
                0x100020a8                __wrap_memcpy
 .text._out_char
                0x100020b4       0x10 CMakeFiles/realtime.dir/Users/tyler/.pico-sdk/sdk/2.0.0/src/rp2_common/pico_printf/printf.c.obj
 .text.weak_raw_vprintf
                0x100020c4       0x30 CMakeFiles/realtime.dir/Users/tyler/.pico-sdk/sdk/2.0.0/src/rp2_common/pico_printf/printf.c.obj
                0x100020c4                weak_raw_vprintf
 .text._exit    0x100020f4        0xc CMakeFiles/realtime.dir/Users/tyler/.pico-sdk/sdk/2.0.0/src/rp2_common/pico_clib_interface/newlib_interface.c.obj
                0x100020f4                _exit
 .text.exit     0x10002100        0x8 CMakeFiles/realtime.dir/Users/tyler/.pico-sdk/sdk/2.0.0/src/rp2_common/pico_clib_interface/newlib_interface.c.obj
                0x10002100                exit
 .text.runtime_init
                0x10002108       0x2c CMakeFiles/realtime.dir/Users/tyler/.pico-sdk/sdk/2.0.0/src/rp2_common/pico_clib_interface/newlib_interface.c.obj
                0x10002108                runtime_init
 .text.stdio_out_chars_no_crlf
                0x10002134       0x10 CMakeFiles/realtime.dir/Users/tyler/.pico-sdk/sdk/2.0.0/src/rp2_common/pico_stdio/stdio.c.obj
 .text.stdio_out_chars_crlf
                0x10002144       0x94 CMakeFiles/realtime.dir/Users/tyler/.pico-sdk/sdk/2.0.0/src/rp2_common/pico_stdio/stdio.c.obj
 .text.stdio_put_string
                0x100021d8      0x100 CMakeFiles/realtime.dir/Users/tyler/.pico-sdk/sdk/2.0.0/src/rp2_common/pico_stdio/stdio.c.obj
                0x100021d8                stdio_put_string
 .text.stdio_set_driver_enabled
                0x100022d8       0x30 CMakeFiles/realtime.dir/Users/tyler/.pico-sdk/sdk/2.0.0/src/rp2_common/pico_stdio/stdio.c.obj
                0x100022d8                stdio_set_driver_enabled
 .text.stdio_init_all
                0x10002308        0x8 CMakeFiles/realtime.dir/Users/tyler/.pico-sdk/sdk/2.0.0/src/rp2_common/pico_stdio/stdio.c.obj
                0x10002308                stdio_init_all
 .text.__wrap_putchar
                0x10002310       0x98 CMakeFiles/realtime.dir/Users/tyler/.pico-sdk/sdk/2.0.0/src/rp2_common/pico_stdio/stdio.c.obj
                0x10002310                stdio_putchar
                0x10002310                __wrap_putchar
 .text.__wrap_puts
                0x100023a8       0x3c CMakeFiles/realtime.dir/Users/tyler/.pico-sdk/sdk/2.0.0/src/rp2_common/pico_stdio/stdio.c.obj
                0x100023a8                __wrap_puts
                0x100023a8                stdio_puts
 .text.resetd_init
                0x100023e4        0x4 CMakeFiles/realtime.dir/Users/tyler/.pico-sdk/sdk/2.0.0/src/rp2_common/pico_stdio_usb/reset_interface.c.obj
 .text.resetd_reset
                0x100023e8        0xc CMakeFiles/realtime.dir/Users/tyler/.pico-sdk/sdk/2.0.0/src/rp2_common/pico_stdio_usb/reset_interface.c.obj
 .text.resetd_open
                0x100023f4       0x28 CMakeFiles/realtime.dir/Users/tyler/.pico-sdk/sdk/2.0.0/src/rp2_common/pico_stdio_usb/reset_interface.c.obj
 .text.resetd_xfer_cb
                0x1000241c        0x4 CMakeFiles/realtime.dir/Users/tyler/.pico-sdk/sdk/2.0.0/src/rp2_common/pico_stdio_usb/reset_interface.c.obj
 .text.resetd_control_xfer_cb
                0x10002420       0x54 CMakeFiles/realtime.dir/Users/tyler/.pico-sdk/sdk/2.0.0/src/rp2_common/pico_stdio_usb/reset_interface.c.obj
 .text.tud_descriptor_bos_cb
                0x10002474        0x8 CMakeFiles/realtime.dir/Users/tyler/.pico-sdk/sdk/2.0.0/src/rp2_common/pico_stdio_usb/reset_interface.c.obj
                0x10002474                tud_descriptor_bos_cb
 .text.tud_vendor_control_xfer_cb
                0x1000247c       0x34 CMakeFiles/realtime.dir/Users/tyler/.pico-sdk/sdk/2.0.0/src/rp2_common/pico_stdio_usb/reset_interface.c.obj
                0x1000247c                tud_vendor_control_xfer_cb
 .text.usbd_app_driver_get_cb
                0x100024b0        0xc CMakeFiles/realtime.dir/Users/tyler/.pico-sdk/sdk/2.0.0/src/rp2_common/pico_stdio_usb/reset_interface.c.obj
                0x100024b0                usbd_app_driver_get_cb
 .text.tud_cdc_line_coding_cb
                0x100024bc       0x28 CMakeFiles/realtime.dir/Users/tyler/.pico-sdk/sdk/2.0.0/src/rp2_common/pico_stdio_usb/reset_interface.c.obj
                0x100024bc                tud_cdc_line_coding_cb
 .text.stdio_usb_set_chars_available_callback
                0x100024e4       0x14 CMakeFiles/realtime.dir/Users/tyler/.pico-sdk/sdk/2.0.0/src/rp2_common/pico_stdio_usb/stdio_usb.c.obj
                0x100024e4                stdio_usb_set_chars_available_callback
 .text.usb_irq  0x100024f8       0x10 CMakeFiles/realtime.dir/Users/tyler/.pico-sdk/sdk/2.0.0/src/rp2_common/pico_stdio_usb/stdio_usb.c.obj
 .text.timer_task
                0x10002508       0x64 CMakeFiles/realtime.dir/Users/tyler/.pico-sdk/sdk/2.0.0/src/rp2_common/pico_stdio_usb/stdio_usb.c.obj
 .text.stdio_usb_in_chars
                0x1000256c       0x90 CMakeFiles/realtime.dir/Users/tyler/.pico-sdk/sdk/2.0.0/src/rp2_common/pico_stdio_usb/stdio_usb.c.obj
                0x1000256c                stdio_usb_in_chars
 .text.stdio_usb_out_flush
                0x100025fc       0x50 CMakeFiles/realtime.dir/Users/tyler/.pico-sdk/sdk/2.0.0/src/rp2_common/pico_stdio_usb/stdio_usb.c.obj
 .text.stdio_usb_out_chars
                0x1000264c      0x104 CMakeFiles/realtime.dir/Users/tyler/.pico-sdk/sdk/2.0.0/src/rp2_common/pico_stdio_usb/stdio_usb.c.obj
 .text.low_priority_worker_irq
                0x10002750       0xcc CMakeFiles/realtime.dir/Users/tyler/.pico-sdk/sdk/2.0.0/src/rp2_common/pico_stdio_usb/stdio_usb.c.obj
 .text.stdio_usb_init
                0x1000281c       0xe8 CMakeFiles/realtime.dir/Users/tyler/.pico-sdk/sdk/2.0.0/src/rp2_common/pico_stdio_usb/stdio_usb.c.obj
                0x1000281c                stdio_usb_init
 .text.tud_descriptor_device_cb
                0x10002904        0x8 CMakeFiles/realtime.dir/Users/tyler/.pico-sdk/sdk/2.0.0/src/rp2_common/pico_stdio_usb/stdio_usb_descriptors.c.obj
                0x10002904                tud_descriptor_device_cb
 .text.tud_descriptor_configuration_cb
                0x1000290c        0x8 CMakeFiles/realtime.dir/Users/tyler/.pico-sdk/sdk/2.0.0/src/rp2_common/pico_stdio_usb/stdio_usb_descriptors.c.obj
                0x1000290c                tud_descriptor_configuration_cb
 .text.tud_descriptor_string_cb
                0x10002914       0x78 CMakeFiles/realtime.dir/Users/tyler/.pico-sdk/sdk/2.0.0/src/rp2_common/pico_stdio_usb/stdio_usb_descriptors.c.obj
                0x10002914                tud_descriptor_string_cb
 .text.startup._retrieve_unique_id_on_boot
                0x1000298c       0x10 CMakeFiles/realtime.dir/Users/tyler/.pico-sdk/sdk/2.0.0/src/rp2_common/pico_unique_id/unique_id.c.obj
 .text.pico_get_unique_board_id_string
                0x1000299c      0x1a8 CMakeFiles/realtime.dir/Users/tyler/.pico-sdk/sdk/2.0.0/src/rp2_common/pico_unique_id/unique_id.c.obj
                0x1000299c                pico_get_unique_board_id_string
 .text.flash_get_unique_id
                0x10002b44       0x3c CMakeFiles/realtime.dir/Users/tyler/.pico-sdk/sdk/2.0.0/src/rp2_common/hardware_flash/flash.c.obj
                0x10002b44                flash_get_unique_id
 .text.dcd_init
                0x10002b80       0x8c CMakeFiles/realtime.dir/Users/tyler/.pico-sdk/sdk/2.0.0/lib/tinyusb/src/portable/raspberrypi/rp2040/dcd_rp2040.c.obj
                0x10002b80                dcd_init
 .text.dcd_int_enable
                0x10002c0c        0xc CMakeFiles/realtime.dir/Users/tyler/.pico-sdk/sdk/2.0.0/lib/tinyusb/src/portable/raspberrypi/rp2040/dcd_rp2040.c.obj
                0x10002c0c                dcd_int_enable
 .text.dcd_set_address
                0x10002c18       0x14 CMakeFiles/realtime.dir/Users/tyler/.pico-sdk/sdk/2.0.0/lib/tinyusb/src/portable/raspberrypi/rp2040/dcd_rp2040.c.obj
                0x10002c18                dcd_set_address
 .text.dcd_sof_enable
                0x10002c2c       0x1c CMakeFiles/realtime.dir/Users/tyler/.pico-sdk/sdk/2.0.0/lib/tinyusb/src/portable/raspberrypi/rp2040/dcd_rp2040.c.obj
                0x10002c2c                dcd_sof_enable
 .text.dcd_edpt0_status_complete
                0x10002c48       0x1c CMakeFiles/realtime.dir/Users/tyler/.pico-sdk/sdk/2.0.0/lib/tinyusb/src/portable/raspberrypi/rp2040/dcd_rp2040.c.obj
                0x10002c48                dcd_edpt0_status_complete
 .text.dcd_edpt_open
                0x10002c64      0x108 CMakeFiles/realtime.dir/Users/tyler/.pico-sdk/sdk/2.0.0/lib/tinyusb/src/portable/raspberrypi/rp2040/dcd_rp2040.c.obj
                0x10002c64                dcd_edpt_open
 .text.dcd_edpt_close_all
                0x10002d6c        0x8 CMakeFiles/realtime.dir/Users/tyler/.pico-sdk/sdk/2.0.0/lib/tinyusb/src/portable/raspberrypi/rp2040/dcd_rp2040.c.obj
                0x10002d6c                dcd_edpt_close_all
 .text.dcd_edpt_xfer
                0x10002d74       0x24 CMakeFiles/realtime.dir/Users/tyler/.pico-sdk/sdk/2.0.0/lib/tinyusb/src/portable/raspberrypi/rp2040/dcd_rp2040.c.obj
                0x10002d74                dcd_edpt_xfer
 .text.dcd_edpt_stall
                0x10002d98       0x34 CMakeFiles/realtime.dir/Users/tyler/.pico-sdk/sdk/2.0.0/lib/tinyusb/src/portable/raspberrypi/rp2040/dcd_rp2040.c.obj
                0x10002d98                dcd_edpt_stall
 .text.dcd_edpt_clear_stall
                0x10002dcc       0x30 CMakeFiles/realtime.dir/Users/tyler/.pico-sdk/sdk/2.0.0/lib/tinyusb/src/portable/raspberrypi/rp2040/dcd_rp2040.c.obj
                0x10002dcc                dcd_edpt_clear_stall
 .text.rp2040_usb_init
                0x10002dfc       0x40 CMakeFiles/realtime.dir/Users/tyler/.pico-sdk/sdk/2.0.0/lib/tinyusb/src/portable/raspberrypi/rp2040/rp2040_usb.c.obj
                0x10002dfc                rp2040_usb_init
 .text.hw_endpoint_xfer_start
                0x10002e3c       0x40 CMakeFiles/realtime.dir/Users/tyler/.pico-sdk/sdk/2.0.0/lib/tinyusb/src/portable/raspberrypi/rp2040/rp2040_usb.c.obj
                0x10002e3c                hw_endpoint_xfer_start
 .text.tud_event_hook_cb
                0x10002e7c        0x4 CMakeFiles/realtime.dir/Users/tyler/.pico-sdk/sdk/2.0.0/lib/tinyusb/src/device/usbd.c.obj
                0x10002e7c                tud_event_hook_cb
 .text.tud_sof_cb
                0x10002e80        0x4 CMakeFiles/realtime.dir/Users/tyler/.pico-sdk/sdk/2.0.0/lib/tinyusb/src/device/usbd.c.obj
                0x10002e80                tud_sof_cb
 .text.tud_descriptor_device_qualifier_cb
                0x10002e84        0x4 CMakeFiles/realtime.dir/Users/tyler/.pico-sdk/sdk/2.0.0/lib/tinyusb/src/device/usbd.c.obj
                0x10002e84                tud_descriptor_device_qualifier_cb
 .text.tud_descriptor_other_speed_configuration_cb
                0x10002e88        0x4 CMakeFiles/realtime.dir/Users/tyler/.pico-sdk/sdk/2.0.0/lib/tinyusb/src/device/usbd.c.obj
                0x10002e88                tud_descriptor_other_speed_configuration_cb
 .text.tud_mount_cb
                0x10002e8c        0x4 CMakeFiles/realtime.dir/Users/tyler/.pico-sdk/sdk/2.0.0/lib/tinyusb/src/device/usbd.c.obj
                0x10002e8c                tud_mount_cb
 .text.tud_umount_cb
                0x10002e90        0x4 CMakeFiles/realtime.dir/Users/tyler/.pico-sdk/sdk/2.0.0/lib/tinyusb/src/device/usbd.c.obj
                0x10002e90                tud_umount_cb
 .text.tud_suspend_cb
                0x10002e94        0x4 CMakeFiles/realtime.dir/Users/tyler/.pico-sdk/sdk/2.0.0/lib/tinyusb/src/device/usbd.c.obj
                0x10002e94                tud_suspend_cb
 .text.tud_resume_cb
                0x10002e98        0x4 CMakeFiles/realtime.dir/Users/tyler/.pico-sdk/sdk/2.0.0/lib/tinyusb/src/device/usbd.c.obj
                0x10002e98                tud_resume_cb
 .text.tud_mounted
                0x10002e9c       0x10 CMakeFiles/realtime.dir/Users/tyler/.pico-sdk/sdk/2.0.0/lib/tinyusb/src/device/usbd.c.obj
                0x10002e9c                tud_mounted
 .text.tud_suspended
                0x10002eac       0x10 CMakeFiles/realtime.dir/Users/tyler/.pico-sdk/sdk/2.0.0/lib/tinyusb/src/device/usbd.c.obj
                0x10002eac                tud_suspended
 .text.tud_init
                0x10002ebc       0xe4 CMakeFiles/realtime.dir/Users/tyler/.pico-sdk/sdk/2.0.0/lib/tinyusb/src/device/usbd.c.obj
                0x10002ebc                tud_init
 .text.tud_task_ext
                0x10002fa0      0x800 CMakeFiles/realtime.dir/Users/tyler/.pico-sdk/sdk/2.0.0/lib/tinyusb/src/device/usbd.c.obj
                0x10002fa0                tud_task_ext
 .text.usbd_open_edpt_pair
                0x100037a0       0x9c CMakeFiles/realtime.dir/Users/tyler/.pico-sdk/sdk/2.0.0/lib/tinyusb/src/device/usbd.c.obj
                0x100037a0                usbd_open_edpt_pair
 .text.usbd_edpt_open
                0x1000383c       0x34 CMakeFiles/realtime.dir/Users/tyler/.pico-sdk/sdk/2.0.0/lib/tinyusb/src/device/usbd.c.obj
                0x1000383c                usbd_edpt_open
 .text.usbd_edpt_claim
                0x10003870       0x28 CMakeFiles/realtime.dir/Users/tyler/.pico-sdk/sdk/2.0.0/lib/tinyusb/src/device/usbd.c.obj
                0x10003870                usbd_edpt_claim
 .text.usbd_edpt_release
                0x10003898       0x28 CMakeFiles/realtime.dir/Users/tyler/.pico-sdk/sdk/2.0.0/lib/tinyusb/src/device/usbd.c.obj
                0x10003898                usbd_edpt_release
 .text.usbd_edpt_xfer
                0x100038c0       0x4c CMakeFiles/realtime.dir/Users/tyler/.pico-sdk/sdk/2.0.0/lib/tinyusb/src/device/usbd.c.obj
                0x100038c0                usbd_edpt_xfer
 .text.tud_control_status
                0x1000390c       0x2c CMakeFiles/realtime.dir/Users/tyler/.pico-sdk/sdk/2.0.0/lib/tinyusb/src/device/usbd_control.c.obj
                0x1000390c                tud_control_status
 .text.tud_control_xfer
                0x10003938       0xac CMakeFiles/realtime.dir/Users/tyler/.pico-sdk/sdk/2.0.0/lib/tinyusb/src/device/usbd_control.c.obj
                0x10003938                tud_control_xfer
 .text.usbd_control_reset
                0x100039e4       0x14 CMakeFiles/realtime.dir/Users/tyler/.pico-sdk/sdk/2.0.0/lib/tinyusb/src/device/usbd_control.c.obj
                0x100039e4                usbd_control_reset
 .text.usbd_control_set_complete_callback
                0x100039f8        0xc CMakeFiles/realtime.dir/Users/tyler/.pico-sdk/sdk/2.0.0/lib/tinyusb/src/device/usbd_control.c.obj
                0x100039f8                usbd_control_set_complete_callback
 .text.usbd_control_set_request
                0x10003a04       0x1c CMakeFiles/realtime.dir/Users/tyler/.pico-sdk/sdk/2.0.0/lib/tinyusb/src/device/usbd_control.c.obj
                0x10003a04                usbd_control_set_request
 .text.usbd_control_xfer_cb
                0x10003a20       0xec CMakeFiles/realtime.dir/Users/tyler/.pico-sdk/sdk/2.0.0/lib/tinyusb/src/device/usbd_control.c.obj
                0x10003a20                usbd_control_xfer_cb
 .text._prep_out_transaction.isra.0
                0x10003b0c       0x5c CMakeFiles/realtime.dir/Users/tyler/.pico-sdk/sdk/2.0.0/lib/tinyusb/src/class/cdc/cdc_device.c.obj
 .text.tud_cdc_n_connected
                0x10003b68       0x30 CMakeFiles/realtime.dir/Users/tyler/.pico-sdk/sdk/2.0.0/lib/tinyusb/src/class/cdc/cdc_device.c.obj
                0x10003b68                tud_cdc_n_connected
 .text.tud_cdc_n_available
                0x10003b98       0x18 CMakeFiles/realtime.dir/Users/tyler/.pico-sdk/sdk/2.0.0/lib/tinyusb/src/class/cdc/cdc_device.c.obj
                0x10003b98                tud_cdc_n_available
 .text.tud_cdc_n_read
                0x10003bb0       0x98 CMakeFiles/realtime.dir/Users/tyler/.pico-sdk/sdk/2.0.0/lib/tinyusb/src/class/cdc/cdc_device.c.obj
                0x10003bb0                tud_cdc_n_read
 .text.tud_cdc_n_write_flush
                0x10003c48       0x78 CMakeFiles/realtime.dir/Users/tyler/.pico-sdk/sdk/2.0.0/lib/tinyusb/src/class/cdc/cdc_device.c.obj
                0x10003c48                tud_cdc_n_write_flush
 .text.tud_cdc_n_write
                0x10003cc0       0x40 CMakeFiles/realtime.dir/Users/tyler/.pico-sdk/sdk/2.0.0/lib/tinyusb/src/class/cdc/cdc_device.c.obj
                0x10003cc0                tud_cdc_n_write
 .text.tud_cdc_n_write_available
                0x10003d00       0x18 CMakeFiles/realtime.dir/Users/tyler/.pico-sdk/sdk/2.0.0/lib/tinyusb/src/class/cdc/cdc_device.c.obj
                0x10003d00                tud_cdc_n_write_available
 .text.cdcd_init
                0x10003d18       0x7c CMakeFiles/realtime.dir/Users/tyler/.pico-sdk/sdk/2.0.0/lib/tinyusb/src/class/cdc/cdc_device.c.obj
                0x10003d18                cdcd_init
 .text.cdcd_deinit
                0x10003d94       0x34 CMakeFiles/realtime.dir/Users/tyler/.pico-sdk/sdk/2.0.0/lib/tinyusb/src/class/cdc/cdc_device.c.obj
                0x10003d94                cdcd_deinit
 .text.cdcd_reset
                0x10003dc8       0x4c CMakeFiles/realtime.dir/Users/tyler/.pico-sdk/sdk/2.0.0/lib/tinyusb/src/class/cdc/cdc_device.c.obj
                0x10003dc8                cdcd_reset
 .text.cdcd_open
                0x10003e14       0xb0 CMakeFiles/realtime.dir/Users/tyler/.pico-sdk/sdk/2.0.0/lib/tinyusb/src/class/cdc/cdc_device.c.obj
                0x10003e14                cdcd_open
 .text.cdcd_control_xfer_cb
                0x10003ec4       0xe4 CMakeFiles/realtime.dir/Users/tyler/.pico-sdk/sdk/2.0.0/lib/tinyusb/src/class/cdc/cdc_device.c.obj
                0x10003ec4                cdcd_control_xfer_cb
 .text.cdcd_xfer_cb
                0x10003fa8      0x100 CMakeFiles/realtime.dir/Users/tyler/.pico-sdk/sdk/2.0.0/lib/tinyusb/src/class/cdc/cdc_device.c.obj
                0x10003fa8                cdcd_xfer_cb
 .text.tud_vendor_n_write_flush
                0x100040a8       0x78 CMakeFiles/realtime.dir/Users/tyler/.pico-sdk/sdk/2.0.0/lib/tinyusb/src/class/vendor/vendor_device.c.obj
                0x100040a8                tud_vendor_n_write_flush
 .text.vendord_init
                0x10004120       0x64 CMakeFiles/realtime.dir/Users/tyler/.pico-sdk/sdk/2.0.0/lib/tinyusb/src/class/vendor/vendor_device.c.obj
                0x10004120                vendord_init
 .text.vendord_deinit
                0x10004184       0x34 CMakeFiles/realtime.dir/Users/tyler/.pico-sdk/sdk/2.0.0/lib/tinyusb/src/class/vendor/vendor_device.c.obj
                0x10004184                vendord_deinit
 .text.vendord_reset
                0x100041b8       0x1c CMakeFiles/realtime.dir/Users/tyler/.pico-sdk/sdk/2.0.0/lib/tinyusb/src/class/vendor/vendor_device.c.obj
                0x100041b8                vendord_reset
 .text.vendord_open
                0x100041d4       0xd8 CMakeFiles/realtime.dir/Users/tyler/.pico-sdk/sdk/2.0.0/lib/tinyusb/src/class/vendor/vendor_device.c.obj
                0x100041d4                vendord_open
 .text.vendord_xfer_cb
                0x100042ac       0xc8 CMakeFiles/realtime.dir/Users/tyler/.pico-sdk/sdk/2.0.0/lib/tinyusb/src/class/vendor/vendor_device.c.obj
                0x100042ac                vendord_xfer_cb
 .text.tusb_init
                0x10004374        0xc CMakeFiles/realtime.dir/Users/tyler/.pico-sdk/sdk/2.0.0/lib/tinyusb/src/tusb.c.obj
                0x10004374                tusb_init
 .text.tu_edpt_claim
                0x10004380       0x50 CMakeFiles/realtime.dir/Users/tyler/.pico-sdk/sdk/2.0.0/lib/tinyusb/src/tusb.c.obj
                0x10004380                tu_edpt_claim
 .text.tu_edpt_release
                0x100043d0       0x38 CMakeFiles/realtime.dir/Users/tyler/.pico-sdk/sdk/2.0.0/lib/tinyusb/src/tusb.c.obj
                0x100043d0                tu_edpt_release
 .text.tu_edpt_validate
                0x10004408       0x7c CMakeFiles/realtime.dir/Users/tyler/.pico-sdk/sdk/2.0.0/lib/tinyusb/src/tusb.c.obj
                0x10004408                tu_edpt_validate
 .text.tu_edpt_bind_driver
                0x10004484       0x34 CMakeFiles/realtime.dir/Users/tyler/.pico-sdk/sdk/2.0.0/lib/tinyusb/src/tusb.c.obj
                0x10004484                tu_edpt_bind_driver
 .text.tu_fifo_config
                0x100044b8       0x6c CMakeFiles/realtime.dir/Users/tyler/.pico-sdk/sdk/2.0.0/lib/tinyusb/src/common/tusb_fifo.c.obj
                0x100044b8                tu_fifo_config
 .text.tu_fifo_count
                0x10004524       0x2c CMakeFiles/realtime.dir/Users/tyler/.pico-sdk/sdk/2.0.0/lib/tinyusb/src/common/tusb_fifo.c.obj
                0x10004524                tu_fifo_count
 .text.tu_fifo_empty
                0x10004550       0x10 CMakeFiles/realtime.dir/Users/tyler/.pico-sdk/sdk/2.0.0/lib/tinyusb/src/common/tusb_fifo.c.obj
                0x10004550                tu_fifo_empty
 .text.tu_fifo_remaining
                0x10004560       0x2c CMakeFiles/realtime.dir/Users/tyler/.pico-sdk/sdk/2.0.0/lib/tinyusb/src/common/tusb_fifo.c.obj
                0x10004560                tu_fifo_remaining
 .text.tu_fifo_read
                0x1000458c       0x9c CMakeFiles/realtime.dir/Users/tyler/.pico-sdk/sdk/2.0.0/lib/tinyusb/src/common/tusb_fifo.c.obj
                0x1000458c                tu_fifo_read
 .text.tu_fifo_read_n
                0x10004628       0xe8 CMakeFiles/realtime.dir/Users/tyler/.pico-sdk/sdk/2.0.0/lib/tinyusb/src/common/tusb_fifo.c.obj
                0x10004628                tu_fifo_read_n
 .text.tu_fifo_write
                0x10004710       0xa8 CMakeFiles/realtime.dir/Users/tyler/.pico-sdk/sdk/2.0.0/lib/tinyusb/src/common/tusb_fifo.c.obj
                0x10004710                tu_fifo_write
 .text.tu_fifo_write_n
                0x100047b8      0x178 CMakeFiles/realtime.dir/Users/tyler/.pico-sdk/sdk/2.0.0/lib/tinyusb/src/common/tusb_fifo.c.obj
                0x100047b8                tu_fifo_write_n
 .text.tu_fifo_clear
                0x10004930       0x40 CMakeFiles/realtime.dir/Users/tyler/.pico-sdk/sdk/2.0.0/lib/tinyusb/src/common/tusb_fifo.c.obj
                0x10004930                tu_fifo_clear
 .text.tu_fifo_set_overwritable
                0x10004970       0x48 CMakeFiles/realtime.dir/Users/tyler/.pico-sdk/sdk/2.0.0/lib/tinyusb/src/common/tusb_fifo.c.obj
                0x10004970                tu_fifo_set_overwritable
 .text.pvPortMalloc
                0x100049b8      0x124 CMakeFiles/realtime.dir/__/lib/freertos/portable/MemMang/heap_4.c.obj
                0x100049b8                pvPortMalloc
 .text.vPortYield
                0x10004adc       0x18 CMakeFiles/realtime.dir/__/lib/freertos/portable/ThirdParty/GCC/RP2040/port.c.obj
                0x10004adc                vPortYield
 .text.vPortEnterCritical
                0x10004af4       0x18 CMakeFiles/realtime.dir/__/lib/freertos/portable/ThirdParty/GCC/RP2040/port.c.obj
                0x10004af4                vPortEnterCritical
 .text.vPortExitCritical
                0x10004b0c       0x34 CMakeFiles/realtime.dir/__/lib/freertos/portable/ThirdParty/GCC/RP2040/port.c.obj
                0x10004b0c                vPortExitCritical
 .text.ulSetInterruptMaskFromISR
                0x10004b40        0x8 CMakeFiles/realtime.dir/__/lib/freertos/portable/ThirdParty/GCC/RP2040/port.c.obj
                0x10004b40                ulSetInterruptMaskFromISR
 .text.vClearInterruptMaskFromISR
                0x10004b48        0x8 CMakeFiles/realtime.dir/__/lib/freertos/portable/ThirdParty/GCC/RP2040/port.c.obj
                0x10004b48                vClearInterruptMaskFromISR
 .text.ulPortLockGetCurrentOwnerId
                0x10004b50       0x2c CMakeFiles/realtime.dir/__/lib/freertos/portable/ThirdParty/GCC/RP2040/port.c.obj
                0x10004b50                ulPortLockGetCurrentOwnerId
 .text.vPortLockInternalSpinUnlockWithNotify
                0x10004b7c       0xc8 CMakeFiles/realtime.dir/__/lib/freertos/portable/ThirdParty/GCC/RP2040/port.c.obj
                0x10004b7c                vPortLockInternalSpinUnlockWithNotify
 .text.xPortLockInternalSpinUnlockWithBestEffortWaitOrTimeout
                0x10004c44       0xfc CMakeFiles/realtime.dir/__/lib/freertos/portable/ThirdParty/GCC/RP2040/port.c.obj
                0x10004c44                xPortLockInternalSpinUnlockWithBestEffortWaitOrTimeout
 .text.startup.prvRuntimeInitializer
                0x10004d40       0x28 CMakeFiles/realtime.dir/__/lib/freertos/portable/ThirdParty/GCC/RP2040/port.c.obj
 .text.vEventGroupSetBitsCallback
                0x10004d68       0x90 CMakeFiles/realtime.dir/__/lib/freertos/event_groups.c.obj
                0x10004d68                vEventGroupSetBitsCallback
 .text.xEventGroupCreate
                0x10004df8       0x18 CMakeFiles/realtime.dir/__/lib/freertos/event_groups.c.obj
                0x10004df8                xEventGroupCreate
 .text.xEventGroupWaitBits
                0x10004e10       0xb8 CMakeFiles/realtime.dir/__/lib/freertos/event_groups.c.obj
                0x10004e10                xEventGroupWaitBits
 .text.xEventGroupSetBits
                0x10004ec8       0x9c CMakeFiles/realtime.dir/__/lib/freertos/event_groups.c.obj
                0x10004ec8                xEventGroupSetBits
 .text.xEventGroupSetBitsFromISR
                0x10004f64       0x18 CMakeFiles/realtime.dir/__/lib/freertos/event_groups.c.obj
                0x10004f64                xEventGroupSetBitsFromISR
 .text.vListInitialise
                0x10004f7c       0x18 CMakeFiles/realtime.dir/__/lib/freertos/list.c.obj
                0x10004f7c                vListInitialise
 .text.vListInsert
                0x10004f94       0x30 CMakeFiles/realtime.dir/__/lib/freertos/list.c.obj
                0x10004f94                vListInsert
 .text.uxListRemove
                0x10004fc4       0x20 CMakeFiles/realtime.dir/__/lib/freertos/list.c.obj
                0x10004fc4                uxListRemove
 .text.prvNotifyQueueSetContainer
                0x10004fe4       0x90 CMakeFiles/realtime.dir/__/lib/freertos/queue.c.obj
 .text.xQueueGenericSendFromISR
                0x10005074      0x134 CMakeFiles/realtime.dir/__/lib/freertos/queue.c.obj
                0x10005074                xQueueGenericSendFromISR
 .text.xTaskIncrementTick.part.0
                0x100051a8      0x190 CMakeFiles/realtime.dir/__/lib/freertos/tasks.c.obj
 .text.vTaskSuspendAll
                0x10005338       0x10 CMakeFiles/realtime.dir/__/lib/freertos/tasks.c.obj
                0x10005338                vTaskSuspendAll
 .text.xTaskResumeAll
                0x10005348      0x188 CMakeFiles/realtime.dir/__/lib/freertos/tasks.c.obj
                0x10005348                xTaskResumeAll
 .text.uxTaskGetNumberOfTasks
                0x100054d0        0xc CMakeFiles/realtime.dir/__/lib/freertos/tasks.c.obj
                0x100054d0                uxTaskGetNumberOfTasks
 .text.vTaskPlaceOnUnorderedEventList
                0x100054dc       0xc4 CMakeFiles/realtime.dir/__/lib/freertos/tasks.c.obj
                0x100054dc                vTaskPlaceOnUnorderedEventList
 .text.xTaskRemoveFromEventList
                0x100055a0       0xcc CMakeFiles/realtime.dir/__/lib/freertos/tasks.c.obj
                0x100055a0                xTaskRemoveFromEventList
 .text.vTaskRemoveFromUnorderedEventList
                0x1000566c       0x94 CMakeFiles/realtime.dir/__/lib/freertos/tasks.c.obj
                0x1000566c                vTaskRemoveFromUnorderedEventList
 .text.xTaskGetCurrentTaskHandle
                0x10005700        0xc CMakeFiles/realtime.dir/__/lib/freertos/tasks.c.obj
                0x10005700                xTaskGetCurrentTaskHandle
 .text.xTaskPriorityDisinherit
                0x1000570c       0x64 CMakeFiles/realtime.dir/__/lib/freertos/tasks.c.obj
                0x1000570c                xTaskPriorityDisinherit
 .text.uxTaskResetEventItemValue
                0x10005770       0x18 CMakeFiles/realtime.dir/__/lib/freertos/tasks.c.obj
                0x10005770                uxTaskResetEventItemValue
 .text.xTimerPendFunctionCallFromISR
                0x10005788       0x28 CMakeFiles/realtime.dir/__/lib/freertos/timers.c.obj
                0x10005788                xTimerPendFunctionCallFromISR
 .text.strlen   0x100057b0       0x5c /Users/tyler/.pico-sdk/toolchain/13_2_Rel1/bin/../lib/gcc/arm-none-eabi/13.2.1/../../../../arm-none-eabi/lib/thumb/v6-m/nofp/libg.a(libc_a-strlen-stub.o)
                0x100057b0                strlen
 *(.fini)
 .fini          0x1000580c        0x4 /Users/tyler/.pico-sdk/toolchain/13_2_Rel1/bin/../lib/gcc/arm-none-eabi/13.2.1/thumb/v6-m/nofp/crti.o
                0x1000580c                _fini
 .fini.__stub   0x10005810       0xc0 linker stubs
 *crtbegin.o(.ctors)
 *crtbegin?.o(.ctors)
 *(EXCLUDE_FILE(*crtend.o *crtend?.o) .ctors)
 *(SORT_BY_NAME(.ctors.*))
 *(.ctors)
 *crtbegin.o(.dtors)
 *crtbegin?.o(.dtors)
 *(EXCLUDE_FILE(*crtend.o *crtend?.o) .dtors)
 *(SORT_BY_NAME(.dtors.*))
 *(.dtors)
                0x100058d0                        . = ALIGN (0x4)
                0x100058d0                        PROVIDE (__preinit_array_start = .)
 *(SORT_BY_NAME(.preinit_array.*))
 .preinit_array.00100
                0x100058d0        0x4 CMakeFiles/realtime.dir/Users/tyler/.pico-sdk/sdk/2.0.0/src/rp2_common/pico_runtime_init/runtime_init.c.obj
                0x100058d0                __pre_init_runtime_init_early_resets
 .preinit_array.00101
                0x100058d4        0x4 CMakeFiles/realtime.dir/Users/tyler/.pico-sdk/sdk/2.0.0/src/rp2_common/pico_runtime_init/runtime_init.c.obj
                0x100058d4                __pre_init_runtime_init_usb_power_down
 .preinit_array.00275
                0x100058d8        0x4 CMakeFiles/realtime.dir/Users/tyler/.pico-sdk/sdk/2.0.0/src/rp2_common/pico_bit_ops/bit_ops_aeabi.S.obj
 .preinit_array.00300
                0x100058dc        0x4 CMakeFiles/realtime.dir/Users/tyler/.pico-sdk/sdk/2.0.0/src/rp2_common/pico_mem_ops/mem_ops_aeabi.S.obj
 .preinit_array.00350
                0x100058e0        0x4 CMakeFiles/realtime.dir/Users/tyler/.pico-sdk/sdk/2.0.0/src/rp2_common/pico_double/double_aeabi_rp2040.S.obj
 .preinit_array.00350
                0x100058e4        0x4 CMakeFiles/realtime.dir/Users/tyler/.pico-sdk/sdk/2.0.0/src/rp2_common/pico_float/float_aeabi_rp2040.S.obj
 .preinit_array.00500
                0x100058e8        0x4 CMakeFiles/realtime.dir/Users/tyler/.pico-sdk/sdk/2.0.0/src/rp2_common/pico_runtime_init/runtime_init.c.obj
                0x100058e8                __pre_init_runtime_init_clocks
 .preinit_array.00600
                0x100058ec        0x4 CMakeFiles/realtime.dir/Users/tyler/.pico-sdk/sdk/2.0.0/src/rp2_common/pico_runtime_init/runtime_init.c.obj
                0x100058ec                __pre_init_runtime_init_post_clock_resets
 .preinit_array.00700
                0x100058f0        0x4 CMakeFiles/realtime.dir/Users/tyler/.pico-sdk/sdk/2.0.0/src/rp2_common/pico_runtime_init/runtime_init.c.obj
                0x100058f0                __pre_init_runtime_init_rp2040_gpio_ie_disable
 .preinit_array.01000
                0x100058f4        0x4 CMakeFiles/realtime.dir/Users/tyler/.pico-sdk/sdk/2.0.0/src/rp2_common/pico_runtime_init/runtime_init.c.obj
                0x100058f4                __pre_init_runtime_init_spin_locks_reset
 .preinit_array.01100
                0x100058f8        0x4 CMakeFiles/realtime.dir/Users/tyler/.pico-sdk/sdk/2.0.0/src/common/pico_sync/mutex.c.obj
                0x100058f8                __pre_init_runtime_init_mutex
 .preinit_array.10080
                0x100058fc        0x4 CMakeFiles/realtime.dir/Users/tyler/.pico-sdk/sdk/2.0.0/src/rp2_common/pico_runtime_init/runtime_init.c.obj
                0x100058fc                __pre_init_runtime_init_install_ram_vector_table
 .preinit_array.11000
                0x10005900        0x4 CMakeFiles/realtime.dir/Users/tyler/.pico-sdk/sdk/2.0.0/src/common/pico_time/time.c.obj
                0x10005900                __pre_init_runtime_init_default_alarm_pool
 .preinit_array.YYYYY
                0x10005904        0x4 CMakeFiles/realtime.dir/Users/tyler/.pico-sdk/sdk/2.0.0/src/rp2_common/pico_runtime/runtime.c.obj
                0x10005904                __pre_init_first_per_core_initializer
 .preinit_array.ZZZZZ.01200
                0x10005908        0x4 CMakeFiles/realtime.dir/Users/tyler/.pico-sdk/sdk/2.0.0/src/rp2_common/hardware_irq/irq.c.obj
                0x10005908                __pre_init_runtime_init_per_core_irq_priorities
 *(.preinit_array)
                0x1000590c                        PROVIDE (__preinit_array_end = .)
                0x1000590c                        . = ALIGN (0x4)
                0x1000590c                        PROVIDE (__init_array_start = .)
 *(SORT_BY_NAME(.init_array.*))
 *(.init_array)
 .init_array    0x1000590c        0x4 /Users/tyler/.pico-sdk/toolchain/13_2_Rel1/bin/../lib/gcc/arm-none-eabi/13.2.1/thumb/v6-m/nofp/crtbegin.o
 .init_array    0x10005910        0x4 CMakeFiles/realtime.dir/Users/tyler/.pico-sdk/sdk/2.0.0/src/rp2_common/pico_unique_id/unique_id.c.obj
 .init_array    0x10005914        0x4 CMakeFiles/realtime.dir/__/lib/freertos/portable/ThirdParty/GCC/RP2040/port.c.obj
                0x10005918                        PROVIDE (__init_array_end = .)
                0x10005918                        . = ALIGN (0x4)
                [!provide]                        PROVIDE (__fini_array_start = .)
 *(SORT_BY_NAME(.fini_array.*))
 *(.fini_array)
                [!provide]                        PROVIDE (__fini_array_end = .)
 *(.eh_frame*)
 .eh_frame      0x10005918        0x0 /Users/tyler/.pico-sdk/toolchain/13_2_Rel1/bin/../lib/gcc/arm-none-eabi/13.2.1/thumb/v6-m/nofp/crtbegin.o
                0x10005918                        . = ALIGN (0x4)

.glue_7         0x10005918        0x0
 .glue_7        0x10005918        0x0 linker stubs

.glue_7t        0x10005918        0x0
 .glue_7t       0x10005918        0x0 linker stubs

.vfp11_veneer   0x10005918        0x0
 .vfp11_veneer  0x10005918        0x0 linker stubs

.v4_bx          0x10005918        0x0
 .v4_bx         0x10005918        0x0 linker stubs

.iplt           0x10005918        0x0
 .iplt          0x10005918        0x0 /Users/tyler/.pico-sdk/toolchain/13_2_Rel1/bin/../lib/gcc/arm-none-eabi/13.2.1/thumb/v6-m/nofp/crtbegin.o

.rodata         0x10005918      0x418
 *(EXCLUDE_FILE(*libm.a: *libc.a:*lib_a-mem*.o *libgcc.a:) .rodata*)
 .rodata.panic.str1.4
                0x10005918      0x160 CMakeFiles/realtime.dir/Users/tyler/.pico-sdk/sdk/2.0.0/src/rp2_common/pico_platform_panic/panic.c.obj
                                 0x12 (size before relaxing)
 .rodata.spin_lock_claim_unused.str1.4
                0x10005a78       0x1b CMakeFiles/realtime.dir/Users/tyler/.pico-sdk/sdk/2.0.0/src/rp2_common/hardware_sync/sync.c.obj
 .rodata.user_irq_claim_unused.str1.4
                0x10005a78       0x1b CMakeFiles/realtime.dir/Users/tyler/.pico-sdk/sdk/2.0.0/src/rp2_common/hardware_irq/irq.c.obj
 .rodata.timer_hardware_alarm_claim.str1.4
                0x10005a78       0x22 CMakeFiles/realtime.dir/Users/tyler/.pico-sdk/sdk/2.0.0/src/rp2_common/hardware_timer/timer.c.obj
 .rodata.hard_assertion_failure.str1.4
                0x10005a78        0xc CMakeFiles/realtime.dir/Users/tyler/.pico-sdk/sdk/2.0.0/src/rp2_common/pico_runtime/runtime.c.obj
 .rodata.missing_double_func_shim.str1.4
                0x10005a78       0x18 CMakeFiles/realtime.dir/Users/tyler/.pico-sdk/sdk/2.0.0/src/rp2_common/pico_double/double_init_rom_rp2040.c.obj
 .rodata.missing_float_func_shim.str1.4
                0x10005a78        0x1 CMakeFiles/realtime.dir/Users/tyler/.pico-sdk/sdk/2.0.0/src/rp2_common/pico_float/float_init_rom_rp2040.c.obj
 .rodata.str1.4
                0x10005a78       0x30 CMakeFiles/realtime.dir/Users/tyler/.pico-sdk/sdk/2.0.0/src/rp2_common/pico_standard_binary_info/standard_binary_info.c.obj
 .rodata.__bi_84
                0x10005a78        0xc CMakeFiles/realtime.dir/Users/tyler/.pico-sdk/sdk/2.0.0/src/rp2_common/pico_standard_binary_info/standard_binary_info.c.obj
 .rodata.__bi_60
                0x10005a84        0xc CMakeFiles/realtime.dir/Users/tyler/.pico-sdk/sdk/2.0.0/src/rp2_common/pico_standard_binary_info/standard_binary_info.c.obj
 .rodata.__bi_54
                0x10005a90        0xc CMakeFiles/realtime.dir/Users/tyler/.pico-sdk/sdk/2.0.0/src/rp2_common/pico_standard_binary_info/standard_binary_info.c.obj
 .rodata.__bi_48
                0x10005a9c        0xc CMakeFiles/realtime.dir/Users/tyler/.pico-sdk/sdk/2.0.0/src/rp2_common/pico_standard_binary_info/standard_binary_info.c.obj
 .rodata.__bi_42
                0x10005aa8        0xc CMakeFiles/realtime.dir/Users/tyler/.pico-sdk/sdk/2.0.0/src/rp2_common/pico_standard_binary_info/standard_binary_info.c.obj
 .rodata.__bi_34
                0x10005ab4        0xc CMakeFiles/realtime.dir/Users/tyler/.pico-sdk/sdk/2.0.0/src/rp2_common/pico_standard_binary_info/standard_binary_info.c.obj
 .rodata.__bi_26
                0x10005ac0        0xc CMakeFiles/realtime.dir/Users/tyler/.pico-sdk/sdk/2.0.0/src/rp2_common/pico_standard_binary_info/standard_binary_info.c.obj
 .rodata.crlf_str.0
                0x10005acc        0x2 CMakeFiles/realtime.dir/Users/tyler/.pico-sdk/sdk/2.0.0/src/rp2_common/pico_stdio/stdio.c.obj
 *fill*         0x10005ace        0x2 
 .rodata._resetd_driver
                0x10005ad0       0x20 CMakeFiles/realtime.dir/Users/tyler/.pico-sdk/sdk/2.0.0/src/rp2_common/pico_stdio_usb/reset_interface.c.obj
 .rodata.desc_ms_os_20
                0x10005af0       0xa6 CMakeFiles/realtime.dir/Users/tyler/.pico-sdk/sdk/2.0.0/src/rp2_common/pico_stdio_usb/reset_interface.c.obj
 *fill*         0x10005b96        0x2 
 .rodata.desc_bos
                0x10005b98       0x21 CMakeFiles/realtime.dir/Users/tyler/.pico-sdk/sdk/2.0.0/src/rp2_common/pico_stdio_usb/reset_interface.c.obj
                0x10005b98                desc_bos
 .rodata.str1.4
                0x10005bb9       0x13 CMakeFiles/realtime.dir/Users/tyler/.pico-sdk/sdk/2.0.0/src/rp2_common/pico_stdio_usb/stdio_usb.c.obj
 *fill*         0x10005bb9        0x3 
 .rodata.__bi_197.0
                0x10005bbc        0xc CMakeFiles/realtime.dir/Users/tyler/.pico-sdk/sdk/2.0.0/src/rp2_common/pico_stdio_usb/stdio_usb.c.obj
 .rodata.str1.4
                0x10005bc8       0x2a CMakeFiles/realtime.dir/Users/tyler/.pico-sdk/sdk/2.0.0/src/rp2_common/pico_stdio_usb/stdio_usb_descriptors.c.obj
 .rodata.usbd_desc_str
                0x10005bc8       0x18 CMakeFiles/realtime.dir/Users/tyler/.pico-sdk/sdk/2.0.0/src/rp2_common/pico_stdio_usb/stdio_usb_descriptors.c.obj
 .rodata.usbd_desc_cfg
                0x10005be0       0x54 CMakeFiles/realtime.dir/Users/tyler/.pico-sdk/sdk/2.0.0/src/rp2_common/pico_stdio_usb/stdio_usb_descriptors.c.obj
 .rodata.usbd_desc_device
                0x10005c34       0x12 CMakeFiles/realtime.dir/Users/tyler/.pico-sdk/sdk/2.0.0/src/rp2_common/pico_stdio_usb/stdio_usb_descriptors.c.obj
 .rodata.str1.4
                0x10005c46       0x14 CMakeFiles/realtime.dir/Users/tyler/.pico-sdk/sdk/2.0.0/lib/tinyusb/src/portable/raspberrypi/rp2040/dcd_rp2040.c.obj
 .rodata.str1.4
                0x10005c46       0x48 CMakeFiles/realtime.dir/Users/tyler/.pico-sdk/sdk/2.0.0/lib/tinyusb/src/portable/raspberrypi/rp2040/rp2040_usb.c.obj
 *fill*         0x10005c46        0x2 
 .rodata.tud_task_ext
                0x10005c48       0x8c CMakeFiles/realtime.dir/Users/tyler/.pico-sdk/sdk/2.0.0/lib/tinyusb/src/device/usbd.c.obj
 .rodata        0x10005cd4       0x1c CMakeFiles/realtime.dir/Users/tyler/.pico-sdk/sdk/2.0.0/lib/tinyusb/src/device/usbd.c.obj
 .rodata._usbd_driver
                0x10005cf0       0x40 CMakeFiles/realtime.dir/Users/tyler/.pico-sdk/sdk/2.0.0/lib/tinyusb/src/device/usbd.c.obj
                0x10005d30                        . = ALIGN (0x4)
 *(SORT_BY_ALIGNMENT(SORT_BY_NAME(.flashdata*)))
                0x10005d30                        . = ALIGN (0x4)

.ARM.extab
 *(.ARM.extab* .gnu.linkonce.armextab.*)
                0x10005d30                        __exidx_start = .

.ARM.exidx
 *(.ARM.exidx* .gnu.linkonce.armexidx.*)
                0x10005d30                        __exidx_end = .
                0x10005d30                        . = ALIGN (0x4)
                0x10005d30                        __binary_info_start = .

.binary_info    0x10005d30       0x20
 *(.binary_info.keep.*)
 .binary_info.keep.__bi_ptr84
                0x10005d30        0x4 CMakeFiles/realtime.dir/Users/tyler/.pico-sdk/sdk/2.0.0/src/rp2_common/pico_standard_binary_info/standard_binary_info.c.obj
 .binary_info.keep.__bi_ptr60
                0x10005d34        0x4 CMakeFiles/realtime.dir/Users/tyler/.pico-sdk/sdk/2.0.0/src/rp2_common/pico_standard_binary_info/standard_binary_info.c.obj
 .binary_info.keep.__bi_ptr54
                0x10005d38        0x4 CMakeFiles/realtime.dir/Users/tyler/.pico-sdk/sdk/2.0.0/src/rp2_common/pico_standard_binary_info/standard_binary_info.c.obj
 .binary_info.keep.__bi_ptr48
                0x10005d3c        0x4 CMakeFiles/realtime.dir/Users/tyler/.pico-sdk/sdk/2.0.0/src/rp2_common/pico_standard_binary_info/standard_binary_info.c.obj
 .binary_info.keep.__bi_ptr42
                0x10005d40        0x4 CMakeFiles/realtime.dir/Users/tyler/.pico-sdk/sdk/2.0.0/src/rp2_common/pico_standard_binary_info/standard_binary_info.c.obj
 .binary_info.keep.__bi_ptr34
                0x10005d44        0x4 CMakeFiles/realtime.dir/Users/tyler/.pico-sdk/sdk/2.0.0/src/rp2_common/pico_standard_binary_info/standard_binary_info.c.obj
 .binary_info.keep.__bi_ptr26
                0x10005d48        0x4 CMakeFiles/realtime.dir/Users/tyler/.pico-sdk/sdk/2.0.0/src/rp2_common/pico_standard_binary_info/standard_binary_info.c.obj
 *(.binary_info.*)
 .binary_info.__bi_ptr197
                0x10005d4c        0x4 CMakeFiles/realtime.dir/Users/tyler/.pico-sdk/sdk/2.0.0/src/rp2_common/pico_stdio_usb/stdio_usb.c.obj
                0x10005d50                        __binary_info_end = .

.rel.dyn        0x10005d50        0x0
 .rel.iplt      0x10005d50        0x0 /Users/tyler/.pico-sdk/toolchain/13_2_Rel1/bin/../lib/gcc/arm-none-eabi/13.2.1/thumb/v6-m/nofp/crtbegin.o
                0x10005d50                        . = ALIGN (0x4)

.ram_vector_table
                0x20000000       0xc0
 *(.ram_vector_table)
 .ram_vector_table
                0x20000000       0xc0 CMakeFiles/realtime.dir/Users/tyler/.pico-sdk/sdk/2.0.0/src/rp2_common/pico_runtime_init/runtime_init.c.obj
                0x20000000                ram_vector_table

.uninitialized_data
                0x200000c0        0x0
                0x200000c0                        . = ALIGN (0x4)
 *(.uninitialized_data*)

.data           0x200000c0      0xfa8 load address 0x10005d50
                0x200000c0                        __data_start__ = .
 *(vtable)
 *(.time_critical*)
 .time_critical.mutex_try_enter
                0x200000c0       0x40 CMakeFiles/realtime.dir/Users/tyler/.pico-sdk/sdk/2.0.0/src/common/pico_sync/mutex.c.obj
                0x200000c0                mutex_try_enter
 .time_critical.mutex_try_enter_block_until
                0x20000100       0xa0 CMakeFiles/realtime.dir/Users/tyler/.pico-sdk/sdk/2.0.0/src/common/pico_sync/mutex.c.obj
                0x20000100                mutex_try_enter_block_until
 .time_critical.mutex_enter_timeout_ms
                0x200001a0       0x78 CMakeFiles/realtime.dir/Users/tyler/.pico-sdk/sdk/2.0.0/src/common/pico_sync/mutex.c.obj
                0x200001a0                mutex_enter_timeout_ms
 .time_critical.mutex_exit
                0x20000218       0x20 CMakeFiles/realtime.dir/Users/tyler/.pico-sdk/sdk/2.0.0/src/common/pico_sync/mutex.c.obj
                0x20000218                mutex_exit
 .time_critical.flash_init_boot2_copyout
                0x20000238       0x30 CMakeFiles/realtime.dir/Users/tyler/.pico-sdk/sdk/2.0.0/src/rp2_common/hardware_flash/flash.c.obj
 .time_critical.flash_enable_xip_via_boot2
                0x20000268        0xc CMakeFiles/realtime.dir/Users/tyler/.pico-sdk/sdk/2.0.0/src/rp2_common/hardware_flash/flash.c.obj
 .time_critical.flash_cs_force
                0x20000274       0x38 CMakeFiles/realtime.dir/Users/tyler/.pico-sdk/sdk/2.0.0/src/rp2_common/hardware_flash/flash.c.obj
 .time_critical.flash_do_cmd
                0x200002ac       0xc0 CMakeFiles/realtime.dir/Users/tyler/.pico-sdk/sdk/2.0.0/src/rp2_common/hardware_flash/flash.c.obj
                0x200002ac                flash_do_cmd
 .time_critical.reset_non_control_endpoints
                0x2000036c       0x68 CMakeFiles/realtime.dir/Users/tyler/.pico-sdk/sdk/2.0.0/lib/tinyusb/src/portable/raspberrypi/rp2040/dcd_rp2040.c.obj
 .time_critical.hw_handle_buff_status
                0x200003d4       0xb0 CMakeFiles/realtime.dir/Users/tyler/.pico-sdk/sdk/2.0.0/lib/tinyusb/src/portable/raspberrypi/rp2040/dcd_rp2040.c.obj
 .time_critical.dcd_rp2040_irq
                0x20000484      0x578 CMakeFiles/realtime.dir/Users/tyler/.pico-sdk/sdk/2.0.0/lib/tinyusb/src/portable/raspberrypi/rp2040/dcd_rp2040.c.obj
 .time_critical.prepare_ep_buffer
                0x200009fc       0xe0 CMakeFiles/realtime.dir/Users/tyler/.pico-sdk/sdk/2.0.0/lib/tinyusb/src/portable/raspberrypi/rp2040/rp2040_usb.c.obj
 .time_critical.sync_ep_buffer
                0x20000adc       0xa8 CMakeFiles/realtime.dir/Users/tyler/.pico-sdk/sdk/2.0.0/lib/tinyusb/src/portable/raspberrypi/rp2040/rp2040_usb.c.obj
 .time_critical._hw_endpoint_xfer_sync
                0x20000b84       0x28 CMakeFiles/realtime.dir/Users/tyler/.pico-sdk/sdk/2.0.0/lib/tinyusb/src/portable/raspberrypi/rp2040/rp2040_usb.c.obj
 .time_critical.e15_is_bulkin_ep
                0x20000bac       0x28 CMakeFiles/realtime.dir/Users/tyler/.pico-sdk/sdk/2.0.0/lib/tinyusb/src/portable/raspberrypi/rp2040/rp2040_usb.c.obj
 .time_critical.e15_is_critical_frame_period
                0x20000bd4       0x34 CMakeFiles/realtime.dir/Users/tyler/.pico-sdk/sdk/2.0.0/lib/tinyusb/src/portable/raspberrypi/rp2040/rp2040_usb.c.obj
 .time_critical.hw_endpoint_reset_transfer
                0x20000c08        0xc CMakeFiles/realtime.dir/Users/tyler/.pico-sdk/sdk/2.0.0/lib/tinyusb/src/portable/raspberrypi/rp2040/rp2040_usb.c.obj
                0x20000c08                hw_endpoint_reset_transfer
 .time_critical._hw_endpoint_buffer_control_update32
                0x20000c14       0x50 CMakeFiles/realtime.dir/Users/tyler/.pico-sdk/sdk/2.0.0/lib/tinyusb/src/portable/raspberrypi/rp2040/rp2040_usb.c.obj
                0x20000c14                _hw_endpoint_buffer_control_update32
 .time_critical.hw_endpoint_start_next_buffer
                0x20000c64       0x6c CMakeFiles/realtime.dir/Users/tyler/.pico-sdk/sdk/2.0.0/lib/tinyusb/src/portable/raspberrypi/rp2040/rp2040_usb.c.obj
                0x20000c64                hw_endpoint_start_next_buffer
 .time_critical.hw_endpoint_xfer_continue
                0x20000cd0       0x40 CMakeFiles/realtime.dir/Users/tyler/.pico-sdk/sdk/2.0.0/lib/tinyusb/src/portable/raspberrypi/rp2040/rp2040_usb.c.obj
                0x20000cd0                hw_endpoint_xfer_continue
 .time_critical.tinyusb
                0x20000d10      0x1e4 CMakeFiles/realtime.dir/Users/tyler/.pico-sdk/sdk/2.0.0/lib/tinyusb/src/device/usbd.c.obj
                0x20000d10                dcd_event_handler
 *(.text*)
 .text          0x20000ef4        0x4 /Users/tyler/.pico-sdk/toolchain/13_2_Rel1/bin/../lib/gcc/arm-none-eabi/13.2.1/thumb/v6-m/nofp/libgcc.a(_dvmd_tls.o)
                0x20000ef4                __aeabi_ldiv0
                0x20000ef4                __aeabi_idiv0
 .text.__stub   0x20000ef8       0xa0 linker stubs
                0x20000f98                        . = ALIGN (0x4)
 *(.rodata*)
                0x20000f98                        . = ALIGN (0x4)
 *(.data*)
 .data.toggle   0x20000f98        0x4 CMakeFiles/realtime.dir/gpio.c.obj
                0x20000f98                toggle
 .data.striped_spin_lock_num
                0x20000f9c        0x1 CMakeFiles/realtime.dir/Users/tyler/.pico-sdk/sdk/2.0.0/src/rp2_common/hardware_sync/sync.c.obj
 *fill*         0x20000f9d        0x3 
 .data          0x20000fa0       0x48 CMakeFiles/realtime.dir/Users/tyler/.pico-sdk/sdk/2.0.0/src/rp2_common/hardware_irq/irq_handler_chain.S.obj
                0x20000fa0                irq_handler_chain_slots
                0x20000fd0                irq_handler_chain_first_slot
                0x20000fda                irq_handler_chain_remove_tail
 .data.default_alarm_pool
                0x20000fe8       0x18 CMakeFiles/realtime.dir/Users/tyler/.pico-sdk/sdk/2.0.0/src/common/pico_time/time.c.obj
 .data.aeabi_bits_funcs
                0x20001000       0x10 CMakeFiles/realtime.dir/Users/tyler/.pico-sdk/sdk/2.0.0/src/rp2_common/pico_bit_ops/bit_ops_aeabi.S.obj
                0x20001000                aeabi_bits_funcs
                0x20001010                aeabi_bits_funcs_end
 .data.aeabi_mem_funcs
                0x20001010       0x10 CMakeFiles/realtime.dir/Users/tyler/.pico-sdk/sdk/2.0.0/src/rp2_common/pico_mem_ops/mem_ops_aeabi.S.obj
                0x20001010                aeabi_mem_funcs
                0x20001020                aeabi_mem_funcs_end
 .data.stdio_usb
                0x20001020       0x18 CMakeFiles/realtime.dir/Users/tyler/.pico-sdk/sdk/2.0.0/src/rp2_common/pico_stdio_usb/stdio_usb.c.obj
                0x20001020                stdio_usb
 .data._usbd_qdef
                0x20001038       0x1c CMakeFiles/realtime.dir/Users/tyler/.pico-sdk/sdk/2.0.0/lib/tinyusb/src/device/usbd.c.obj
                0x20001038                _usbd_qdef
 .data._usbd_rhport
                0x20001054        0x1 CMakeFiles/realtime.dir/Users/tyler/.pico-sdk/sdk/2.0.0/lib/tinyusb/src/device/usbd.c.obj
 .data.ucPrimaryCoreNum
                0x20001055        0x1 CMakeFiles/realtime.dir/__/lib/freertos/portable/ThirdParty/GCC/RP2040/port.c.obj
                0x20001058                        . = ALIGN (0x4)
 *fill*         0x20001056        0x2 
 *(.after_data.*)
                0x20001058                        . = ALIGN (0x4)
                0x20001058                        PROVIDE (__mutex_array_start = .)
 *(SORT_BY_NAME(.mutex_array.*))
 *(.mutex_array)
 .mutex_array   0x20001058        0x8 CMakeFiles/realtime.dir/Users/tyler/.pico-sdk/sdk/2.0.0/src/rp2_common/pico_malloc/malloc.c.obj
 .mutex_array   0x20001060        0x8 CMakeFiles/realtime.dir/Users/tyler/.pico-sdk/sdk/2.0.0/src/rp2_common/pico_stdio/stdio.c.obj
                0x20001068                        PROVIDE (__mutex_array_end = .)
                0x20001068                        . = ALIGN (0x4)
 *(.jcr)
                0x20001068                        . = ALIGN (0x4)

.tm_clone_table
                0x20001068        0x0 load address 0x10006cf8
 .tm_clone_table
                0x20001068        0x0 /Users/tyler/.pico-sdk/toolchain/13_2_Rel1/bin/../lib/gcc/arm-none-eabi/13.2.1/thumb/v6-m/nofp/crtbegin.o
 .tm_clone_table
                0x20001068        0x0 /Users/tyler/.pico-sdk/toolchain/13_2_Rel1/bin/../lib/gcc/arm-none-eabi/13.2.1/thumb/v6-m/nofp/crtend.o

.igot.plt       0x20001068        0x0 load address 0x10006cf8
 .igot.plt      0x20001068        0x0 /Users/tyler/.pico-sdk/toolchain/13_2_Rel1/bin/../lib/gcc/arm-none-eabi/13.2.1/thumb/v6-m/nofp/crtbegin.o

.tdata          0x20001068        0x0 load address 0x10006cf8
                0x20001068                        . = ALIGN (0x4)
 *(.tdata .tdata.* .gnu.linkonce.td.*)
                0x20001068                        __tdata_end = .
                0x20001068                        PROVIDE (__data_end__ = .)
                0x10005d50                        __etext = LOADADDR (.data)

.tbss           0x20001068        0x0 load address 0x10006cf8
                0x20001068                        . = ALIGN (0x4)
                0x20001068                        __bss_start__ = .
                0x20001068                        __tls_base = .
 *(.tbss .tbss.* .gnu.linkonce.tb.*)
 *(.tcommon)
                0x20001068                        __tls_end = .

.bss            0x20001068    0x21388 load address 0x10006cf8
                0x20001068                        . = ALIGN (0x4)
                0x20001068                        __tbss_end = .
 *(SORT_BY_ALIGNMENT(SORT_BY_NAME(.bss*)))
 .bss._vendord_itf
                0x20001068      0x2bc CMakeFiles/realtime.dir/Users/tyler/.pico-sdk/sdk/2.0.0/lib/tinyusb/src/class/vendor/vendor_device.c.obj
 *fill*         0x20001324        0x4 
 .bss.default_alarm_pool_entries
                0x20001328      0x180 CMakeFiles/realtime.dir/Users/tyler/.pico-sdk/sdk/2.0.0/src/common/pico_time/time.c.obj
 .bss.last_avail_time.1
                0x200014a8        0x8 CMakeFiles/realtime.dir/Users/tyler/.pico-sdk/sdk/2.0.0/src/rp2_common/pico_stdio_usb/stdio_usb.c.obj
 .bss.sd_table  0x200014b0      0x100 CMakeFiles/realtime.dir/Users/tyler/.pico-sdk/sdk/2.0.0/src/rp2_common/pico_double/double_init_rom_rp2040.c.obj
                0x200014b0                sd_table
 .bss._app_driver
                0x200015b0        0x4 CMakeFiles/realtime.dir/Users/tyler/.pico-sdk/sdk/2.0.0/lib/tinyusb/src/device/usbd.c.obj
 .bss._cdcd_fifo_cfg
                0x200015b4        0x1 CMakeFiles/realtime.dir/Users/tyler/.pico-sdk/sdk/2.0.0/lib/tinyusb/src/class/cdc/cdc_device.c.obj
 *fill*         0x200015b5        0x3 
 .bss._cdcd_itf
                0x200015b8      0x2c8 CMakeFiles/realtime.dir/Users/tyler/.pico-sdk/sdk/2.0.0/lib/tinyusb/src/class/cdc/cdc_device.c.obj
 .bss._ctrl_xfer
                0x20001880       0x14 CMakeFiles/realtime.dir/Users/tyler/.pico-sdk/sdk/2.0.0/lib/tinyusb/src/device/usbd_control.c.obj
 .bss._ubsd_mutexdef
                0x20001894        0x8 CMakeFiles/realtime.dir/Users/tyler/.pico-sdk/sdk/2.0.0/lib/tinyusb/src/device/usbd.c.obj
 .bss._usbd_ctrl_buf
                0x2000189c       0x40 CMakeFiles/realtime.dir/Users/tyler/.pico-sdk/sdk/2.0.0/lib/tinyusb/src/device/usbd_control.c.obj
 .bss._usbd_dev
                0x200018dc       0x54 CMakeFiles/realtime.dir/Users/tyler/.pico-sdk/sdk/2.0.0/lib/tinyusb/src/device/usbd.c.obj
 .bss._usbd_mutex
                0x20001930        0x4 CMakeFiles/realtime.dir/Users/tyler/.pico-sdk/sdk/2.0.0/lib/tinyusb/src/device/usbd.c.obj
 .bss._usbd_q   0x20001934        0x4 CMakeFiles/realtime.dir/Users/tyler/.pico-sdk/sdk/2.0.0/lib/tinyusb/src/device/usbd.c.obj
 .bss._usbd_qdef_buf
                0x20001938       0xc0 CMakeFiles/realtime.dir/Users/tyler/.pico-sdk/sdk/2.0.0/lib/tinyusb/src/device/usbd.c.obj
                0x20001938                _usbd_qdef_buf
 .bss.boot2_copyout
                0x200019f8      0x100 CMakeFiles/realtime.dir/Users/tyler/.pico-sdk/sdk/2.0.0/src/rp2_common/hardware_flash/flash.c.obj
 .bss.callbacks
                0x20001af8        0x8 CMakeFiles/realtime.dir/Users/tyler/.pico-sdk/sdk/2.0.0/src/rp2_common/hardware_gpio/gpio.c.obj
 .bss.chars_available_callback
                0x20001b00        0x4 CMakeFiles/realtime.dir/Users/tyler/.pico-sdk/sdk/2.0.0/src/rp2_common/pico_stdio_usb/stdio_usb.c.obj
 .bss.chars_available_param
                0x20001b04        0x4 CMakeFiles/realtime.dir/Users/tyler/.pico-sdk/sdk/2.0.0/src/rp2_common/pico_stdio_usb/stdio_usb.c.obj
 .bss.claimed   0x20001b08        0x4 CMakeFiles/realtime.dir/Users/tyler/.pico-sdk/sdk/2.0.0/src/rp2_common/hardware_sync/sync.c.obj
 .bss.claimed   0x20001b0c        0x1 CMakeFiles/realtime.dir/Users/tyler/.pico-sdk/sdk/2.0.0/src/rp2_common/hardware_timer/timer.c.obj
 *fill*         0x20001b0d        0x3 
 .bss.configured_freq
                0x20001b10       0x28 CMakeFiles/realtime.dir/Users/tyler/.pico-sdk/sdk/2.0.0/src/rp2_common/hardware_clocks/clocks.c.obj
 .bss.desc_str.0
                0x20001b38       0x28 CMakeFiles/realtime.dir/Users/tyler/.pico-sdk/sdk/2.0.0/src/rp2_common/pico_stdio_usb/stdio_usb_descriptors.c.obj
 .bss.drivers   0x20001b60        0x4 CMakeFiles/realtime.dir/Users/tyler/.pico-sdk/sdk/2.0.0/src/rp2_common/pico_stdio/stdio.c.obj
 .bss.e15_last_sof
                0x20001b64        0x4 CMakeFiles/realtime.dir/Users/tyler/.pico-sdk/sdk/2.0.0/lib/tinyusb/src/portable/raspberrypi/rp2040/rp2040_usb.c.obj
                0x20001b64                e15_last_sof
 .bss.filter    0x20001b68        0x4 CMakeFiles/realtime.dir/Users/tyler/.pico-sdk/sdk/2.0.0/src/rp2_common/pico_stdio/stdio.c.obj
 .bss.hw_endpoints
                0x20001b6c      0x400 CMakeFiles/realtime.dir/Users/tyler/.pico-sdk/sdk/2.0.0/lib/tinyusb/src/portable/raspberrypi/rp2040/dcd_rp2040.c.obj
 .bss.lazy_vsnprintf
                0x20001f6c        0x4 CMakeFiles/realtime.dir/Users/tyler/.pico-sdk/sdk/2.0.0/src/rp2_common/pico_printf/printf.c.obj
 .bss.load_value
                0x20001f70        0x4 CMakeFiles/realtime.dir/Users/tyler/.pico-sdk/sdk/2.0.0/src/rp2_common/hardware_watchdog/watchdog.c.obj
 .bss.next_buffer_ptr
                0x20001f74        0x4 CMakeFiles/realtime.dir/Users/tyler/.pico-sdk/sdk/2.0.0/lib/tinyusb/src/portable/raspberrypi/rp2040/dcd_rp2040.c.obj
 .bss.object.0  0x20001f78       0x18 /Users/tyler/.pico-sdk/toolchain/13_2_Rel1/bin/../lib/gcc/arm-none-eabi/13.2.1/thumb/v6-m/nofp/crtbegin.o
 .bss.one_shot_timer_crit_sec
                0x20001f90        0x8 CMakeFiles/realtime.dir/Users/tyler/.pico-sdk/sdk/2.0.0/src/rp2_common/pico_stdio_usb/stdio_usb.c.obj
 .bss.pools     0x20001f98       0x10 CMakeFiles/realtime.dir/Users/tyler/.pico-sdk/sdk/2.0.0/src/common/pico_time/time.c.obj
 .bss.pxCrossCoreSpinLock
                0x20001fa8        0x4 CMakeFiles/realtime.dir/__/lib/freertos/portable/ThirdParty/GCC/RP2040/port.c.obj
 .bss.pxCurrentTCB
                0x20001fac        0x4 CMakeFiles/realtime.dir/__/lib/freertos/tasks.c.obj
                0x20001fac                pxCurrentTCB
 .bss.pxDelayedTaskList
                0x20001fb0        0x4 CMakeFiles/realtime.dir/__/lib/freertos/tasks.c.obj
 .bss.pxEnd     0x20001fb4        0x4 CMakeFiles/realtime.dir/__/lib/freertos/portable/MemMang/heap_4.c.obj
 .bss.pxOverflowDelayedTaskList
                0x20001fb8        0x4 CMakeFiles/realtime.dir/__/lib/freertos/tasks.c.obj
 .bss.pxReadyTasksLists
                0x20001fbc      0x280 CMakeFiles/realtime.dir/__/lib/freertos/tasks.c.obj
 .bss.pxYieldSpinLock
                0x2000223c        0x4 CMakeFiles/realtime.dir/__/lib/freertos/portable/ThirdParty/GCC/RP2040/port.c.obj
 .bss.raw_irq_mask
                0x20002240        0x8 CMakeFiles/realtime.dir/Users/tyler/.pico-sdk/sdk/2.0.0/src/rp2_common/hardware_gpio/gpio.c.obj
 .bss.retrieved_id
                0x20002248        0x8 CMakeFiles/realtime.dir/Users/tyler/.pico-sdk/sdk/2.0.0/src/rp2_common/pico_unique_id/unique_id.c.obj
 .bss.sf_clz_func
                0x20002250        0x4 CMakeFiles/realtime.dir/Users/tyler/.pico-sdk/sdk/2.0.0/src/rp2_common/pico_double/double_init_rom_rp2040.c.obj
                0x20002250                sf_clz_func
 .bss.sf_table  0x20002254      0x100 CMakeFiles/realtime.dir/Users/tyler/.pico-sdk/sdk/2.0.0/src/rp2_common/pico_float/float_init_rom_rp2040.c.obj
                0x20002254                sf_table
 .bss.sleep_notifier
                0x20002354        0x4 CMakeFiles/realtime.dir/Users/tyler/.pico-sdk/sdk/2.0.0/src/common/pico_time/time.c.obj
 .bss.stdio_usb_mutex
                0x20002358        0x8 CMakeFiles/realtime.dir/Users/tyler/.pico-sdk/sdk/2.0.0/src/rp2_common/pico_stdio_usb/stdio_usb.c.obj
 .bss.ucHeap    0x20002360    0x20000 CMakeFiles/realtime.dir/__/lib/freertos/portable/MemMang/heap_4.c.obj
 .bss.ulYieldSpinLockSaveValue
                0x20022360        0x4 CMakeFiles/realtime.dir/__/lib/freertos/portable/ThirdParty/GCC/RP2040/port.c.obj
 .bss.usbd_serial_str
                0x20022364       0x11 CMakeFiles/realtime.dir/Users/tyler/.pico-sdk/sdk/2.0.0/src/rp2_common/pico_stdio_usb/stdio_usb_descriptors.c.obj
 *fill*         0x20022375        0x3 
 .bss.uxCriticalNesting
                0x20022378        0x4 CMakeFiles/realtime.dir/__/lib/freertos/portable/ThirdParty/GCC/RP2040/port.c.obj
 .bss.uxCrossCoreEventBits
                0x2002237c        0x4 CMakeFiles/realtime.dir/__/lib/freertos/portable/ThirdParty/GCC/RP2040/port.c.obj
 .bss.uxCurrentNumberOfTasks
                0x20022380        0x4 CMakeFiles/realtime.dir/__/lib/freertos/tasks.c.obj
 .bss.uxSchedulerSuspended
                0x20022384        0x4 CMakeFiles/realtime.dir/__/lib/freertos/tasks.c.obj
 .bss.uxTopReadyPriority
                0x20022388        0x4 CMakeFiles/realtime.dir/__/lib/freertos/tasks.c.obj
 .bss.xEventGroup
                0x2002238c        0x4 CMakeFiles/realtime.dir/__/lib/freertos/portable/ThirdParty/GCC/RP2040/port.c.obj
 .bss.xFreeBytesRemaining
                0x20022390        0x4 CMakeFiles/realtime.dir/__/lib/freertos/portable/MemMang/heap_4.c.obj
 .bss.xMinimumEverFreeBytesRemaining
                0x20022394        0x4 CMakeFiles/realtime.dir/__/lib/freertos/portable/MemMang/heap_4.c.obj
 .bss.xNextTaskUnblockTime
                0x20022398        0x4 CMakeFiles/realtime.dir/__/lib/freertos/tasks.c.obj
 .bss.xNumOfOverflows
                0x2002239c        0x4 CMakeFiles/realtime.dir/__/lib/freertos/tasks.c.obj
 .bss.xNumberOfSuccessfulAllocations
                0x200223a0        0x4 CMakeFiles/realtime.dir/__/lib/freertos/portable/MemMang/heap_4.c.obj
 .bss.xPendedTicks
                0x200223a4        0x4 CMakeFiles/realtime.dir/__/lib/freertos/tasks.c.obj
 .bss.xPendingReadyList
                0x200223a8       0x14 CMakeFiles/realtime.dir/__/lib/freertos/tasks.c.obj
 .bss.xStart    0x200223bc        0x8 CMakeFiles/realtime.dir/__/lib/freertos/portable/MemMang/heap_4.c.obj
 .bss.xSuspendedTaskList
                0x200223c4       0x14 CMakeFiles/realtime.dir/__/lib/freertos/tasks.c.obj
 .bss.xTickCount
                0x200223d8        0x4 CMakeFiles/realtime.dir/__/lib/freertos/tasks.c.obj
 .bss.xTimerQueue
                0x200223dc        0x4 CMakeFiles/realtime.dir/__/lib/freertos/timers.c.obj
 .bss.xYieldPendings
                0x200223e0        0x4 CMakeFiles/realtime.dir/__/lib/freertos/tasks.c.obj
 .bss._app_driver_count
                0x200223e4        0x1 CMakeFiles/realtime.dir/Users/tyler/.pico-sdk/sdk/2.0.0/lib/tinyusb/src/device/usbd.c.obj
 .bss._sof_enable
                0x200223e5        0x1 CMakeFiles/realtime.dir/Users/tyler/.pico-sdk/sdk/2.0.0/lib/tinyusb/src/portable/raspberrypi/rp2040/dcd_rp2040.c.obj
 .bss._usbd_queued_setup
                0x200223e6        0x1 CMakeFiles/realtime.dir/Users/tyler/.pico-sdk/sdk/2.0.0/lib/tinyusb/src/device/usbd.c.obj
 .bss.boot2_copyout_valid
                0x200223e7        0x1 CMakeFiles/realtime.dir/Users/tyler/.pico-sdk/sdk/2.0.0/src/rp2_common/hardware_flash/flash.c.obj
 .bss.irq_handler_chain_free_slot_head
                0x200223e8        0x1 CMakeFiles/realtime.dir/Users/tyler/.pico-sdk/sdk/2.0.0/src/rp2_common/hardware_irq/irq.c.obj
 .bss.itf_num   0x200223e9        0x1 CMakeFiles/realtime.dir/Users/tyler/.pico-sdk/sdk/2.0.0/src/rp2_common/pico_stdio_usb/reset_interface.c.obj
 .bss.low_priority_irq_num
                0x200223ea        0x1 CMakeFiles/realtime.dir/Users/tyler/.pico-sdk/sdk/2.0.0/src/rp2_common/pico_stdio_usb/stdio_usb.c.obj
 .bss.one_shot_timer_pending
                0x200223eb        0x1 CMakeFiles/realtime.dir/Users/tyler/.pico-sdk/sdk/2.0.0/src/rp2_common/pico_stdio_usb/stdio_usb.c.obj
 .bss.user_irq_claimed
                0x200223ec        0x1 CMakeFiles/realtime.dir/Users/tyler/.pico-sdk/sdk/2.0.0/src/rp2_common/hardware_irq/irq.c.obj
 *(COMMON)
                0x200223f0                        . = ALIGN (0x4)
 *fill*         0x200223ed        0x3 
                0x200223f0                        __bss_end__ = .

.heap           0x200223f0    0x1dc10 load address 0x10006cf8
                0x200223f0                        __end__ = .
                0x200223f0                        end = __end__
 *(.heap*)
 .heap          0x200223f0      0x800 CMakeFiles/realtime.dir/Users/tyler/.pico-sdk/sdk/2.0.0/src/rp2_common/pico_crt0/crt0.S.obj
                0x20040000                        . = (ORIGIN (RAM) + LENGTH (RAM))
 *fill*         0x20022bf0    0x1d410 
                0x20040000                        __HeapLimit = .

.scratch_x      0x20040000        0x0 load address 0x10006cf8
                0x20040000                        __scratch_x_start__ = .
 *(.scratch_x.*)
                0x20040000                        . = ALIGN (0x4)
                0x20040000                        __scratch_x_end__ = .
                0x10006cf8                        __scratch_x_source__ = LOADADDR (.scratch_x)

.scratch_y      0x20041000        0x0 load address 0x10006cf8
                0x20041000                        __scratch_y_start__ = .
 *(.scratch_y.*)
                0x20041000                        . = ALIGN (0x4)
                0x20041000                        __scratch_y_end__ = .
                0x10006cf8                        __scratch_y_source__ = LOADADDR (.scratch_y)

.stack1_dummy   0x20040000      0x800
 *(.stack1*)
 .stack1        0x20040000      0x800 CMakeFiles/realtime.dir/Users/tyler/.pico-sdk/sdk/2.0.0/src/rp2_common/pico_multicore/multicore.c.obj

.stack_dummy    0x20041000      0x800
 *(.stack*)
 .stack         0x20041000      0x800 CMakeFiles/realtime.dir/Users/tyler/.pico-sdk/sdk/2.0.0/src/rp2_common/pico_crt0/crt0.S.obj

.flash_end      0x10006cf8        0x0
 *(.embedded_end_block*)
                0x10006cf8                        PROVIDE (__flash_binary_end = .)
                0x20040000                        __StackLimit = (ORIGIN (RAM) + LENGTH (RAM))
                0x20041000                        __StackOneTop = (ORIGIN (SCRATCH_X) + LENGTH (SCRATCH_X))
                0x20042000                        __StackTop = (ORIGIN (SCRATCH_Y) + LENGTH (SCRATCH_Y))
                0x20040800                        __StackOneBottom = (__StackOneTop - SIZEOF (.stack1_dummy))
                0x20041800                        __StackBottom = (__StackTop - SIZEOF (.stack_dummy))
                0x20042000                        PROVIDE (__stack = __StackTop)
                [!provide]                        PROVIDE (__heap_start = __end__)
                [!provide]                        PROVIDE (__heap_end = __HeapLimit)
                [!provide]                        PROVIDE (__tls_align = MAX (ALIGNOF (.tdata), ALIGNOF (.tbss)))
                [!provide]                        PROVIDE (__tls_size_align = (((__tls_size + __tls_align) - 0x1) & ~ ((__tls_align - 0x1))))
                [!provide]                        PROVIDE (__arm32_tls_tcb_offset = MAX (0x8, __tls_align))
                [!provide]                        PROVIDE (_end = __end__)
                [!provide]                        PROVIDE (__llvm_libc_heap_limit = __HeapLimit)
                0x00000001                        ASSERT ((__StackLimit >= __HeapLimit), region RAM overflowed)
                0x00000001                        ASSERT (((__binary_info_header_end - __logical_binary_start) <= 0x100), Binary info must be in first 256 bytes of the binary)
LOAD CMakeFiles/realtime.dir/gpio.c.obj
LOAD CMakeFiles/realtime.dir/Users/tyler/.pico-sdk/sdk/2.0.0/src/rp2_common/pico_stdlib/stdlib.c.obj
LOAD CMakeFiles/realtime.dir/Users/tyler/.pico-sdk/sdk/2.0.0/src/rp2_common/hardware_gpio/gpio.c.obj
LOAD CMakeFiles/realtime.dir/Users/tyler/.pico-sdk/sdk/2.0.0/src/rp2040/pico_platform/platform.c.obj
LOAD CMakeFiles/realtime.dir/Users/tyler/.pico-sdk/sdk/2.0.0/src/rp2_common/pico_platform_panic/panic.c.obj
LOAD CMakeFiles/realtime.dir/Users/tyler/.pico-sdk/sdk/2.0.0/src/common/hardware_claim/claim.c.obj
LOAD CMakeFiles/realtime.dir/Users/tyler/.pico-sdk/sdk/2.0.0/src/rp2_common/hardware_sync/sync.c.obj
LOAD CMakeFiles/realtime.dir/Users/tyler/.pico-sdk/sdk/2.0.0/src/rp2_common/hardware_sync_spin_lock/sync_spin_lock.c.obj
LOAD CMakeFiles/realtime.dir/Users/tyler/.pico-sdk/sdk/2.0.0/src/rp2_common/hardware_irq/irq.c.obj
LOAD CMakeFiles/realtime.dir/Users/tyler/.pico-sdk/sdk/2.0.0/src/rp2_common/hardware_irq/irq_handler_chain.S.obj
LOAD CMakeFiles/realtime.dir/Users/tyler/.pico-sdk/sdk/2.0.0/src/common/pico_sync/sem.c.obj
LOAD CMakeFiles/realtime.dir/Users/tyler/.pico-sdk/sdk/2.0.0/src/common/pico_sync/lock_core.c.obj
LOAD CMakeFiles/realtime.dir/Users/tyler/.pico-sdk/sdk/2.0.0/src/common/pico_sync/mutex.c.obj
LOAD CMakeFiles/realtime.dir/Users/tyler/.pico-sdk/sdk/2.0.0/src/common/pico_sync/critical_section.c.obj
LOAD CMakeFiles/realtime.dir/Users/tyler/.pico-sdk/sdk/2.0.0/src/common/pico_time/time.c.obj
LOAD CMakeFiles/realtime.dir/Users/tyler/.pico-sdk/sdk/2.0.0/src/common/pico_time/timeout_helper.c.obj
LOAD CMakeFiles/realtime.dir/Users/tyler/.pico-sdk/sdk/2.0.0/src/rp2_common/hardware_timer/timer.c.obj
LOAD CMakeFiles/realtime.dir/Users/tyler/.pico-sdk/sdk/2.0.0/src/common/pico_util/datetime.c.obj
LOAD CMakeFiles/realtime.dir/Users/tyler/.pico-sdk/sdk/2.0.0/src/common/pico_util/pheap.c.obj
LOAD CMakeFiles/realtime.dir/Users/tyler/.pico-sdk/sdk/2.0.0/src/common/pico_util/queue.c.obj
LOAD CMakeFiles/realtime.dir/Users/tyler/.pico-sdk/sdk/2.0.0/src/rp2_common/hardware_uart/uart.c.obj
LOAD CMakeFiles/realtime.dir/Users/tyler/.pico-sdk/sdk/2.0.0/src/rp2_common/hardware_clocks/clocks.c.obj
LOAD CMakeFiles/realtime.dir/Users/tyler/.pico-sdk/sdk/2.0.0/src/rp2_common/hardware_pll/pll.c.obj
LOAD CMakeFiles/realtime.dir/Users/tyler/.pico-sdk/sdk/2.0.0/src/rp2_common/hardware_vreg/vreg.c.obj
LOAD CMakeFiles/realtime.dir/Users/tyler/.pico-sdk/sdk/2.0.0/src/rp2_common/hardware_watchdog/watchdog.c.obj
LOAD CMakeFiles/realtime.dir/Users/tyler/.pico-sdk/sdk/2.0.0/src/rp2_common/hardware_ticks/ticks.c.obj
LOAD CMakeFiles/realtime.dir/Users/tyler/.pico-sdk/sdk/2.0.0/src/rp2_common/hardware_xosc/xosc.c.obj
LOAD CMakeFiles/realtime.dir/Users/tyler/.pico-sdk/sdk/2.0.0/src/rp2_common/hardware_divider/divider.S.obj
LOAD CMakeFiles/realtime.dir/Users/tyler/.pico-sdk/sdk/2.0.0/src/rp2_common/pico_runtime/runtime.c.obj
LOAD CMakeFiles/realtime.dir/Users/tyler/.pico-sdk/sdk/2.0.0/src/rp2_common/pico_runtime_init/runtime_init.c.obj
LOAD CMakeFiles/realtime.dir/Users/tyler/.pico-sdk/sdk/2.0.0/src/rp2_common/pico_runtime_init/runtime_init_clocks.c.obj
LOAD CMakeFiles/realtime.dir/Users/tyler/.pico-sdk/sdk/2.0.0/src/rp2_common/pico_runtime_init/runtime_init_stack_guard.c.obj
LOAD CMakeFiles/realtime.dir/Users/tyler/.pico-sdk/sdk/2.0.0/src/rp2_common/pico_bit_ops/bit_ops_aeabi.S.obj
LOAD CMakeFiles/realtime.dir/Users/tyler/.pico-sdk/sdk/2.0.0/src/rp2_common/pico_bootrom/bootrom.c.obj
LOAD CMakeFiles/realtime.dir/Users/tyler/.pico-sdk/sdk/2.0.0/src/rp2_common/pico_bootrom/bootrom_lock.c.obj
LOAD CMakeFiles/realtime.dir/Users/tyler/.pico-sdk/sdk/2.0.0/src/rp2_common/hardware_boot_lock/boot_lock.c.obj
LOAD CMakeFiles/realtime.dir/Users/tyler/.pico-sdk/sdk/2.0.0/src/rp2_common/pico_divider/divider_hardware.S.obj
LOAD CMakeFiles/realtime.dir/Users/tyler/.pico-sdk/sdk/2.0.0/src/rp2_common/pico_double/double_aeabi_rp2040.S.obj
LOAD CMakeFiles/realtime.dir/Users/tyler/.pico-sdk/sdk/2.0.0/src/rp2_common/pico_double/double_init_rom_rp2040.c.obj
LOAD CMakeFiles/realtime.dir/Users/tyler/.pico-sdk/sdk/2.0.0/src/rp2_common/pico_double/double_math.c.obj
LOAD CMakeFiles/realtime.dir/Users/tyler/.pico-sdk/sdk/2.0.0/src/rp2_common/pico_double/double_v1_rom_shim_rp2040.S.obj
LOAD CMakeFiles/realtime.dir/Users/tyler/.pico-sdk/sdk/2.0.0/src/rp2_common/pico_int64_ops/pico_int64_ops_aeabi.S.obj
LOAD CMakeFiles/realtime.dir/Users/tyler/.pico-sdk/sdk/2.0.0/src/rp2_common/pico_float/float_aeabi_rp2040.S.obj
LOAD CMakeFiles/realtime.dir/Users/tyler/.pico-sdk/sdk/2.0.0/src/rp2_common/pico_float/float_init_rom_rp2040.c.obj
LOAD CMakeFiles/realtime.dir/Users/tyler/.pico-sdk/sdk/2.0.0/src/rp2_common/pico_float/float_math.c.obj
LOAD CMakeFiles/realtime.dir/Users/tyler/.pico-sdk/sdk/2.0.0/src/rp2_common/pico_float/float_v1_rom_shim_rp2040.S.obj
LOAD CMakeFiles/realtime.dir/Users/tyler/.pico-sdk/sdk/2.0.0/src/rp2_common/pico_malloc/malloc.c.obj
LOAD CMakeFiles/realtime.dir/Users/tyler/.pico-sdk/sdk/2.0.0/src/rp2_common/pico_mem_ops/mem_ops_aeabi.S.obj
LOAD CMakeFiles/realtime.dir/Users/tyler/.pico-sdk/sdk/2.0.0/src/rp2_common/pico_atomic/atomic.c.obj
LOAD CMakeFiles/realtime.dir/Users/tyler/.pico-sdk/sdk/2.0.0/src/rp2_common/pico_cxx_options/new_delete.cpp.obj
LOAD CMakeFiles/realtime.dir/Users/tyler/.pico-sdk/sdk/2.0.0/src/rp2_common/pico_standard_binary_info/standard_binary_info.c.obj
LOAD CMakeFiles/realtime.dir/Users/tyler/.pico-sdk/sdk/2.0.0/src/rp2_common/pico_printf/printf.c.obj
LOAD CMakeFiles/realtime.dir/Users/tyler/.pico-sdk/sdk/2.0.0/src/rp2_common/pico_crt0/crt0.S.obj
LOAD CMakeFiles/realtime.dir/Users/tyler/.pico-sdk/sdk/2.0.0/src/rp2_common/pico_clib_interface/newlib_interface.c.obj
LOAD CMakeFiles/realtime.dir/Users/tyler/.pico-sdk/sdk/2.0.0/src/rp2_common/pico_stdio/stdio.c.obj
LOAD CMakeFiles/realtime.dir/Users/tyler/.pico-sdk/sdk/2.0.0/src/rp2_common/pico_stdio_usb/reset_interface.c.obj
LOAD CMakeFiles/realtime.dir/Users/tyler/.pico-sdk/sdk/2.0.0/src/rp2_common/pico_stdio_usb/stdio_usb.c.obj
LOAD CMakeFiles/realtime.dir/Users/tyler/.pico-sdk/sdk/2.0.0/src/rp2_common/pico_stdio_usb/stdio_usb_descriptors.c.obj